Archive member included to satisfy reference by file (symbol)

C:/ST/STM32CubeIDE_1.13.1/STM32CubeIDE/plugins/com.st.stm32cube.ide.mcu.externaltools.gnu-tools-for-stm32.11.3.rel1.win32_1.1.100.202309141235/tools/bin/../lib/gcc/arm-none-eabi/11.3.1/../../../../arm-none-eabi/lib/thumb/v7e-m+fp/hard\libc_nano.a(libc_a-atof.o)
                              ./Core/Src/interpreter.o (atof)
C:/ST/STM32CubeIDE_1.13.1/STM32CubeIDE/plugins/com.st.stm32cube.ide.mcu.externaltools.gnu-tools-for-stm32.11.3.rel1.win32_1.1.100.202309141235/tools/bin/../lib/gcc/arm-none-eabi/11.3.1/../../../../arm-none-eabi/lib/thumb/v7e-m+fp/hard\libc_nano.a(libc_a-atoi.o)
                              ./Core/Src/interpreter.o (atoi)
C:/ST/STM32CubeIDE_1.13.1/STM32CubeIDE/plugins/com.st.stm32cube.ide.mcu.externaltools.gnu-tools-for-stm32.11.3.rel1.win32_1.1.100.202309141235/tools/bin/../lib/gcc/arm-none-eabi/11.3.1/../../../../arm-none-eabi/lib/thumb/v7e-m+fp/hard\libc_nano.a(libc_a-exit.o)
                              C:/ST/STM32CubeIDE_1.13.1/STM32CubeIDE/plugins/com.st.stm32cube.ide.mcu.externaltools.gnu-tools-for-stm32.11.3.rel1.win32_1.1.100.202309141235/tools/bin/../lib/gcc/arm-none-eabi/11.3.1/../../../../arm-none-eabi/lib/thumb/v7e-m+fp/hard/crt0.o (exit)
C:/ST/STM32CubeIDE_1.13.1/STM32CubeIDE/plugins/com.st.stm32cube.ide.mcu.externaltools.gnu-tools-for-stm32.11.3.rel1.win32_1.1.100.202309141235/tools/bin/../lib/gcc/arm-none-eabi/11.3.1/../../../../arm-none-eabi/lib/thumb/v7e-m+fp/hard\libc_nano.a(libc_a-strtod.o)
                              C:/ST/STM32CubeIDE_1.13.1/STM32CubeIDE/plugins/com.st.stm32cube.ide.mcu.externaltools.gnu-tools-for-stm32.11.3.rel1.win32_1.1.100.202309141235/tools/bin/../lib/gcc/arm-none-eabi/11.3.1/../../../../arm-none-eabi/lib/thumb/v7e-m+fp/hard\libc_nano.a(libc_a-atof.o) (strtod)
C:/ST/STM32CubeIDE_1.13.1/STM32CubeIDE/plugins/com.st.stm32cube.ide.mcu.externaltools.gnu-tools-for-stm32.11.3.rel1.win32_1.1.100.202309141235/tools/bin/../lib/gcc/arm-none-eabi/11.3.1/../../../../arm-none-eabi/lib/thumb/v7e-m+fp/hard\libc_nano.a(libc_a-strtol.o)
                              C:/ST/STM32CubeIDE_1.13.1/STM32CubeIDE/plugins/com.st.stm32cube.ide.mcu.externaltools.gnu-tools-for-stm32.11.3.rel1.win32_1.1.100.202309141235/tools/bin/../lib/gcc/arm-none-eabi/11.3.1/../../../../arm-none-eabi/lib/thumb/v7e-m+fp/hard\libc_nano.a(libc_a-atoi.o) (_strtol_r)
C:/ST/STM32CubeIDE_1.13.1/STM32CubeIDE/plugins/com.st.stm32cube.ide.mcu.externaltools.gnu-tools-for-stm32.11.3.rel1.win32_1.1.100.202309141235/tools/bin/../lib/gcc/arm-none-eabi/11.3.1/../../../../arm-none-eabi/lib/thumb/v7e-m+fp/hard\libc_nano.a(libc_a-ctype_.o)
                              C:/ST/STM32CubeIDE_1.13.1/STM32CubeIDE/plugins/com.st.stm32cube.ide.mcu.externaltools.gnu-tools-for-stm32.11.3.rel1.win32_1.1.100.202309141235/tools/bin/../lib/gcc/arm-none-eabi/11.3.1/../../../../arm-none-eabi/lib/thumb/v7e-m+fp/hard\libc_nano.a(libc_a-strtol.o) (_ctype_)
C:/ST/STM32CubeIDE_1.13.1/STM32CubeIDE/plugins/com.st.stm32cube.ide.mcu.externaltools.gnu-tools-for-stm32.11.3.rel1.win32_1.1.100.202309141235/tools/bin/../lib/gcc/arm-none-eabi/11.3.1/../../../../arm-none-eabi/lib/thumb/v7e-m+fp/hard\libc_nano.a(libc_a-findfp.o)
                              C:/ST/STM32CubeIDE_1.13.1/STM32CubeIDE/plugins/com.st.stm32cube.ide.mcu.externaltools.gnu-tools-for-stm32.11.3.rel1.win32_1.1.100.202309141235/tools/bin/../lib/gcc/arm-none-eabi/11.3.1/../../../../arm-none-eabi/lib/thumb/v7e-m+fp/hard\libc_nano.a(libc_a-exit.o) (__stdio_exit_handler)
C:/ST/STM32CubeIDE_1.13.1/STM32CubeIDE/plugins/com.st.stm32cube.ide.mcu.externaltools.gnu-tools-for-stm32.11.3.rel1.win32_1.1.100.202309141235/tools/bin/../lib/gcc/arm-none-eabi/11.3.1/../../../../arm-none-eabi/lib/thumb/v7e-m+fp/hard\libc_nano.a(libc_a-fwalk.o)
                              C:/ST/STM32CubeIDE_1.13.1/STM32CubeIDE/plugins/com.st.stm32cube.ide.mcu.externaltools.gnu-tools-for-stm32.11.3.rel1.win32_1.1.100.202309141235/tools/bin/../lib/gcc/arm-none-eabi/11.3.1/../../../../arm-none-eabi/lib/thumb/v7e-m+fp/hard\libc_nano.a(libc_a-findfp.o) (_fwalk_sglue)
C:/ST/STM32CubeIDE_1.13.1/STM32CubeIDE/plugins/com.st.stm32cube.ide.mcu.externaltools.gnu-tools-for-stm32.11.3.rel1.win32_1.1.100.202309141235/tools/bin/../lib/gcc/arm-none-eabi/11.3.1/../../../../arm-none-eabi/lib/thumb/v7e-m+fp/hard\libc_nano.a(libc_a-printf.o)
                              ./Core/Src/interpreter.o (printf)
C:/ST/STM32CubeIDE_1.13.1/STM32CubeIDE/plugins/com.st.stm32cube.ide.mcu.externaltools.gnu-tools-for-stm32.11.3.rel1.win32_1.1.100.202309141235/tools/bin/../lib/gcc/arm-none-eabi/11.3.1/../../../../arm-none-eabi/lib/thumb/v7e-m+fp/hard\libc_nano.a(libc_a-stdio.o)
                              C:/ST/STM32CubeIDE_1.13.1/STM32CubeIDE/plugins/com.st.stm32cube.ide.mcu.externaltools.gnu-tools-for-stm32.11.3.rel1.win32_1.1.100.202309141235/tools/bin/../lib/gcc/arm-none-eabi/11.3.1/../../../../arm-none-eabi/lib/thumb/v7e-m+fp/hard\libc_nano.a(libc_a-findfp.o) (__sread)
[...]
Memory Configuration

Name             Origin             Length             Attributes
RAM              0x0000000020000000 0x0000000000018000 xrw
RAM2             0x0000000010000000 0x0000000000008000 xrw
FLASH            0x0000000008000000 0x0000000000100000 xr
*default*        0x0000000000000000 0xffffffffffffffff

Linker script and memory map

LOAD C:/ST/STM32CubeIDE_1.13.1/STM32CubeIDE/plugins/com.st.stm32cube.ide.mcu.externaltools.gnu-tools-for-stm32.11.3.rel1.win32_1.1.100.202309141235/tools/bin/../lib/gcc/arm-none-eabi/11.3.1/thumb/v7e-m+fp/hard/crti.o
LOAD C:/ST/STM32CubeIDE_1.13.1/STM32CubeIDE/plugins/com.st.stm32cube.ide.mcu.externaltools.gnu-tools-for-stm32.11.3.rel1.win32_1.1.100.202309141235/tools/bin/../lib/gcc/arm-none-eabi/11.3.1/thumb/v7e-m+fp/hard/crtbegin.o
LOAD C:/ST/STM32CubeIDE_1.13.1/STM32CubeIDE/plugins/com.st.stm32cube.ide.mcu.externaltools.gnu-tools-for-stm32.11.3.rel1.win32_1.1.100.202309141235/tools/bin/../lib/gcc/arm-none-eabi/11.3.1/../../../../arm-none-eabi/lib/thumb/v7e-m+fp/hard/crt0.o
LOAD ./Core/Src/Movement.o
LOAD ./Core/Src/freertos.o
LOAD ./Core/Src/interpreter.o
LOAD ./Core/Src/main.o
LOAD ./Core/Src/sdcard.o
LOAD ./Core/Src/stm32l4xx_hal_msp.o
LOAD ./Core/Src/stm32l4xx_hal_timebase_tim.o
LOAD ./Core/Src/stm32l4xx_it.o
LOAD ./Core/Src/syscalls.o
LOAD ./Core/Src/sysmem.o
LOAD ./Core/Src/system_stm32l4xx.o
LOAD ./Core/Startup/startup_stm32l476rgtx.o
LOAD ./Drivers/STM32L4xx_HAL_Driver/Src/stm32l4xx_hal.o
LOAD ./Drivers/STM32L4xx_HAL_Driver/Src/stm32l4xx_hal_cortex.o
LOAD ./Drivers/STM32L4xx_HAL_Driver/Src/stm32l4xx_hal_dma.o
LOAD ./Drivers/STM32L4xx_HAL_Driver/Src/stm32l4xx_hal_dma_ex.o
LOAD ./Drivers/STM32L4xx_HAL_Driver/Src/stm32l4xx_hal_exti.o
LOAD ./Drivers/STM32L4xx_HAL_Driver/Src/stm32l4xx_hal_flash.o
LOAD ./Drivers/STM32L4xx_HAL_Driver/Src/stm32l4xx_hal_flash_ex.o
LOAD ./Drivers/STM32L4xx_HAL_Driver/Src/stm32l4xx_hal_flash_ramfunc.o
LOAD ./Drivers/STM32L4xx_HAL_Driver/Src/stm32l4xx_hal_gpio.o
LOAD ./Drivers/STM32L4xx_HAL_Driver/Src/stm32l4xx_hal_i2c.o
LOAD ./Drivers/STM32L4xx_HAL_Driver/Src/stm32l4xx_hal_i2c_ex.o
LOAD ./Drivers/STM32L4xx_HAL_Driver/Src/stm32l4xx_hal_pwr.o
LOAD ./Drivers/STM32L4xx_HAL_Driver/Src/stm32l4xx_hal_pwr_ex.o
LOAD ./Drivers/STM32L4xx_HAL_Driver/Src/stm32l4xx_hal_rcc.o
LOAD ./Drivers/STM32L4xx_HAL_Driver/Src/stm32l4xx_hal_rcc_ex.o
LOAD ./Drivers/STM32L4xx_HAL_Driver/Src/stm32l4xx_hal_spi.o
LOAD ./Drivers/STM32L4xx_HAL_Driver/Src/stm32l4xx_hal_spi_ex.o
LOAD ./Drivers/STM32L4xx_HAL_Driver/Src/stm32l4xx_hal_tim.o
LOAD ./Drivers/STM32L4xx_HAL_Driver/Src/stm32l4xx_hal_tim_ex.o
LOAD ./Drivers/STM32L4xx_HAL_Driver/Src/stm32l4xx_hal_uart.o
LOAD ./Drivers/STM32L4xx_HAL_Driver/Src/stm32l4xx_hal_uart_ex.o
LOAD ./FATFS/App/fatfs.o
LOAD ./FATFS/Target/user_diskio.o
LOAD ./FATFS/Target/user_diskio_spi.o
LOAD ./Middlewares/Third_Party/FatFs/src/diskio.o
LOAD ./Middlewares/Third_Party/FatFs/src/ff.o
LOAD ./Middlewares/Third_Party/FatFs/src/ff_gen_drv.o
LOAD ./Middlewares/Third_Party/FatFs/src/option/syscall.o
LOAD ./Middlewares/Third_Party/FreeRTOS/Source/CMSIS_RTOS_V2/cmsis_os2.o
LOAD ./Middlewares/Third_Party/FreeRTOS/Source/croutine.o
LOAD ./Middlewares/Third_Party/FreeRTOS/Source/event_groups.o
LOAD ./Middlewares/Third_Party/FreeRTOS/Source/list.o
LOAD ./Middlewares/Third_Party/FreeRTOS/Source/queue.o
LOAD ./Middlewares/Third_Party/FreeRTOS/Source/stream_buffer.o
LOAD ./Middlewares/Third_Party/FreeRTOS/Source/tasks.o
LOAD ./Middlewares/Third_Party/FreeRTOS/Source/timers.o
LOAD ./Middlewares/Third_Party/FreeRTOS/Source/portable/GCC/ARM_CM4F/port.o
LOAD ./Middlewares/Third_Party/FreeRTOS/Source/portable/MemMang/heap_4.o
START GROUP
LOAD C:/ST/STM32CubeIDE_1.13.1/STM32CubeIDE/plugins/com.st.stm32cube.ide.mcu.externaltools.gnu-tools-for-stm32.11.3.rel1.win32_1.1.100.202309141235/tools/bin/../lib/gcc/arm-none-eabi/11.3.1/../../../../arm-none-eabi/lib/thumb/v7e-m+fp/hard\libc_nano.a
LOAD C:/ST/STM32CubeIDE_1.13.1/STM32CubeIDE/plugins/com.st.stm32cube.ide.mcu.externaltools.gnu-tools-for-stm32.11.3.rel1.win32_1.1.100.202309141235/tools/bin/../lib/gcc/arm-none-eabi/11.3.1/../../../../arm-none-eabi/lib/thumb/v7e-m+fp/hard\libm.a
END GROUP
START GROUP
LOAD C:/ST/STM32CubeIDE_1.13.1/STM32CubeIDE/plugins/com.st.stm32cube.ide.mcu.externaltools.gnu-tools-for-stm32.11.3.rel1.win32_1.1.100.202309141235/tools/bin/../lib/gcc/arm-none-eabi/11.3.1/thumb/v7e-m+fp/hard\libgcc.a
LOAD C:/ST/STM32CubeIDE_1.13.1/STM32CubeIDE/plugins/com.st.stm32cube.ide.mcu.externaltools.gnu-tools-for-stm32.11.3.rel1.win32_1.1.100.202309141235/tools/bin/../lib/gcc/arm-none-eabi/11.3.1/../../../../arm-none-eabi/lib/thumb/v7e-m+fp/hard\libc_nano.a
END GROUP
START GROUP
LOAD C:/ST/STM32CubeIDE_1.13.1/STM32CubeIDE/plugins/com.st.stm32cube.ide.mcu.externaltools.gnu-tools-for-stm32.11.3.rel1.win32_1.1.100.202309141235/tools/bin/../lib/gcc/arm-none-eabi/11.3.1/thumb/v7e-m+fp/hard\libgcc.a
LOAD C:/ST/STM32CubeIDE_1.13.1/STM32CubeIDE/plugins/com.st.stm32cube.ide.mcu.externaltools.gnu-tools-for-stm32.11.3.rel1.win32_1.1.100.202309141235/tools/bin/../lib/gcc/arm-none-eabi/11.3.1/../../../../arm-none-eabi/lib/thumb/v7e-m+fp/hard\libc_nano.a
LOAD C:/ST/STM32CubeIDE_1.13.1/STM32CubeIDE/plugins/com.st.stm32cube.ide.mcu.externaltools.gnu-tools-for-stm32.11.3.rel1.win32_1.1.100.202309141235/tools/bin/../lib/gcc/arm-none-eabi/11.3.1/../../../../arm-none-eabi/lib/thumb/v7e-m+fp/hard\libnosys.a
END GROUP
START GROUP
LOAD C:/ST/STM32CubeIDE_1.13.1/STM32CubeIDE/plugins/com.st.stm32cube.ide.mcu.externaltools.gnu-tools-for-stm32.11.3.rel1.win32_1.1.100.202309141235/tools/bin/../lib/gcc/arm-none-eabi/11.3.1/thumb/v7e-m+fp/hard\libgcc.a
LOAD C:/ST/STM32CubeIDE_1.13.1/STM32CubeIDE/plugins/com.st.stm32cube.ide.mcu.externaltools.gnu-tools-for-stm32.11.3.rel1.win32_1.1.100.202309141235/tools/bin/../lib/gcc/arm-none-eabi/11.3.1/../../../../arm-none-eabi/lib/thumb/v7e-m+fp/hard\libc_nano.a
LOAD C:/ST/STM32CubeIDE_1.13.1/STM32CubeIDE/plugins/com.st.stm32cube.ide.mcu.externaltools.gnu-tools-for-stm32.11.3.rel1.win32_1.1.100.202309141235/tools/bin/../lib/gcc/arm-none-eabi/11.3.1/../../../../arm-none-eabi/lib/thumb/v7e-m+fp/hard\libnosys.a
END GROUP
LOAD C:/ST/STM32CubeIDE_1.13.1/STM32CubeIDE/plugins/com.st.stm32cube.ide.mcu.externaltools.gnu-tools-for-stm32.11.3.rel1.win32_1.1.100.202309141235/tools/bin/../lib/gcc/arm-none-eabi/11.3.1/thumb/v7e-m+fp/hard/crtend.o
LOAD C:/ST/STM32CubeIDE_1.13.1/STM32CubeIDE/plugins/com.st.stm32cube.ide.mcu.externaltools.gnu-tools-for-stm32.11.3.rel1.win32_1.1.100.202309141235/tools/bin/../lib/gcc/arm-none-eabi/11.3.1/thumb/v7e-m+fp/hard/crtn.o
                0x0000000020018000                _estack = (ORIGIN (RAM) + LENGTH (RAM))
                0x0000000000000200                _Min_Heap_Size = 0x200
                0x0000000000000400                _Min_Stack_Size = 0x400

.isr_vector     0x0000000008000000      0x188
                0x0000000008000000                . = ALIGN (0x4)
 *(.isr_vector)
 .isr_vector    0x0000000008000000      0x188 ./Core/Startup/startup_stm32l476rgtx.o
                0x0000000008000000                g_pfnVectors
                0x0000000008000188                . = ALIGN (0x4)

.text           0x0000000008000190    0x10aac
                0x0000000008000190                . = ALIGN (0x4)
 *(.text)
 .text          0x0000000008000190       0x40 C:/ST/STM32CubeIDE_1.13.1/STM32CubeIDE/plugins/com.st.stm32cube.ide.mcu.externaltools.gnu-tools-for-stm32.11.3.rel1.win32_1.1.100.202309141235/tools/bin/../lib/gcc/arm-none-eabi/11.3.1/thumb/v7e-m+fp/hard/crtbegin.o
 .text          0x00000000080001d0       0x10 C:/ST/STM32CubeIDE_1.13.1/STM32CubeIDE/plugins/com.st.stm32cube.ide.mcu.externaltools.gnu-tools-for-stm32.11.3.rel1.win32_1.1.100.202309141235/tools/bin/../lib/gcc/arm-none-eabi/11.3.1/../../../../arm-none-eabi/lib/thumb/v7e-m+fp/hard\libc_nano.a(libc_a-strlen.o)
                0x00000000080001d0                strlen
 .text          0x00000000080001e0       0xa0 C:/ST/STM32CubeIDE_1.13.1/STM32CubeIDE/plugins/com.st.stm32cube.ide.mcu.externaltools.gnu-tools-for-stm32.11.3.rel1.win32_1.1.100.202309141235/tools/bin/../lib/gcc/arm-none-eabi/11.3.1/../../../../arm-none-eabi/lib/thumb/v7e-m+fp/hard\libc_nano.a(libc_a-memchr.o)
                0x00000000080001e0                memchr
 .text          0x0000000008000280      0x378 C:/ST/STM32CubeIDE_1.13.1/STM32CubeIDE/plugins/com.st.stm32cube.ide.mcu.externaltools.gnu-tools-for-stm32.11.3.rel1.win32_1.1.100.202309141235/tools/bin/../lib/gcc/arm-none-eabi/11.3.1/thumb/v7e-m+fp/hard\libgcc.a(_arm_addsubdf3.o)
                0x0000000008000280                __aeabi_drsub
                0x0000000008000288                __aeabi_dsub
                0x0000000008000288                __subdf3
                0x000000000800028c                __aeabi_dadd
                0x000000000800028c                __adddf3
                0x0000000008000504                __floatunsidf
                0x0000000008000504                __aeabi_ui2d
                0x0000000008000524                __floatsidf
                0x0000000008000524                __aeabi_i2d
                0x0000000008000548                __aeabi_f2d
                0x0000000008000548                __extendsfdf2
                0x000000000800058c                __floatundidf
                0x000000000800058c                __aeabi_ul2d
                0x000000000800059c                __floatdidf
                0x000000000800059c                __aeabi_l2d
 .text          0x00000000080005f8      0x424 C:/ST/STM32CubeIDE_1.13.1/STM32CubeIDE/plugins/com.st.stm32cube.ide.mcu.externaltools.gnu-tools-for-stm32.11.3.rel1.win32_1.1.100.202309141235/tools/bin/../lib/gcc/arm-none-eabi/11.3.1/thumb/v7e-m+fp/hard\libgcc.a(_arm_muldivdf3.o)
                0x00000000080005f8                __aeabi_dmul
                0x00000000080005f8                __muldf3
                0x000000000800084c                __divdf3
                0x000000000800084c                __aeabi_ddiv
 .text          0x0000000008000a1c      0x110 C:/ST/STM32CubeIDE_1.13.1/STM32CubeIDE/plugins/com.st.stm32cube.ide.mcu.externaltools.gnu-tools-for-stm32.11.3.rel1.win32_1.1.100.202309141235/tools/bin/../lib/gcc/arm-none-eabi/11.3.1/thumb/v7e-m+fp/hard\libgcc.a(_arm_cmpdf2.o)
                0x0000000008000a1c                __gtdf2
                0x0000000008000a1c                __gedf2
                0x0000000008000a24                __ltdf2
                0x0000000008000a24                __ledf2
                0x0000000008000a2c                __nedf2
                0x0000000008000a2c                __eqdf2
                0x0000000008000a2c                __cmpdf2
                0x0000000008000aa8                __aeabi_cdrcmple
                0x0000000008000ab8                __aeabi_cdcmpeq
                0x0000000008000ab8                __aeabi_cdcmple
                0x0000000008000ac8                __aeabi_dcmpeq
                0x0000000008000adc                __aeabi_dcmplt
                0x0000000008000af0                __aeabi_dcmple
                0x0000000008000b04                __aeabi_dcmpge
                0x0000000008000b18                __aeabi_dcmpgt
 .text          0x0000000008000b2c       0x50 C:/ST/STM32CubeIDE_1.13.1/STM32CubeIDE/plugins/com.st.stm32cube.ide.mcu.externaltools.gnu-tools-for-stm32.11.3.rel1.win32_1.1.100.202309141235/tools/bin/../lib/gcc/arm-none-eabi/11.3.1/thumb/v7e-m+fp/hard\libgcc.a(_arm_fixdfsi.o)
                0x0000000008000b2c                __aeabi_d2iz
                0x0000000008000b2c                __fixdfsi
 .text          0x0000000008000b7c       0x40 C:/ST/STM32CubeIDE_1.13.1/STM32CubeIDE/plugins/com.st.stm32cube.ide.mcu.externaltools.gnu-tools-for-stm32.11.3.rel1.win32_1.1.100.202309141235/tools/bin/../lib/gcc/arm-none-eabi/11.3.1/thumb/v7e-m+fp/hard\libgcc.a(_arm_fixunsdfsi.o)
                0x0000000008000b7c                __aeabi_d2uiz
                0x0000000008000b7c                __fixunsdfsi
 .text          0x0000000008000bbc       0xa0 C:/ST/STM32CubeIDE_1.13.1/STM32CubeIDE/plugins/com.st.stm32cube.ide.mcu.externaltools.gnu-tools-for-stm32.11.3.rel1.win32_1.1.100.202309141235/tools/bin/../lib/gcc/arm-none-eabi/11.3.1/thumb/v7e-m+fp/hard\libgcc.a(_arm_truncdfsf2.o)
                0x0000000008000bbc                __truncdfsf2
                0x0000000008000bbc                __aeabi_d2f
 .text          0x0000000008000c5c       0x30 C:/ST/STM32CubeIDE_1.13.1/STM32CubeIDE/plugins/com.st.stm32cube.ide.mcu.externaltools.gnu-tools-for-stm32.11.3.rel1.win32_1.1.100.202309141235/tools/bin/../lib/gcc/arm-none-eabi/11.3.1/thumb/v7e-m+fp/hard\libgcc.a(_aeabi_uldivmod.o)
                0x0000000008000c5c                __aeabi_uldivmod
 .text          0x0000000008000c8c       0x30 C:/ST/STM32CubeIDE_1.13.1/STM32CubeIDE/plugins/com.st.stm32cube.ide.mcu.externaltools.gnu-tools-for-stm32.11.3.rel1.win32_1.1.100.202309141235/tools/bin/../lib/gcc/arm-none-eabi/11.3.1/thumb/v7e-m+fp/hard\libgcc.a(_fixdfdi.o)
                0x0000000008000c8c                __fixdfdi
                0x0000000008000c8c                __aeabi_d2lz
 .text          0x0000000008000cbc       0x3c C:/ST/STM32CubeIDE_1.13.1/STM32CubeIDE/plugins/com.st.stm32cube.ide.mcu.externaltools.gnu-tools-for-stm32.11.3.rel1.win32_1.1.100.202309141235/tools/bin/../lib/gcc/arm-none-eabi/11.3.1/thumb/v7e-m+fp/hard\libgcc.a(_fixunsdfdi.o)
                0x0000000008000cbc                __fixunsdfdi
                0x0000000008000cbc                __aeabi_d2ulz
 .text          0x0000000008000cf8      0x2c8 C:/ST/STM32CubeIDE_1.13.1/STM32CubeIDE/plugins/com.st.stm32cube.ide.mcu.externaltools.gnu-tools-for-stm32.11.3.rel1.win32_1.1.100.202309141235/tools/bin/../lib/gcc/arm-none-eabi/11.3.1/thumb/v7e-m+fp/hard\libgcc.a(_udivmoddi4.o)
                0x0000000008000cf8                __udivmoddi4
 .text          0x0000000008000fc0        0x4 C:/ST/STM32CubeIDE_1.13.1/STM32CubeIDE/plugins/com.st.stm32cube.ide.mcu.externaltools.gnu-tools-for-stm32.11.3.rel1.win32_1.1.100.202309141235/tools/bin/../lib/gcc/arm-none-eabi/11.3.1/thumb/v7e-m+fp/hard\libgcc.a(_dvmd_tls.o)
                0x0000000008000fc0                __aeabi_idiv0
                0x0000000008000fc0                __aeabi_ldiv0
 *(.text*)
 .text.delayms  0x0000000008000fc4       0x1a ./Core/Src/Movement.o
                0x0000000008000fc4                delayms
 *fill*         0x0000000008000fde        0x2 
 .text.delayus  0x0000000008000fe0       0x44 ./Core/Src/Movement.o
                0x0000000008000fe0                delayus
 .text.motor_init
                0x0000000008001024      0x134 ./Core/Src/Movement.o
                0x0000000008001024                motor_init
 .text.set_speed
                0x0000000008001158       0x20 ./Core/Src/Movement.o
                0x0000000008001158                set_speed
 .text.move     0x0000000008001178      0x1f0 ./Core/Src/Movement.o
                0x0000000008001178                move
 .text.wait     0x0000000008001368       0x1a ./Core/Src/Movement.o
                0x0000000008001368                wait
 *fill*         0x0000000008001382        0x2 
 .text.home     0x0000000008001384      0x19c ./Core/Src/Movement.o
                0x0000000008001384                home
 .text.servo_angle_set
                0x0000000008001520       0x90 ./Core/Src/Movement.o
                0x0000000008001520                servo_angle_set
 .text.start_extrusion
                0x00000000080015b0       0x2c ./Core/Src/Movement.o
                0x00000000080015b0                start_extrusion
 .text.stop_extrusion
                0x00000000080015dc       0x2c ./Core/Src/Movement.o
                0x00000000080015dc                stop_extrusion
 .text.InterpretLine
                0x0000000008001608      0x308 ./Core/Src/interpreter.o
                0x0000000008001608                InterpretLine
 .text.main     0x0000000008001910       0xcc ./Core/Src/main.o
                0x0000000008001910                main
 .text.SystemClock_Config
                0x00000000080019dc       0xa2 ./Core/Src/main.o
                0x00000000080019dc                SystemClock_Config
 *fill*         0x0000000008001a7e        0x2 
 .text.MX_SPI1_Init
                0x0000000008001a80       0x7c ./Core/Src/main.o
 .text.MX_TIM1_Init
                0x0000000008001afc       0xa8 ./Core/Src/main.o
 .text.MX_TIM4_Init
                0x0000000008001ba4       0xb8 ./Core/Src/main.o
 .text.MX_USART2_UART_Init
                0x0000000008001c5c       0x60 ./Core/Src/main.o
 .text.MX_GPIO_Init
                0x0000000008001cbc      0x1f0 ./Core/Src/main.o
 .text.StartDefaultTask
                0x0000000008001eac       0x10 ./Core/Src/main.o
                0x0000000008001eac                StartDefaultTask
 .text.StartCommandTask
                0x0000000008001ebc      0x1b4 ./Core/Src/main.o
                0x0000000008001ebc                StartCommandTask
 .text.StartParserTask
                0x0000000008002070       0xa0 ./Core/Src/main.o
                0x0000000008002070                StartParserTask
 .text.HAL_TIM_PeriodElapsedCallback
                0x0000000008002110       0x1e ./Core/Src/main.o
                0x0000000008002110                HAL_TIM_PeriodElapsedCallback
 .text.Error_Handler
                0x000000000800212e        0xa ./Core/Src/main.o
                0x000000000800212e                Error_Handler
 .text.myprintf
                0x0000000008002138       0x4c ./Core/Src/sdcard.o
                0x0000000008002138                myprintf
 .text.eof      0x0000000008002184       0x24 ./Core/Src/sdcard.o
                0x0000000008002184                eof
 .text.GetLine  0x00000000080021a8       0x40 ./Core/Src/sdcard.o
                0x00000000080021a8                GetLine
 .text.OpenFile
                0x00000000080021e8       0xa8 ./Core/Src/sdcard.o
                0x00000000080021e8                OpenFile
 .text.CloseFile
                0x0000000008002290       0x14 ./Core/Src/sdcard.o
                0x0000000008002290                CloseFile
 .text.HAL_MspInit
                0x00000000080022a4       0x50 ./Core/Src/stm32l4xx_hal_msp.o
                0x00000000080022a4                HAL_MspInit
 .text.HAL_SPI_MspInit
                0x00000000080022f4       0x84 ./Core/Src/stm32l4xx_hal_msp.o
                0x00000000080022f4                HAL_SPI_MspInit
 .text.HAL_TIM_Base_MspInit
                0x0000000008002378       0x40 ./Core/Src/stm32l4xx_hal_msp.o
                0x0000000008002378                HAL_TIM_Base_MspInit
 .text.HAL_TIM_PWM_MspInit
                0x00000000080023b8       0x40 ./Core/Src/stm32l4xx_hal_msp.o
                0x00000000080023b8                HAL_TIM_PWM_MspInit
 .text.HAL_TIM_MspPostInit
                0x00000000080023f8       0x70 ./Core/Src/stm32l4xx_hal_msp.o
                0x00000000080023f8                HAL_TIM_MspPostInit
 .text.HAL_UART_MspInit
                0x0000000008002468       0xb8 ./Core/Src/stm32l4xx_hal_msp.o
                0x0000000008002468                HAL_UART_MspInit
 .text.HAL_InitTick
                0x0000000008002520       0xf0 ./Core/Src/stm32l4xx_hal_timebase_tim.o
                0x0000000008002520                HAL_InitTick
 .text.NMI_Handler
                0x0000000008002610        0x6 ./Core/Src/stm32l4xx_it.o
                0x0000000008002610                NMI_Handler
 .text.HardFault_Handler
                0x0000000008002616        0x6 ./Core/Src/stm32l4xx_it.o
                0x0000000008002616                HardFault_Handler
 .text.MemManage_Handler
                0x000000000800261c        0x6 ./Core/Src/stm32l4xx_it.o
                0x000000000800261c                MemManage_Handler
 .text.BusFault_Handler
                0x0000000008002622        0x6 ./Core/Src/stm32l4xx_it.o
                0x0000000008002622                BusFault_Handler
 .text.UsageFault_Handler
                0x0000000008002628        0x6 ./Core/Src/stm32l4xx_it.o
                0x0000000008002628                UsageFault_Handler
 .text.DebugMon_Handler
                0x000000000800262e        0xe ./Core/Src/stm32l4xx_it.o
                0x000000000800262e                DebugMon_Handler
 .text.TIM2_IRQHandler
                0x000000000800263c       0x14 ./Core/Src/stm32l4xx_it.o
                0x000000000800263c                TIM2_IRQHandler
 .text._getpid  0x0000000008002650       0x10 ./Core/Src/syscalls.o
                0x0000000008002650                _getpid
 .text._kill    0x0000000008002660       0x20 ./Core/Src/syscalls.o
                0x0000000008002660                _kill
 .text._exit    0x0000000008002680       0x14 ./Core/Src/syscalls.o
                0x0000000008002680                _exit
 .text._read    0x0000000008002694       0x3a ./Core/Src/syscalls.o
                0x0000000008002694                _read
 .text._write   0x00000000080026ce       0x38 ./Core/Src/syscalls.o
                0x00000000080026ce                _write
 .text._close   0x0000000008002706       0x18 ./Core/Src/syscalls.o
                0x0000000008002706                _close
 .text._fstat   0x000000000800271e       0x20 ./Core/Src/syscalls.o
                0x000000000800271e                _fstat
 .text._isatty  0x000000000800273e       0x16 ./Core/Src/syscalls.o
                0x000000000800273e                _isatty
 .text._lseek   0x0000000008002754       0x1a ./Core/Src/syscalls.o
                0x0000000008002754                _lseek
 *fill*         0x000000000800276e        0x2 
 .text._sbrk    0x0000000008002770       0x6c ./Core/Src/sysmem.o
                0x0000000008002770                _sbrk
 .text.SystemInit
                0x00000000080027dc       0x24 ./Core/Src/system_stm32l4xx.o
                0x00000000080027dc                SystemInit
 .text.Reset_Handler
                0x0000000008002800       0x50 ./Core/Startup/startup_stm32l476rgtx.o
                0x0000000008002800                Reset_Handler
 .text.Default_Handler
                0x0000000008002850        0x2 ./Core/Startup/startup_stm32l476rgtx.o
                0x0000000008002850                RTC_Alarm_IRQHandler
                0x0000000008002850                EXTI2_IRQHandler
                0x0000000008002850                TIM8_TRG_COM_IRQHandler
                0x0000000008002850                TIM8_CC_IRQHandler
                0x0000000008002850                TIM1_CC_IRQHandler
                0x0000000008002850                TSC_IRQHandler
                0x0000000008002850                TAMP_STAMP_IRQHandler
                0x0000000008002850                EXTI3_IRQHandler
                0x0000000008002850                LPTIM2_IRQHandler
                0x0000000008002850                DFSDM1_FLT1_IRQHandler
                0x0000000008002850                I2C3_ER_IRQHandler
                0x0000000008002850                DFSDM1_FLT2_IRQHandler
                0x0000000008002850                EXTI0_IRQHandler
                0x0000000008002850                I2C2_EV_IRQHandler
                0x0000000008002850                CAN1_RX0_IRQHandler
                0x0000000008002850                FPU_IRQHandler
                0x0000000008002850                TIM1_UP_TIM16_IRQHandler
                0x0000000008002850                ADC1_2_IRQHandler
                0x0000000008002850                SPI1_IRQHandler
                0x0000000008002850                TIM6_DAC_IRQHandler
                0x0000000008002850                TIM8_UP_IRQHandler
                0x0000000008002850                DMA2_Channel2_IRQHandler
                0x0000000008002850                DMA1_Channel4_IRQHandler
                0x0000000008002850                SAI2_IRQHandler
                0x0000000008002850                DFSDM1_FLT3_IRQHandler
                0x0000000008002850                USART3_IRQHandler
                0x0000000008002850                DMA1_Channel7_IRQHandler
                0x0000000008002850                CAN1_RX1_IRQHandler
                0x0000000008002850                LCD_IRQHandler
                0x0000000008002850                UART5_IRQHandler
                0x0000000008002850                ADC3_IRQHandler
                0x0000000008002850                TIM4_IRQHandler
                0x0000000008002850                DMA2_Channel1_IRQHandler
                0x0000000008002850                QUADSPI_IRQHandler
                0x0000000008002850                I2C1_EV_IRQHandler
                0x0000000008002850                DMA1_Channel6_IRQHandler
                0x0000000008002850                UART4_IRQHandler
                0x0000000008002850                DMA2_Channel4_IRQHandler
                0x0000000008002850                TIM3_IRQHandler
                0x0000000008002850                RCC_IRQHandler
                0x0000000008002850                DMA1_Channel1_IRQHandler
                0x0000000008002850                Default_Handler
                0x0000000008002850                DMA2_Channel7_IRQHandler
                0x0000000008002850                EXTI15_10_IRQHandler
                0x0000000008002850                TIM7_IRQHandler
                0x0000000008002850                SDMMC1_IRQHandler
                0x0000000008002850                TIM5_IRQHandler
                0x0000000008002850                I2C3_EV_IRQHandler
                0x0000000008002850                EXTI9_5_IRQHandler
                0x0000000008002850                RTC_WKUP_IRQHandler
                0x0000000008002850                PVD_PVM_IRQHandler
                0x0000000008002850                SPI2_IRQHandler
                0x0000000008002850                CAN1_TX_IRQHandler
                0x0000000008002850                DMA2_Channel5_IRQHandler
                0x0000000008002850                DMA1_Channel5_IRQHandler
                0x0000000008002850                EXTI4_IRQHandler
                0x0000000008002850                RNG_IRQHandler
                0x0000000008002850                TIM1_TRG_COM_TIM17_IRQHandler
                0x0000000008002850                DMA1_Channel3_IRQHandler
                0x0000000008002850                COMP_IRQHandler
                0x0000000008002850                WWDG_IRQHandler
                0x0000000008002850                LPUART1_IRQHandler
                0x0000000008002850                DMA2_Channel6_IRQHandler
                0x0000000008002850                EXTI1_IRQHandler
                0x0000000008002850                USART2_IRQHandler
                0x0000000008002850                DFSDM1_FLT0_IRQHandler
                0x0000000008002850                I2C2_ER_IRQHandler
                0x0000000008002850                DMA1_Channel2_IRQHandler
                0x0000000008002850                TIM8_BRK_IRQHandler
                0x0000000008002850                CAN1_SCE_IRQHandler
                0x0000000008002850                FLASH_IRQHandler
                0x0000000008002850                USART1_IRQHandler
                0x0000000008002850                OTG_FS_IRQHandler
                0x0000000008002850                SPI3_IRQHandler
                0x0000000008002850                I2C1_ER_IRQHandler
                0x0000000008002850                FMC_IRQHandler
                0x0000000008002850                SWPMI1_IRQHandler
                0x0000000008002850                LPTIM1_IRQHandler
                0x0000000008002850                SAI1_IRQHandler
                0x0000000008002850                DMA2_Channel3_IRQHandler
                0x0000000008002850                TIM1_BRK_TIM15_IRQHandler
 *fill*         0x0000000008002852        0x2 
 .text.HAL_Init
                0x0000000008002854       0x40 ./Drivers/STM32L4xx_HAL_Driver/Src/stm32l4xx_hal.o
                0x0000000008002854                HAL_Init
 .text.HAL_IncTick
                0x0000000008002894       0x28 ./Drivers/STM32L4xx_HAL_Driver/Src/stm32l4xx_hal.o
                0x0000000008002894                HAL_IncTick
 .text.HAL_GetTick
                0x00000000080028bc       0x18 ./Drivers/STM32L4xx_HAL_Driver/Src/stm32l4xx_hal.o
                0x00000000080028bc                HAL_GetTick
 .text.HAL_Delay
                0x00000000080028d4       0x48 ./Drivers/STM32L4xx_HAL_Driver/Src/stm32l4xx_hal.o
                0x00000000080028d4                HAL_Delay
 .text.__NVIC_SetPriorityGrouping
                0x000000000800291c       0x48 ./Drivers/STM32L4xx_HAL_Driver/Src/stm32l4xx_hal_cortex.o
 .text.__NVIC_GetPriorityGrouping
                0x0000000008002964       0x1c ./Drivers/STM32L4xx_HAL_Driver/Src/stm32l4xx_hal_cortex.o
 .text.__NVIC_EnableIRQ
                0x0000000008002980       0x3c ./Drivers/STM32L4xx_HAL_Driver/Src/stm32l4xx_hal_cortex.o
 .text.__NVIC_SetPriority
                0x00000000080029bc       0x54 ./Drivers/STM32L4xx_HAL_Driver/Src/stm32l4xx_hal_cortex.o
 .text.NVIC_EncodePriority
                0x0000000008002a10       0x66 ./Drivers/STM32L4xx_HAL_Driver/Src/stm32l4xx_hal_cortex.o
 .text.HAL_NVIC_SetPriorityGrouping
                0x0000000008002a76       0x16 ./Drivers/STM32L4xx_HAL_Driver/Src/stm32l4xx_hal_cortex.o
                0x0000000008002a76                HAL_NVIC_SetPriorityGrouping
 .text.HAL_NVIC_SetPriority
                0x0000000008002a8c       0x38 ./Drivers/STM32L4xx_HAL_Driver/Src/stm32l4xx_hal_cortex.o
                0x0000000008002a8c                HAL_NVIC_SetPriority
 .text.HAL_NVIC_EnableIRQ
                0x0000000008002ac4       0x1c ./Drivers/STM32L4xx_HAL_Driver/Src/stm32l4xx_hal_cortex.o
                0x0000000008002ac4                HAL_NVIC_EnableIRQ
 .text.HAL_GPIO_Init
                0x0000000008002ae0      0x354 ./Drivers/STM32L4xx_HAL_Driver/Src/stm32l4xx_hal_gpio.o
                0x0000000008002ae0                HAL_GPIO_Init
 .text.HAL_GPIO_ReadPin
                0x0000000008002e34       0x30 ./Drivers/STM32L4xx_HAL_Driver/Src/stm32l4xx_hal_gpio.o
                0x0000000008002e34                HAL_GPIO_ReadPin
 .text.HAL_GPIO_WritePin
                0x0000000008002e64       0x30 ./Drivers/STM32L4xx_HAL_Driver/Src/stm32l4xx_hal_gpio.o
                0x0000000008002e64                HAL_GPIO_WritePin
 .text.HAL_PWREx_GetVoltageRange
                0x0000000008002e94       0x1c ./Drivers/STM32L4xx_HAL_Driver/Src/stm32l4xx_hal_pwr_ex.o
                0x0000000008002e94                HAL_PWREx_GetVoltageRange
 .text.HAL_PWREx_ControlVoltageScaling
                0x0000000008002eb0       0xac ./Drivers/STM32L4xx_HAL_Driver/Src/stm32l4xx_hal_pwr_ex.o
                0x0000000008002eb0                HAL_PWREx_ControlVoltageScaling
 .text.HAL_RCC_OscConfig
                0x0000000008002f5c      0x7b8 ./Drivers/STM32L4xx_HAL_Driver/Src/stm32l4xx_hal_rcc.o
                0x0000000008002f5c                HAL_RCC_OscConfig
 .text.HAL_RCC_ClockConfig
                0x0000000008003714      0x200 ./Drivers/STM32L4xx_HAL_Driver/Src/stm32l4xx_hal_rcc.o
                0x0000000008003714                HAL_RCC_ClockConfig
 .text.HAL_RCC_GetSysClockFreq
                0x0000000008003914      0x118 ./Drivers/STM32L4xx_HAL_Driver/Src/stm32l4xx_hal_rcc.o
                0x0000000008003914                HAL_RCC_GetSysClockFreq
 .text.HAL_RCC_GetHCLKFreq
                0x0000000008003a2c       0x18 ./Drivers/STM32L4xx_HAL_Driver/Src/stm32l4xx_hal_rcc.o
                0x0000000008003a2c                HAL_RCC_GetHCLKFreq
 .text.HAL_RCC_GetPCLK1Freq
                0x0000000008003a44       0x2c ./Drivers/STM32L4xx_HAL_Driver/Src/stm32l4xx_hal_rcc.o
                0x0000000008003a44                HAL_RCC_GetPCLK1Freq
 .text.HAL_RCC_GetPCLK2Freq
                0x0000000008003a70       0x2c ./Drivers/STM32L4xx_HAL_Driver/Src/stm32l4xx_hal_rcc.o
                0x0000000008003a70                HAL_RCC_GetPCLK2Freq
 .text.HAL_RCC_GetClockConfig
                0x0000000008003a9c       0x64 ./Drivers/STM32L4xx_HAL_Driver/Src/stm32l4xx_hal_rcc.o
                0x0000000008003a9c                HAL_RCC_GetClockConfig
 .text.RCC_SetFlashLatencyFromMSIRange
                0x0000000008003b00       0xc0 ./Drivers/STM32L4xx_HAL_Driver/Src/stm32l4xx_hal_rcc.o
 .text.HAL_RCCEx_PeriphCLKConfig
                0x0000000008003bc0      0x5d4 ./Drivers/STM32L4xx_HAL_Driver/Src/stm32l4xx_hal_rcc_ex.o
                0x0000000008003bc0                HAL_RCCEx_PeriphCLKConfig
 .text.RCCEx_PLLSAI1_Config
                0x0000000008004194      0x1e8 ./Drivers/STM32L4xx_HAL_Driver/Src/stm32l4xx_hal_rcc_ex.o
 .text.RCCEx_PLLSAI2_Config
                0x000000000800437c      0x1bc ./Drivers/STM32L4xx_HAL_Driver/Src/stm32l4xx_hal_rcc_ex.o
 .text.HAL_SPI_Init
                0x0000000008004538      0x146 ./Drivers/STM32L4xx_HAL_Driver/Src/stm32l4xx_hal_spi.o
                0x0000000008004538                HAL_SPI_Init
 .text.HAL_SPI_Transmit
                0x000000000800467e      0x2ea ./Drivers/STM32L4xx_HAL_Driver/Src/stm32l4xx_hal_spi.o
                0x000000000800467e                HAL_SPI_Transmit
 .text.HAL_SPI_TransmitReceive
                0x0000000008004968      0x444 ./Drivers/STM32L4xx_HAL_Driver/Src/stm32l4xx_hal_spi.o
                0x0000000008004968                HAL_SPI_TransmitReceive
 .text.SPI_WaitFlagStateUntilTimeout
                0x0000000008004dac      0x110 ./Drivers/STM32L4xx_HAL_Driver/Src/stm32l4xx_hal_spi.o
 .text.SPI_WaitFifoStateUntilTimeout
                0x0000000008004ebc      0x12c ./Drivers/STM32L4xx_HAL_Driver/Src/stm32l4xx_hal_spi.o
 .text.SPI_EndRxTxTransaction
                0x0000000008004fe8       0x8c ./Drivers/STM32L4xx_HAL_Driver/Src/stm32l4xx_hal_spi.o
 .text.HAL_TIM_Base_Init
                0x0000000008005074       0xae ./Drivers/STM32L4xx_HAL_Driver/Src/stm32l4xx_hal_tim.o
                0x0000000008005074                HAL_TIM_Base_Init
 *fill*         0x0000000008005122        0x2 
 .text.HAL_TIM_Base_Start
                0x0000000008005124       0xd0 ./Drivers/STM32L4xx_HAL_Driver/Src/stm32l4xx_hal_tim.o
                0x0000000008005124                HAL_TIM_Base_Start
 .text.HAL_TIM_Base_Stop
                0x00000000080051f4       0x4e ./Drivers/STM32L4xx_HAL_Driver/Src/stm32l4xx_hal_tim.o
                0x00000000080051f4                HAL_TIM_Base_Stop
 *fill*         0x0000000008005242        0x2 
 .text.HAL_TIM_Base_Start_IT
                0x0000000008005244       0xe0 ./Drivers/STM32L4xx_HAL_Driver/Src/stm32l4xx_hal_tim.o
                0x0000000008005244                HAL_TIM_Base_Start_IT
 .text.HAL_TIM_PWM_Init
                0x0000000008005324       0xae ./Drivers/STM32L4xx_HAL_Driver/Src/stm32l4xx_hal_tim.o
                0x0000000008005324                HAL_TIM_PWM_Init
 *fill*         0x00000000080053d2        0x2 
 .text.HAL_TIM_PWM_Start
                0x00000000080053d4      0x20c ./Drivers/STM32L4xx_HAL_Driver/Src/stm32l4xx_hal_tim.o
                0x00000000080053d4                HAL_TIM_PWM_Start
 .text.HAL_TIM_IRQHandler
                0x00000000080055e0      0x204 ./Drivers/STM32L4xx_HAL_Driver/Src/stm32l4xx_hal_tim.o
                0x00000000080055e0                HAL_TIM_IRQHandler
 .text.HAL_TIM_PWM_ConfigChannel
                0x00000000080057e4      0x228 ./Drivers/STM32L4xx_HAL_Driver/Src/stm32l4xx_hal_tim.o
                0x00000000080057e4                HAL_TIM_PWM_ConfigChannel
 .text.HAL_TIM_ConfigClockSource
                0x0000000008005a0c      0x192 ./Drivers/STM32L4xx_HAL_Driver/Src/stm32l4xx_hal_tim.o
                0x0000000008005a0c                HAL_TIM_ConfigClockSource
 .text.HAL_TIM_OC_DelayElapsedCallback
                0x0000000008005b9e       0x14 ./Drivers/STM32L4xx_HAL_Driver/Src/stm32l4xx_hal_tim.o
                0x0000000008005b9e                HAL_TIM_OC_DelayElapsedCallback
 .text.HAL_TIM_IC_CaptureCallback
                0x0000000008005bb2       0x14 ./Drivers/STM32L4xx_HAL_Driver/Src/stm32l4xx_hal_tim.o
                0x0000000008005bb2                HAL_TIM_IC_CaptureCallback
 .text.HAL_TIM_PWM_PulseFinishedCallback
                0x0000000008005bc6       0x14 ./Drivers/STM32L4xx_HAL_Driver/Src/stm32l4xx_hal_tim.o
                0x0000000008005bc6                HAL_TIM_PWM_PulseFinishedCallback
 .text.HAL_TIM_TriggerCallback
                0x0000000008005bda       0x14 ./Drivers/STM32L4xx_HAL_Driver/Src/stm32l4xx_hal_tim.o
                0x0000000008005bda                HAL_TIM_TriggerCallback
 *fill*         0x0000000008005bee        0x2 
 .text.TIM_Base_SetConfig
                0x0000000008005bf0      0x134 ./Drivers/STM32L4xx_HAL_Driver/Src/stm32l4xx_hal_tim.o
                0x0000000008005bf0                TIM_Base_SetConfig
 .text.TIM_OC1_SetConfig
                0x0000000008005d24      0x120 ./Drivers/STM32L4xx_HAL_Driver/Src/stm32l4xx_hal_tim.o
 .text.TIM_OC2_SetConfig
                0x0000000008005e44      0x114 ./Drivers/STM32L4xx_HAL_Driver/Src/stm32l4xx_hal_tim.o
                0x0000000008005e44                TIM_OC2_SetConfig
 .text.TIM_OC3_SetConfig
                0x0000000008005f58      0x110 ./Drivers/STM32L4xx_HAL_Driver/Src/stm32l4xx_hal_tim.o
 .text.TIM_OC4_SetConfig
                0x0000000008006068       0xd4 ./Drivers/STM32L4xx_HAL_Driver/Src/stm32l4xx_hal_tim.o
 .text.TIM_OC5_SetConfig
                0x000000000800613c       0xc8 ./Drivers/STM32L4xx_HAL_Driver/Src/stm32l4xx_hal_tim.o
 .text.TIM_OC6_SetConfig
                0x0000000008006204       0xcc ./Drivers/STM32L4xx_HAL_Driver/Src/stm32l4xx_hal_tim.o
 .text.TIM_TI1_ConfigInputStage
                0x00000000080062d0       0x5e ./Drivers/STM32L4xx_HAL_Driver/Src/stm32l4xx_hal_tim.o
 .text.TIM_TI2_ConfigInputStage
                0x000000000800632e       0x60 ./Drivers/STM32L4xx_HAL_Driver/Src/stm32l4xx_hal_tim.o
 .text.TIM_ITRx_SetConfig
                0x000000000800638e       0x36 ./Drivers/STM32L4xx_HAL_Driver/Src/stm32l4xx_hal_tim.o
 .text.TIM_ETR_SetConfig
                0x00000000080063c4       0x40 ./Drivers/STM32L4xx_HAL_Driver/Src/stm32l4xx_hal_tim.o
                0x00000000080063c4                TIM_ETR_SetConfig
 .text.TIM_CCxChannelCmd
                0x0000000008006404       0x4a ./Drivers/STM32L4xx_HAL_Driver/Src/stm32l4xx_hal_tim.o
                0x0000000008006404                TIM_CCxChannelCmd
 *fill*         0x000000000800644e        0x2 
 .text.HAL_TIMEx_MasterConfigSynchronization
                0x0000000008006450      0x110 ./Drivers/STM32L4xx_HAL_Driver/Src/stm32l4xx_hal_tim_ex.o
                0x0000000008006450                HAL_TIMEx_MasterConfigSynchronization
 .text.HAL_TIMEx_CommutCallback
                0x0000000008006560       0x14 ./Drivers/STM32L4xx_HAL_Driver/Src/stm32l4xx_hal_tim_ex.o
                0x0000000008006560                HAL_TIMEx_CommutCallback
 .text.HAL_TIMEx_BreakCallback
                0x0000000008006574       0x14 ./Drivers/STM32L4xx_HAL_Driver/Src/stm32l4xx_hal_tim_ex.o
                0x0000000008006574                HAL_TIMEx_BreakCallback
 .text.HAL_TIMEx_Break2Callback
                0x0000000008006588       0x14 ./Drivers/STM32L4xx_HAL_Driver/Src/stm32l4xx_hal_tim_ex.o
                0x0000000008006588                HAL_TIMEx_Break2Callback
 .text.HAL_UART_Init
                0x000000000800659c       0x9c ./Drivers/STM32L4xx_HAL_Driver/Src/stm32l4xx_hal_uart.o
                0x000000000800659c                HAL_UART_Init
 .text.HAL_UART_Transmit
                0x0000000008006638      0x114 ./Drivers/STM32L4xx_HAL_Driver/Src/stm32l4xx_hal_uart.o
                0x0000000008006638                HAL_UART_Transmit
 .text.UART_SetConfig
                0x000000000800674c      0x570 ./Drivers/STM32L4xx_HAL_Driver/Src/stm32l4xx_hal_uart.o
                0x000000000800674c                UART_SetConfig
 .text.UART_AdvFeatureConfig
                0x0000000008006cbc      0x144 ./Drivers/STM32L4xx_HAL_Driver/Src/stm32l4xx_hal_uart.o
                0x0000000008006cbc                UART_AdvFeatureConfig
 .text.UART_CheckIdleState
                0x0000000008006e00      0x150 ./Drivers/STM32L4xx_HAL_Driver/Src/stm32l4xx_hal_uart.o
                0x0000000008006e00                UART_CheckIdleState
 .text.UART_WaitOnFlagUntilTimeout
                0x0000000008006f50       0xce ./Drivers/STM32L4xx_HAL_Driver/Src/stm32l4xx_hal_uart.o
                0x0000000008006f50                UART_WaitOnFlagUntilTimeout
 .text.UART_EndRxTransfer
                0x000000000800701e       0xc8 ./Drivers/STM32L4xx_HAL_Driver/Src/stm32l4xx_hal_uart.o
 *fill*         0x00000000080070e6        0x2 
 .text.MX_FATFS_Init
                0x00000000080070e8       0x24 ./FATFS/App/fatfs.o
                0x00000000080070e8                MX_FATFS_Init
 .text.get_fattime
                0x000000000800710c       0x10 ./FATFS/App/fatfs.o
                0x000000000800710c                get_fattime
 .text.USER_initialize
                0x000000000800711c       0x1c ./FATFS/Target/user_diskio.o
                0x000000000800711c                USER_initialize
 .text.USER_status
                0x0000000008007138       0x1c ./FATFS/Target/user_diskio.o
                0x0000000008007138                USER_status
 .text.USER_read
                0x0000000008007154       0x26 ./FATFS/Target/user_diskio.o
                0x0000000008007154                USER_read
 .text.USER_write
                0x000000000800717a       0x26 ./FATFS/Target/user_diskio.o
                0x000000000800717a                USER_write
 .text.USER_ioctl
                0x00000000080071a0       0x26 ./FATFS/Target/user_diskio.o
                0x00000000080071a0                USER_ioctl
 *fill*         0x00000000080071c6        0x2 
 .text.SPI_Timer_On
                0x00000000080071c8       0x28 ./FATFS/Target/user_diskio_spi.o
                0x00000000080071c8                SPI_Timer_On
 .text.SPI_Timer_Status
                0x00000000080071f0       0x2c ./FATFS/Target/user_diskio_spi.o
                0x00000000080071f0                SPI_Timer_Status
 .text.xchg_spi
                0x000000000800721c       0x2c ./FATFS/Target/user_diskio_spi.o
 .text.rcvr_spi_multi
                0x0000000008007248       0x38 ./FATFS/Target/user_diskio_spi.o
 .text.xmit_spi_multi
                0x0000000008007280       0x28 ./FATFS/Target/user_diskio_spi.o
 .text.wait_ready
                0x00000000080072a8       0x46 ./FATFS/Target/user_diskio_spi.o
 .text.despiselect
                0x00000000080072ee       0x1c ./FATFS/Target/user_diskio_spi.o
 .text.spiselect
                0x000000000800730a       0x34 ./FATFS/Target/user_diskio_spi.o
 .text.rcvr_datablock
                0x000000000800733e       0x52 ./FATFS/Target/user_diskio_spi.o
 .text.xmit_datablock
                0x0000000008007390       0x64 ./FATFS/Target/user_diskio_spi.o
 .text.send_cmd
                0x00000000080073f4       0xde ./FATFS/Target/user_diskio_spi.o
 *fill*         0x00000000080074d2        0x2 
 .text.USER_SPI_initialize
                0x00000000080074d4      0x1d8 ./FATFS/Target/user_diskio_spi.o
                0x00000000080074d4                USER_SPI_initialize
 .text.USER_SPI_status
                0x00000000080076ac       0x2c ./FATFS/Target/user_diskio_spi.o
                0x00000000080076ac                USER_SPI_status
 .text.USER_SPI_read
                0x00000000080076d8       0xcc ./FATFS/Target/user_diskio_spi.o
                0x00000000080076d8                USER_SPI_read
 .text.USER_SPI_write
                0x00000000080077a4       0xf8 ./FATFS/Target/user_diskio_spi.o
                0x00000000080077a4                USER_SPI_write
 .text.USER_SPI_ioctl
                0x000000000800789c      0x2e0 ./FATFS/Target/user_diskio_spi.o
                0x000000000800789c                USER_SPI_ioctl
 .text.disk_status
                0x0000000008007b7c       0x34 ./Middlewares/Third_Party/FatFs/src/diskio.o
                0x0000000008007b7c                disk_status
 .text.disk_initialize
                0x0000000008007bb0       0x4c ./Middlewares/Third_Party/FatFs/src/diskio.o
                0x0000000008007bb0                disk_initialize
 .text.disk_read
                0x0000000008007bfc       0x40 ./Middlewares/Third_Party/FatFs/src/diskio.o
                0x0000000008007bfc                disk_read
 .text.disk_write
                0x0000000008007c3c       0x40 ./Middlewares/Third_Party/FatFs/src/diskio.o
                0x0000000008007c3c                disk_write
 .text.disk_ioctl
                0x0000000008007c7c       0x3c ./Middlewares/Third_Party/FatFs/src/diskio.o
                0x0000000008007c7c                disk_ioctl
 .text.ld_word  0x0000000008007cb8       0x30 ./Middlewares/Third_Party/FatFs/src/ff.o
 .text.ld_dword
                0x0000000008007ce8       0x46 ./Middlewares/Third_Party/FatFs/src/ff.o
 .text.st_word  0x0000000008007d2e       0x36 ./Middlewares/Third_Party/FatFs/src/ff.o
 .text.st_dword
                0x0000000008007d64       0x58 ./Middlewares/Third_Party/FatFs/src/ff.o
 .text.mem_cpy  0x0000000008007dbc       0x42 ./Middlewares/Third_Party/FatFs/src/ff.o
 .text.mem_set  0x0000000008007dfe       0x36 ./Middlewares/Third_Party/FatFs/src/ff.o
 .text.mem_cmp  0x0000000008007e34       0x4e ./Middlewares/Third_Party/FatFs/src/ff.o
 .text.chk_chr  0x0000000008007e82       0x36 ./Middlewares/Third_Party/FatFs/src/ff.o
 .text.lock_fs  0x0000000008007eb8       0x2c ./Middlewares/Third_Party/FatFs/src/ff.o
 .text.unlock_fs
                0x0000000008007ee4       0x36 ./Middlewares/Third_Party/FatFs/src/ff.o
 *fill*         0x0000000008007f1a        0x2 
 .text.chk_lock
                0x0000000008007f1c       0xb8 ./Middlewares/Third_Party/FatFs/src/ff.o
 .text.enq_lock
                0x0000000008007fd4       0x44 ./Middlewares/Third_Party/FatFs/src/ff.o
 .text.inc_lock
                0x0000000008008018      0x11c ./Middlewares/Third_Party/FatFs/src/ff.o
 .text.dec_lock
                0x0000000008008134       0x78 ./Middlewares/Third_Party/FatFs/src/ff.o
 .text.clear_lock
                0x00000000080081ac       0x48 ./Middlewares/Third_Party/FatFs/src/ff.o
 .text.sync_window
                0x00000000080081f4       0x88 ./Middlewares/Third_Party/FatFs/src/ff.o
 .text.move_window
                0x000000000800827c       0x5a ./Middlewares/Third_Party/FatFs/src/ff.o
 *fill*         0x00000000080082d6        0x2 
 .text.sync_fs  0x00000000080082d8       0xdc ./Middlewares/Third_Party/FatFs/src/ff.o
 .text.clust2sect
                0x00000000080083b4       0x3e ./Middlewares/Third_Party/FatFs/src/ff.o
 .text.get_fat  0x00000000080083f2      0x150 ./Middlewares/Third_Party/FatFs/src/ff.o
 .text.put_fat  0x0000000008008542      0x1d4 ./Middlewares/Third_Party/FatFs/src/ff.o
 .text.remove_chain
                0x0000000008008716       0xca ./Middlewares/Third_Party/FatFs/src/ff.o
 .text.create_chain
                0x00000000080087e0      0x130 ./Middlewares/Third_Party/FatFs/src/ff.o
 .text.clmt_clust
                0x0000000008008910       0x68 ./Middlewares/Third_Party/FatFs/src/ff.o
 .text.dir_sdi  0x0000000008008978       0xf6 ./Middlewares/Third_Party/FatFs/src/ff.o
 .text.dir_next
                0x0000000008008a6e      0x18a ./Middlewares/Third_Party/FatFs/src/ff.o
 .text.dir_alloc
                0x0000000008008bf8       0x8e ./Middlewares/Third_Party/FatFs/src/ff.o
 .text.ld_clust
                0x0000000008008c86       0x3e ./Middlewares/Third_Party/FatFs/src/ff.o
 .text.st_clust
                0x0000000008008cc4       0x40 ./Middlewares/Third_Party/FatFs/src/ff.o
 .text.dir_find
                0x0000000008008d04       0xaa ./Middlewares/Third_Party/FatFs/src/ff.o
 .text.dir_register
                0x0000000008008dae       0x64 ./Middlewares/Third_Party/FatFs/src/ff.o
 *fill*         0x0000000008008e12        0x2 
 .text.create_name
                0x0000000008008e14      0x128 ./Middlewares/Third_Party/FatFs/src/ff.o
 .text.follow_path
                0x0000000008008f3c       0xe2 ./Middlewares/Third_Party/FatFs/src/ff.o
 .text.get_ldnumber
                0x000000000800901e       0x88 ./Middlewares/Third_Party/FatFs/src/ff.o
 *fill*         0x00000000080090a6        0x2 
 .text.check_fs
                0x00000000080090a8       0xac ./Middlewares/Third_Party/FatFs/src/ff.o
 .text.find_volume
                0x0000000008009154      0x4a8 ./Middlewares/Third_Party/FatFs/src/ff.o
 .text.validate
                0x00000000080095fc       0x8e ./Middlewares/Third_Party/FatFs/src/ff.o
 *fill*         0x000000000800968a        0x2 
 .text.f_mount  0x000000000800968c       0xc8 ./Middlewares/Third_Party/FatFs/src/ff.o
                0x000000000800968c                f_mount
 .text.f_open   0x0000000008009754      0x38a ./Middlewares/Third_Party/FatFs/src/ff.o
                0x0000000008009754                f_open
 .text.f_read   0x0000000008009ade      0x2dc ./Middlewares/Third_Party/FatFs/src/ff.o
                0x0000000008009ade                f_read
 .text.f_sync   0x0000000008009dba      0x112 ./Middlewares/Third_Party/FatFs/src/ff.o
                0x0000000008009dba                f_sync
 .text.f_close  0x0000000008009ecc       0x5e ./Middlewares/Third_Party/FatFs/src/ff.o
                0x0000000008009ecc                f_close
 .text.f_gets   0x0000000008009f2a       0x7a ./Middlewares/Third_Party/FatFs/src/ff.o
                0x0000000008009f2a                f_gets
 .text.FATFS_LinkDriverEx
                0x0000000008009fa4       0x98 ./Middlewares/Third_Party/FatFs/src/ff_gen_drv.o
                0x0000000008009fa4                FATFS_LinkDriverEx
 .text.FATFS_LinkDriver
                0x000000000800a03c       0x1e ./Middlewares/Third_Party/FatFs/src/ff_gen_drv.o
                0x000000000800a03c                FATFS_LinkDriver
 .text.ff_cre_syncobj
                0x000000000800a05a       0x36 ./Middlewares/Third_Party/FatFs/src/option/syscall.o
                0x000000000800a05a                ff_cre_syncobj
 .text.ff_del_syncobj
                0x000000000800a090       0x18 ./Middlewares/Third_Party/FatFs/src/option/syscall.o
                0x000000000800a090                ff_del_syncobj
 .text.ff_req_grant
                0x000000000800a0a8       0x2a ./Middlewares/Third_Party/FatFs/src/option/syscall.o
                0x000000000800a0a8                ff_req_grant
 .text.ff_rel_grant
                0x000000000800a0d2       0x16 ./Middlewares/Third_Party/FatFs/src/option/syscall.o
                0x000000000800a0d2                ff_rel_grant
 .text.__NVIC_SetPriority
                0x000000000800a0e8       0x54 ./Middlewares/Third_Party/FreeRTOS/Source/CMSIS_RTOS_V2/cmsis_os2.o
 .text.SysTick_Handler
                0x000000000800a13c       0x20 ./Middlewares/Third_Party/FreeRTOS/Source/CMSIS_RTOS_V2/cmsis_os2.o
                0x000000000800a13c                SysTick_Handler
 .text.SVC_Setup
                0x000000000800a15c       0x12 ./Middlewares/Third_Party/FreeRTOS/Source/CMSIS_RTOS_V2/cmsis_os2.o
 *fill*         0x000000000800a16e        0x2 
 .text.osKernelInitialize
                0x000000000800a170       0x48 ./Middlewares/Third_Party/FreeRTOS/Source/CMSIS_RTOS_V2/cmsis_os2.o
                0x000000000800a170                osKernelInitialize
 .text.osKernelStart
                0x000000000800a1b8       0x4c ./Middlewares/Third_Party/FreeRTOS/Source/CMSIS_RTOS_V2/cmsis_os2.o
                0x000000000800a1b8                osKernelStart
 .text.osThreadNew
                0x000000000800a204      0x124 ./Middlewares/Third_Party/FreeRTOS/Source/CMSIS_RTOS_V2/cmsis_os2.o
                0x000000000800a204                osThreadNew
 .text.osDelay  0x000000000800a328       0x36 ./Middlewares/Third_Party/FreeRTOS/Source/CMSIS_RTOS_V2/cmsis_os2.o
                0x000000000800a328                osDelay
 .text.osSemaphoreNew
                0x000000000800a35e      0x112 ./Middlewares/Third_Party/FreeRTOS/Source/CMSIS_RTOS_V2/cmsis_os2.o
                0x000000000800a35e                osSemaphoreNew
 .text.osSemaphoreAcquire
                0x000000000800a470       0xa4 ./Middlewares/Third_Party/FreeRTOS/Source/CMSIS_RTOS_V2/cmsis_os2.o
                0x000000000800a470                osSemaphoreAcquire
 .text.osSemaphoreRelease
                0x000000000800a514       0x88 ./Middlewares/Third_Party/FreeRTOS/Source/CMSIS_RTOS_V2/cmsis_os2.o
                0x000000000800a514                osSemaphoreRelease
 .text.osSemaphoreDelete
                0x000000000800a59c       0x48 ./Middlewares/Third_Party/FreeRTOS/Source/CMSIS_RTOS_V2/cmsis_os2.o
                0x000000000800a59c                osSemaphoreDelete
 .text.osMessageQueueNew
                0x000000000800a5e4       0xe6 ./Middlewares/Third_Party/FreeRTOS/Source/CMSIS_RTOS_V2/cmsis_os2.o
                0x000000000800a5e4                osMessageQueueNew
 *fill*         0x000000000800a6ca        0x2 
 .text.osMessageQueuePut
                0x000000000800a6cc       0xc0 ./Middlewares/Third_Party/FreeRTOS/Source/CMSIS_RTOS_V2/cmsis_os2.o
                0x000000000800a6cc                osMessageQueuePut
 .text.osMessageQueueGet
                0x000000000800a78c       0xbc ./Middlewares/Third_Party/FreeRTOS/Source/CMSIS_RTOS_V2/cmsis_os2.o
                0x000000000800a78c                osMessageQueueGet
 .text.osMessageQueueGetCount
                0x000000000800a848       0x40 ./Middlewares/Third_Party/FreeRTOS/Source/CMSIS_RTOS_V2/cmsis_os2.o
                0x000000000800a848                osMessageQueueGetCount
 .text.vApplicationGetIdleTaskMemory
                0x000000000800a888       0x34 ./Middlewares/Third_Party/FreeRTOS/Source/CMSIS_RTOS_V2/cmsis_os2.o
                0x000000000800a888                vApplicationGetIdleTaskMemory
 .text.vApplicationGetTimerTaskMemory
                0x000000000800a8bc       0x34 ./Middlewares/Third_Party/FreeRTOS/Source/CMSIS_RTOS_V2/cmsis_os2.o
                0x000000000800a8bc                vApplicationGetTimerTaskMemory
 .text.vListInitialise
                0x000000000800a8f0       0x40 ./Middlewares/Third_Party/FreeRTOS/Source/list.o
                0x000000000800a8f0                vListInitialise
 .text.vListInitialiseItem
                0x000000000800a930       0x1a ./Middlewares/Third_Party/FreeRTOS/Source/list.o
                0x000000000800a930                vListInitialiseItem
 .text.vListInsertEnd
                0x000000000800a94a       0x48 ./Middlewares/Third_Party/FreeRTOS/Source/list.o
                0x000000000800a94a                vListInsertEnd
 .text.vListInsert
                0x000000000800a992       0x72 ./Middlewares/Third_Party/FreeRTOS/Source/list.o
                0x000000000800a992                vListInsert
 .text.uxListRemove
                0x000000000800aa04       0x54 ./Middlewares/Third_Party/FreeRTOS/Source/list.o
                0x000000000800aa04                uxListRemove
 .text.xQueueGenericReset
                0x000000000800aa58       0xd0 ./Middlewares/Third_Party/FreeRTOS/Source/queue.o
                0x000000000800aa58                xQueueGenericReset
 .text.xQueueGenericCreateStatic
                0x000000000800ab28       0xf0 ./Middlewares/Third_Party/FreeRTOS/Source/queue.o
                0x000000000800ab28                xQueueGenericCreateStatic
 .text.xQueueGenericCreate
                0x000000000800ac18       0x74 ./Middlewares/Third_Party/FreeRTOS/Source/queue.o
                0x000000000800ac18                xQueueGenericCreate
 .text.prvInitialiseNewQueue
                0x000000000800ac8c       0x46 ./Middlewares/Third_Party/FreeRTOS/Source/queue.o
 .text.xQueueCreateCountingSemaphoreStatic
                0x000000000800acd2       0x6e ./Middlewares/Third_Party/FreeRTOS/Source/queue.o
                0x000000000800acd2                xQueueCreateCountingSemaphoreStatic
 .text.xQueueCreateCountingSemaphore
                0x000000000800ad40       0x66 ./Middlewares/Third_Party/FreeRTOS/Source/queue.o
                0x000000000800ad40                xQueueCreateCountingSemaphore
 *fill*         0x000000000800ada6        0x2 
 .text.xQueueGenericSend
                0x000000000800ada8      0x1fc ./Middlewares/Third_Party/FreeRTOS/Source/queue.o
                0x000000000800ada8                xQueueGenericSend
 .text.xQueueGenericSendFromISR
                0x000000000800afa4      0x136 ./Middlewares/Third_Party/FreeRTOS/Source/queue.o
                0x000000000800afa4                xQueueGenericSendFromISR
 .text.xQueueGiveFromISR
                0x000000000800b0da      0x11a ./Middlewares/Third_Party/FreeRTOS/Source/queue.o
                0x000000000800b0da                xQueueGiveFromISR
 .text.xQueueReceive
                0x000000000800b1f4      0x1c0 ./Middlewares/Third_Party/FreeRTOS/Source/queue.o
                0x000000000800b1f4                xQueueReceive
 .text.xQueueSemaphoreTake
                0x000000000800b3b4      0x218 ./Middlewares/Third_Party/FreeRTOS/Source/queue.o
                0x000000000800b3b4                xQueueSemaphoreTake
 .text.xQueueReceiveFromISR
                0x000000000800b5cc      0x100 ./Middlewares/Third_Party/FreeRTOS/Source/queue.o
                0x000000000800b5cc                xQueueReceiveFromISR
 .text.uxQueueMessagesWaiting
                0x000000000800b6cc       0x3c ./Middlewares/Third_Party/FreeRTOS/Source/queue.o
                0x000000000800b6cc                uxQueueMessagesWaiting
 .text.uxQueueMessagesWaitingFromISR
                0x000000000800b708       0x3c ./Middlewares/Third_Party/FreeRTOS/Source/queue.o
                0x000000000800b708                uxQueueMessagesWaitingFromISR
 .text.vQueueDelete
                0x000000000800b744       0x46 ./Middlewares/Third_Party/FreeRTOS/Source/queue.o
                0x000000000800b744                vQueueDelete
 .text.prvGetDisinheritPriorityAfterTimeout
                0x000000000800b78a       0x30 ./Middlewares/Third_Party/FreeRTOS/Source/queue.o
 .text.prvCopyDataToQueue
                0x000000000800b7ba       0xd4 ./Middlewares/Third_Party/FreeRTOS/Source/queue.o
 .text.prvCopyDataFromQueue
                0x000000000800b88e       0x4c ./Middlewares/Third_Party/FreeRTOS/Source/queue.o
 .text.prvUnlockQueue
                0x000000000800b8da       0xa4 ./Middlewares/Third_Party/FreeRTOS/Source/queue.o
 .text.prvIsQueueEmpty
                0x000000000800b97e       0x2c ./Middlewares/Third_Party/FreeRTOS/Source/queue.o
 .text.prvIsQueueFull
                0x000000000800b9aa       0x30 ./Middlewares/Third_Party/FreeRTOS/Source/queue.o
 *fill*         0x000000000800b9da        0x2 
 .text.vQueueAddToRegistry
                0x000000000800b9dc       0x54 ./Middlewares/Third_Party/FreeRTOS/Source/queue.o
                0x000000000800b9dc                vQueueAddToRegistry
 .text.vQueueUnregisterQueue
                0x000000000800ba30       0x54 ./Middlewares/Third_Party/FreeRTOS/Source/queue.o
                0x000000000800ba30                vQueueUnregisterQueue
 .text.vQueueWaitForMessageRestricted
                0x000000000800ba84       0x68 ./Middlewares/Third_Party/FreeRTOS/Source/queue.o
                0x000000000800ba84                vQueueWaitForMessageRestricted
 .text.xTaskCreateStatic
                0x000000000800baec       0xba ./Middlewares/Third_Party/FreeRTOS/Source/tasks.o
                0x000000000800baec                xTaskCreateStatic
 .text.xTaskCreate
                0x000000000800bba6       0x8a ./Middlewares/Third_Party/FreeRTOS/Source/tasks.o
                0x000000000800bba6                xTaskCreate
 .text.prvInitialiseNewTask
                0x000000000800bc30      0x11e ./Middlewares/Third_Party/FreeRTOS/Source/tasks.o
 *fill*         0x000000000800bd4e        0x2 
 .text.prvAddNewTaskToReadyList
                0x000000000800bd50       0xe0 ./Middlewares/Third_Party/FreeRTOS/Source/tasks.o
 .text.vTaskDelay
                0x000000000800be30       0x68 ./Middlewares/Third_Party/FreeRTOS/Source/tasks.o
                0x000000000800be30                vTaskDelay
 .text.vTaskStartScheduler
                0x000000000800be98       0xcc ./Middlewares/Third_Party/FreeRTOS/Source/tasks.o
                0x000000000800be98                vTaskStartScheduler
 .text.vTaskSuspendAll
                0x000000000800bf64       0x1c ./Middlewares/Third_Party/FreeRTOS/Source/tasks.o
                0x000000000800bf64                vTaskSuspendAll
 .text.xTaskResumeAll
                0x000000000800bf80      0x13c ./Middlewares/Third_Party/FreeRTOS/Source/tasks.o
                0x000000000800bf80                xTaskResumeAll
 .text.xTaskGetTickCount
                0x000000000800c0bc       0x20 ./Middlewares/Third_Party/FreeRTOS/Source/tasks.o
                0x000000000800c0bc                xTaskGetTickCount
 .text.xTaskIncrementTick
                0x000000000800c0dc      0x174 ./Middlewares/Third_Party/FreeRTOS/Source/tasks.o
                0x000000000800c0dc                xTaskIncrementTick
 .text.vTaskSwitchContext
                0x000000000800c250       0xbc ./Middlewares/Third_Party/FreeRTOS/Source/tasks.o
                0x000000000800c250                vTaskSwitchContext
 .text.vTaskPlaceOnEventList
                0x000000000800c30c       0x48 ./Middlewares/Third_Party/FreeRTOS/Source/tasks.o
                0x000000000800c30c                vTaskPlaceOnEventList
 .text.vTaskPlaceOnEventListRestricted
                0x000000000800c354       0x58 ./Middlewares/Third_Party/FreeRTOS/Source/tasks.o
                0x000000000800c354                vTaskPlaceOnEventListRestricted
 .text.xTaskRemoveFromEventList
                0x000000000800c3ac       0xc8 ./Middlewares/Third_Party/FreeRTOS/Source/tasks.o
                0x000000000800c3ac                xTaskRemoveFromEventList
 .text.vTaskInternalSetTimeOutState
                0x000000000800c474       0x2c ./Middlewares/Third_Party/FreeRTOS/Source/tasks.o
                0x000000000800c474                vTaskInternalSetTimeOutState
 .text.xTaskCheckForTimeOut
                0x000000000800c4a0       0xc4 ./Middlewares/Third_Party/FreeRTOS/Source/tasks.o
                0x000000000800c4a0                xTaskCheckForTimeOut
 .text.vTaskMissedYield
                0x000000000800c564       0x18 ./Middlewares/Third_Party/FreeRTOS/Source/tasks.o
                0x000000000800c564                vTaskMissedYield
 .text.prvIdleTask
                0x000000000800c57c       0x30 ./Middlewares/Third_Party/FreeRTOS/Source/tasks.o
 .text.prvInitialiseTaskLists
                0x000000000800c5ac       0x80 ./Middlewares/Third_Party/FreeRTOS/Source/tasks.o
 .text.prvCheckTasksWaitingTermination
                0x000000000800c62c       0x5c ./Middlewares/Third_Party/FreeRTOS/Source/tasks.o
 .text.prvDeleteTCB
                0x000000000800c688       0x5e ./Middlewares/Third_Party/FreeRTOS/Source/tasks.o
 *fill*         0x000000000800c6e6        0x2 
 .text.prvResetNextTaskUnblockTime
                0x000000000800c6e8       0x40 ./Middlewares/Third_Party/FreeRTOS/Source/tasks.o
 .text.xTaskGetSchedulerState
                0x000000000800c728       0x3c ./Middlewares/Third_Party/FreeRTOS/Source/tasks.o
                0x000000000800c728                xTaskGetSchedulerState
 .text.xTaskPriorityInherit
                0x000000000800c764       0xd0 ./Middlewares/Third_Party/FreeRTOS/Source/tasks.o
                0x000000000800c764                xTaskPriorityInherit
 .text.xTaskPriorityDisinherit
                0x000000000800c834       0xdc ./Middlewares/Third_Party/FreeRTOS/Source/tasks.o
                0x000000000800c834                xTaskPriorityDisinherit
 .text.vTaskPriorityDisinheritAfterTimeout
                0x000000000800c910      0x104 ./Middlewares/Third_Party/FreeRTOS/Source/tasks.o
                0x000000000800c910                vTaskPriorityDisinheritAfterTimeout
 .text.pvTaskIncrementMutexHeldCount
                0x000000000800ca14       0x28 ./Middlewares/Third_Party/FreeRTOS/Source/tasks.o
                0x000000000800ca14                pvTaskIncrementMutexHeldCount
 .text.prvAddCurrentTaskToDelayedList
                0x000000000800ca3c       0xa8 ./Middlewares/Third_Party/FreeRTOS/Source/tasks.o
 .text.xTimerCreateTimerTask
                0x000000000800cae4       0x90 ./Middlewares/Third_Party/FreeRTOS/Source/timers.o
                0x000000000800cae4                xTimerCreateTimerTask
 .text.xTimerGenericCommand
                0x000000000800cb74       0x9c ./Middlewares/Third_Party/FreeRTOS/Source/timers.o
                0x000000000800cb74                xTimerGenericCommand
 .text.prvProcessExpiredTimer
                0x000000000800cc10       0x98 ./Middlewares/Third_Party/FreeRTOS/Source/timers.o
 .text.prvTimerTask
                0x000000000800cca8       0x24 ./Middlewares/Third_Party/FreeRTOS/Source/timers.o
 .text.prvProcessTimerOrBlockTask
                0x000000000800cccc       0x9c ./Middlewares/Third_Party/FreeRTOS/Source/timers.o
 .text.prvGetNextExpireTime
                0x000000000800cd68       0x48 ./Middlewares/Third_Party/FreeRTOS/Source/timers.o
 .text.prvSampleTimeNow
                0x000000000800cdb0       0x40 ./Middlewares/Third_Party/FreeRTOS/Source/timers.o
 .text.prvInsertTimerInActiveList
                0x000000000800cdf0       0x84 ./Middlewares/Third_Party/FreeRTOS/Source/timers.o
 .text.prvProcessReceivedCommands
                0x000000000800ce74      0x1c4 ./Middlewares/Third_Party/FreeRTOS/Source/timers.o
 .text.prvSwitchTimerLists
                0x000000000800d038       0xc8 ./Middlewares/Third_Party/FreeRTOS/Source/timers.o
 .text.prvCheckForValidListAndQueue
                0x000000000800d100       0x80 ./Middlewares/Third_Party/FreeRTOS/Source/timers.o
 .text.pxPortInitialiseStack
                0x000000000800d180       0x68 ./Middlewares/Third_Party/FreeRTOS/Source/portable/GCC/ARM_CM4F/port.o
                0x000000000800d180                pxPortInitialiseStack
 .text.prvTaskExitError
                0x000000000800d1e8       0x58 ./Middlewares/Third_Party/FreeRTOS/Source/portable/GCC/ARM_CM4F/port.o
 .text.SVC_Handler
                0x000000000800d240       0x28 ./Middlewares/Third_Party/FreeRTOS/Source/portable/GCC/ARM_CM4F/port.o
                0x000000000800d240                SVC_Handler
 .text.prvPortStartFirstTask
                0x000000000800d268       0x28 ./Middlewares/Third_Party/FreeRTOS/Source/portable/GCC/ARM_CM4F/port.o
 .text.xPortStartScheduler
                0x000000000800d290      0x144 ./Middlewares/Third_Party/FreeRTOS/Source/portable/GCC/ARM_CM4F/port.o
                0x000000000800d290                xPortStartScheduler
 .text.vPortEnterCritical
                0x000000000800d3d4       0x60 ./Middlewares/Third_Party/FreeRTOS/Source/portable/GCC/ARM_CM4F/port.o
                0x000000000800d3d4                vPortEnterCritical
 .text.vPortExitCritical
                0x000000000800d434       0x54 ./Middlewares/Third_Party/FreeRTOS/Source/portable/GCC/ARM_CM4F/port.o
                0x000000000800d434                vPortExitCritical
 *fill*         0x000000000800d488        0x8 
 .text.PendSV_Handler
                0x000000000800d490       0x68 ./Middlewares/Third_Party/FreeRTOS/Source/portable/GCC/ARM_CM4F/port.o
                0x000000000800d490                PendSV_Handler
 .text.xPortSysTickHandler
                0x000000000800d4f8       0x44 ./Middlewares/Third_Party/FreeRTOS/Source/portable/GCC/ARM_CM4F/port.o
                0x000000000800d4f8                xPortSysTickHandler
 .text.vPortSetupTimerInterrupt
                0x000000000800d53c       0x48 ./Middlewares/Third_Party/FreeRTOS/Source/portable/GCC/ARM_CM4F/port.o
                0x000000000800d53c                vPortSetupTimerInterrupt
 .text.vPortEnableVFP
                0x000000000800d584       0x14 ./Middlewares/Third_Party/FreeRTOS/Source/portable/GCC/ARM_CM4F/port.o
 .text.vPortValidateInterruptPriority
                0x000000000800d598       0x80 ./Middlewares/Third_Party/FreeRTOS/Source/portable/GCC/ARM_CM4F/port.o
                0x000000000800d598                vPortValidateInterruptPriority
 .text.pvPortMalloc
                0x000000000800d618      0x198 ./Middlewares/Third_Party/FreeRTOS/Source/portable/MemMang/heap_4.o
                0x000000000800d618                pvPortMalloc
 .text.vPortFree
                0x000000000800d7b0       0xc4 ./Middlewares/Third_Party/FreeRTOS/Source/portable/MemMang/heap_4.o
                0x000000000800d7b0                vPortFree
 .text.prvHeapInit
                0x000000000800d874       0xc4 ./Middlewares/Third_Party/FreeRTOS/Source/portable/MemMang/heap_4.o
 .text.prvInsertBlockIntoFreeList
                0x000000000800d938       0xb4 ./Middlewares/Third_Party/FreeRTOS/Source/portable/MemMang/heap_4.o
 .text.atof     0x000000000800d9ec        0x6 C:/ST/STM32CubeIDE_1.13.1/STM32CubeIDE/plugins/com.st.stm32cube.ide.mcu.externaltools.gnu-tools-for-stm32.11.3.rel1.win32_1.1.100.202309141235/tools/bin/../lib/gcc/arm-none-eabi/11.3.1/../../../../arm-none-eabi/lib/thumb/v7e-m+fp/hard\libc_nano.a(libc_a-atof.o)
                0x000000000800d9ec                atof
 .text.atoi     0x000000000800d9f2        0x8 C:/ST/STM32CubeIDE_1.13.1/STM32CubeIDE/plugins/com.st.stm32cube.ide.mcu.externaltools.gnu-tools-for-stm32.11.3.rel1.win32_1.1.100.202309141235/tools/bin/../lib/gcc/arm-none-eabi/11.3.1/../../../../arm-none-eabi/lib/thumb/v7e-m+fp/hard\libc_nano.a(libc_a-atoi.o)
                0x000000000800d9f2                atoi
 .text.sulp     0x000000000800d9fa       0x38 C:/ST/STM32CubeIDE_1.13.1/STM32CubeIDE/plugins/com.st.stm32cube.ide.mcu.externaltools.gnu-tools-for-stm32.11.3.rel1.win32_1.1.100.202309141235/tools/bin/../lib/gcc/arm-none-eabi/11.3.1/../../../../arm-none-eabi/lib/thumb/v7e-m+fp/hard\libc_nano.a(libc_a-strtod.o)
 *fill*         0x000000000800da32        0x6 
 .text._strtod_l
                0x000000000800da38      0xbe0 C:/ST/STM32CubeIDE_1.13.1/STM32CubeIDE/plugins/com.st.stm32cube.ide.mcu.externaltools.gnu-tools-for-stm32.11.3.rel1.win32_1.1.100.202309141235/tools/bin/../lib/gcc/arm-none-eabi/11.3.1/../../../../arm-none-eabi/lib/thumb/v7e-m+fp/hard\libc_nano.a(libc_a-strtod.o)
                0x000000000800da38                _strtod_l
 .text.strtod   0x000000000800e618       0x18 C:/ST/STM32CubeIDE_1.13.1/STM32CubeIDE/plugins/com.st.stm32cube.ide.mcu.externaltools.gnu-tools-for-stm32.11.3.rel1.win32_1.1.100.202309141235/tools/bin/../lib/gcc/arm-none-eabi/11.3.1/../../../../arm-none-eabi/lib/thumb/v7e-m+fp/hard\libc_nano.a(libc_a-strtod.o)
                0x000000000800e618                strtod
 .text._strtol_l.constprop.0
                0x000000000800e630      0x104 C:/ST/STM32CubeIDE_1.13.1/STM32CubeIDE/plugins/com.st.stm32cube.ide.mcu.externaltools.gnu-tools-for-stm32.11.3.rel1.win32_1.1.100.202309141235/tools/bin/../lib/gcc/arm-none-eabi/11.3.1/../../../../arm-none-eabi/lib/thumb/v7e-m+fp/hard\libc_nano.a(libc_a-strtol.o)
 .text.strtol   0x000000000800e734       0x14 C:/ST/STM32CubeIDE_1.13.1/STM32CubeIDE/plugins/com.st.stm32cube.ide.mcu.externaltools.gnu-tools-for-stm32.11.3.rel1.win32_1.1.100.202309141235/tools/bin/../lib/gcc/arm-none-eabi/11.3.1/../../../../arm-none-eabi/lib/thumb/v7e-m+fp/hard\libc_nano.a(libc_a-strtol.o)
                0x000000000800e734                strtol
 .text.std      0x000000000800e748       0x6c C:/ST/STM32CubeIDE_1.13.1/STM32CubeIDE/plugins/com.st.stm32cube.ide.mcu.externaltools.gnu-tools-for-stm32.11.3.rel1.win32_1.1.100.202309141235/tools/bin/../lib/gcc/arm-none-eabi/11.3.1/../../../../arm-none-eabi/lib/thumb/v7e-m+fp/hard\libc_nano.a(libc_a-findfp.o)
 .text.stdio_exit_handler
                0x000000000800e7b4       0x18 C:/ST/STM32CubeIDE_1.13.1/STM32CubeIDE/plugins/com.st.stm32cube.ide.mcu.externaltools.gnu-tools-for-stm32.11.3.rel1.win32_1.1.100.202309141235/tools/bin/../lib/gcc/arm-none-eabi/11.3.1/../../../../arm-none-eabi/lib/thumb/v7e-m+fp/hard\libc_nano.a(libc_a-findfp.o)
 .text.cleanup_stdio
                0x000000000800e7cc       0x40 C:/ST/STM32CubeIDE_1.13.1/STM32CubeIDE/plugins/com.st.stm32cube.ide.mcu.externaltools.gnu-tools-for-stm32.11.3.rel1.win32_1.1.100.202309141235/tools/bin/../lib/gcc/arm-none-eabi/11.3.1/../../../../arm-none-eabi/lib/thumb/v7e-m+fp/hard\libc_nano.a(libc_a-findfp.o)
 .text.global_stdio_init.part.0
                0x000000000800e80c       0x3c C:/ST/STM32CubeIDE_1.13.1/STM32CubeIDE/plugins/com.st.stm32cube.ide.mcu.externaltools.gnu-tools-for-stm32.11.3.rel1.win32_1.1.100.202309141235/tools/bin/../lib/gcc/arm-none-eabi/11.3.1/../../../../arm-none-eabi/lib/thumb/v7e-m+fp/hard\libc_nano.a(libc_a-findfp.o)
 .text.__sfp_lock_acquire
                0x000000000800e848        0xc C:/ST/STM32CubeIDE_1.13.1/STM32CubeIDE/plugins/com.st.stm32cube.ide.mcu.externaltools.gnu-tools-for-stm32.11.3.rel1.win32_1.1.100.202309141235/tools/bin/../lib/gcc/arm-none-eabi/11.3.1/../../../../arm-none-eabi/lib/thumb/v7e-m+fp/hard\libc_nano.a(libc_a-findfp.o)
                0x000000000800e848                __sfp_lock_acquire
 .text.__sfp_lock_release
                0x000000000800e854        0xc C:/ST/STM32CubeIDE_1.13.1/STM32CubeIDE/plugins/com.st.stm32cube.ide.mcu.externaltools.gnu-tools-for-stm32.11.3.rel1.win32_1.1.100.202309141235/tools/bin/../lib/gcc/arm-none-eabi/11.3.1/../../../../arm-none-eabi/lib/thumb/v7e-m+fp/hard\libc_nano.a(libc_a-findfp.o)
                0x000000000800e854                __sfp_lock_release
 .text.__sinit  0x000000000800e860       0x30 C:/ST/STM32CubeIDE_1.13.1/STM32CubeIDE/plugins/com.st.stm32cube.ide.mcu.externaltools.gnu-tools-for-stm32.11.3.rel1.win32_1.1.100.202309141235/tools/bin/../lib/gcc/arm-none-eabi/11.3.1/../../../../arm-none-eabi/lib/thumb/v7e-m+fp/hard\libc_nano.a(libc_a-findfp.o)
                0x000000000800e860                __sinit
 .text._fwalk_sglue
                0x000000000800e890       0x3c C:/ST/STM32CubeIDE_1.13.1/STM32CubeIDE/plugins/com.st.stm32cube.ide.mcu.externaltools.gnu-tools-for-stm32.11.3.rel1.win32_1.1.100.202309141235/tools/bin/../lib/gcc/arm-none-eabi/11.3.1/../../../../arm-none-eabi/lib/thumb/v7e-m+fp/hard\libc_nano.a(libc_a-fwalk.o)
                0x000000000800e890                _fwalk_sglue
 .text.printf   0x000000000800e8cc       0x24 C:/ST/STM32CubeIDE_1.13.1/STM32CubeIDE/plugins/com.st.stm32cube.ide.mcu.externaltools.gnu-tools-for-stm32.11.3.rel1.win32_1.1.100.202309141235/tools/bin/../lib/gcc/arm-none-eabi/11.3.1/../../../../arm-none-eabi/lib/thumb/v7e-m+fp/hard\libc_nano.a(libc_a-printf.o)
                0x000000000800e8cc                iprintf
                0x000000000800e8cc                printf
 .text.__sread  0x000000000800e8f0       0x22 C:/ST/STM32CubeIDE_1.13.1/STM32CubeIDE/plugins/com.st.stm32cube.ide.mcu.externaltools.gnu-tools-for-stm32.11.3.rel1.win32_1.1.100.202309141235/tools/bin/../lib/gcc/arm-none-eabi/11.3.1/../../../../arm-none-eabi/lib/thumb/v7e-m+fp/hard\libc_nano.a(libc_a-stdio.o)
                0x000000000800e8f0                __sread
 .text.__swrite
                0x000000000800e912       0x38 C:/ST/STM32CubeIDE_1.13.1/STM32CubeIDE/plugins/com.st.stm32cube.ide.mcu.externaltools.gnu-tools-for-stm32.11.3.rel1.win32_1.1.100.202309141235/tools/bin/../lib/gcc/arm-none-eabi/11.3.1/../../../../arm-none-eabi/lib/thumb/v7e-m+fp/hard\libc_nano.a(libc_a-stdio.o)
                0x000000000800e912                __swrite
 .text.__sseek  0x000000000800e94a       0x24 C:/ST/STM32CubeIDE_1.13.1/STM32CubeIDE/plugins/com.st.stm32cube.ide.mcu.externaltools.gnu-tools-for-stm32.11.3.rel1.win32_1.1.100.202309141235/tools/bin/../lib/gcc/arm-none-eabi/11.3.1/../../../../arm-none-eabi/lib/thumb/v7e-m+fp/hard\libc_nano.a(libc_a-stdio.o)
                0x000000000800e94a                __sseek
 .text.__sclose
                0x000000000800e96e        0x8 C:/ST/STM32CubeIDE_1.13.1/STM32CubeIDE/plugins/com.st.stm32cube.ide.mcu.externaltools.gnu-tools-for-stm32.11.3.rel1.win32_1.1.100.202309141235/tools/bin/../lib/gcc/arm-none-eabi/11.3.1/../../../../arm-none-eabi/lib/thumb/v7e-m+fp/hard\libc_nano.a(libc_a-stdio.o)
                0x000000000800e96e                __sclose
 .text._vsnprintf_r
                0x000000000800e976       0x56 C:/ST/STM32CubeIDE_1.13.1/STM32CubeIDE/plugins/com.st.stm32cube.ide.mcu.externaltools.gnu-tools-for-stm32.11.3.rel1.win32_1.1.100.202309141235/tools/bin/../lib/gcc/arm-none-eabi/11.3.1/../../../../arm-none-eabi/lib/thumb/v7e-m+fp/hard\libc_nano.a(libc_a-vsnprintf.o)
                0x000000000800e976                _vsniprintf_r
                0x000000000800e976                _vsnprintf_r
 .text.vsnprintf
                0x000000000800e9cc       0x1c C:/ST/STM32CubeIDE_1.13.1/STM32CubeIDE/plugins/com.st.stm32cube.ide.mcu.externaltools.gnu-tools-for-stm32.11.3.rel1.win32_1.1.100.202309141235/tools/bin/../lib/gcc/arm-none-eabi/11.3.1/../../../../arm-none-eabi/lib/thumb/v7e-m+fp/hard\libc_nano.a(libc_a-vsnprintf.o)
                0x000000000800e9cc                vsniprintf
                0x000000000800e9cc                vsnprintf
 .text.memset   0x000000000800e9e8       0x10 C:/ST/STM32CubeIDE_1.13.1/STM32CubeIDE/plugins/com.st.stm32cube.ide.mcu.externaltools.gnu-tools-for-stm32.11.3.rel1.win32_1.1.100.202309141235/tools/bin/../lib/gcc/arm-none-eabi/11.3.1/../../../../arm-none-eabi/lib/thumb/v7e-m+fp/hard\libc_nano.a(libc_a-memset.o)
                0x000000000800e9e8                memset
 .text.strncmp  0x000000000800e9f8       0x24 C:/ST/STM32CubeIDE_1.13.1/STM32CubeIDE/plugins/com.st.stm32cube.ide.mcu.externaltools.gnu-tools-for-stm32.11.3.rel1.win32_1.1.100.202309141235/tools/bin/../lib/gcc/arm-none-eabi/11.3.1/../../../../arm-none-eabi/lib/thumb/v7e-m+fp/hard\libc_nano.a(libc_a-strncmp.o)
                0x000000000800e9f8                strncmp
 .text.strncpy  0x000000000800ea1c       0x26 C:/ST/STM32CubeIDE_1.13.1/STM32CubeIDE/plugins/com.st.stm32cube.ide.mcu.externaltools.gnu-tools-for-stm32.11.3.rel1.win32_1.1.100.202309141235/tools/bin/../lib/gcc/arm-none-eabi/11.3.1/../../../../arm-none-eabi/lib/thumb/v7e-m+fp/hard\libc_nano.a(libc_a-strncpy.o)
                0x000000000800ea1c                strncpy
 *fill*         0x000000000800ea42        0x2 
 .text.strtok   0x000000000800ea44       0x68 C:/ST/STM32CubeIDE_1.13.1/STM32CubeIDE/plugins/com.st.stm32cube.ide.mcu.externaltools.gnu-tools-for-stm32.11.3.rel1.win32_1.1.100.202309141235/tools/bin/../lib/gcc/arm-none-eabi/11.3.1/../../../../arm-none-eabi/lib/thumb/v7e-m+fp/hard\libc_nano.a(libc_a-strtok.o)
                0x000000000800ea44                strtok
 .text.__strtok_r
                0x000000000800eaac       0x50 C:/ST/STM32CubeIDE_1.13.1/STM32CubeIDE/plugins/com.st.stm32cube.ide.mcu.externaltools.gnu-tools-for-stm32.11.3.rel1.win32_1.1.100.202309141235/tools/bin/../lib/gcc/arm-none-eabi/11.3.1/../../../../arm-none-eabi/lib/thumb/v7e-m+fp/hard\libc_nano.a(libc_a-strtok_r.o)
                0x000000000800eaac                __strtok_r
 .text._close_r
                0x000000000800eafc       0x20 C:/ST/STM32CubeIDE_1.13.1/STM32CubeIDE/plugins/com.st.stm32cube.ide.mcu.externaltools.gnu-tools-for-stm32.11.3.rel1.win32_1.1.100.202309141235/tools/bin/../lib/gcc/arm-none-eabi/11.3.1/../../../../arm-none-eabi/lib/thumb/v7e-m+fp/hard\libc_nano.a(libc_a-closer.o)
                0x000000000800eafc                _close_r
 .text._lseek_r
                0x000000000800eb1c       0x24 C:/ST/STM32CubeIDE_1.13.1/STM32CubeIDE/plugins/com.st.stm32cube.ide.mcu.externaltools.gnu-tools-for-stm32.11.3.rel1.win32_1.1.100.202309141235/tools/bin/../lib/gcc/arm-none-eabi/11.3.1/../../../../arm-none-eabi/lib/thumb/v7e-m+fp/hard\libc_nano.a(libc_a-lseekr.o)
                0x000000000800eb1c                _lseek_r
 .text._read_r  0x000000000800eb40       0x24 C:/ST/STM32CubeIDE_1.13.1/STM32CubeIDE/plugins/com.st.stm32cube.ide.mcu.externaltools.gnu-tools-for-stm32.11.3.rel1.win32_1.1.100.202309141235/tools/bin/../lib/gcc/arm-none-eabi/11.3.1/../../../../arm-none-eabi/lib/thumb/v7e-m+fp/hard\libc_nano.a(libc_a-readr.o)
                0x000000000800eb40                _read_r
 .text._write_r
                0x000000000800eb64       0x24 C:/ST/STM32CubeIDE_1.13.1/STM32CubeIDE/plugins/com.st.stm32cube.ide.mcu.externaltools.gnu-tools-for-stm32.11.3.rel1.win32_1.1.100.202309141235/tools/bin/../lib/gcc/arm-none-eabi/11.3.1/../../../../arm-none-eabi/lib/thumb/v7e-m+fp/hard\libc_nano.a(libc_a-writer.o)
                0x000000000800eb64                _write_r
 .text.__errno  0x000000000800eb88        0xc C:/ST/STM32CubeIDE_1.13.1/STM32CubeIDE/plugins/com.st.stm32cube.ide.mcu.externaltools.gnu-tools-for-stm32.11.3.rel1.win32_1.1.100.202309141235/tools/bin/../lib/gcc/arm-none-eabi/11.3.1/../../../../arm-none-eabi/lib/thumb/v7e-m+fp/hard\libc_nano.a(libc_a-errno.o)
                0x000000000800eb88                __errno
 .text.__libc_init_array
                0x000000000800eb94       0x48 C:/ST/STM32CubeIDE_1.13.1/STM32CubeIDE/plugins/com.st.stm32cube.ide.mcu.externaltools.gnu-tools-for-stm32.11.3.rel1.win32_1.1.100.202309141235/tools/bin/../lib/gcc/arm-none-eabi/11.3.1/../../../../arm-none-eabi/lib/thumb/v7e-m+fp/hard\libc_nano.a(libc_a-init.o)
                0x000000000800eb94                __libc_init_array
 .text.__retarget_lock_init_recursive
                0x000000000800ebdc        0x2 C:/ST/STM32CubeIDE_1.13.1/STM32CubeIDE/plugins/com.st.stm32cube.ide.mcu.externaltools.gnu-tools-for-stm32.11.3.rel1.win32_1.1.100.202309141235/tools/bin/../lib/gcc/arm-none-eabi/11.3.1/../../../../arm-none-eabi/lib/thumb/v7e-m+fp/hard\libc_nano.a(libc_a-lock.o)
                0x000000000800ebdc                __retarget_lock_init_recursive
 .text.__retarget_lock_acquire_recursive
                0x000000000800ebde        0x2 C:/ST/STM32CubeIDE_1.13.1/STM32CubeIDE/plugins/com.st.stm32cube.ide.mcu.externaltools.gnu-tools-for-stm32.11.3.rel1.win32_1.1.100.202309141235/tools/bin/../lib/gcc/arm-none-eabi/11.3.1/../../../../arm-none-eabi/lib/thumb/v7e-m+fp/hard\libc_nano.a(libc_a-lock.o)
                0x000000000800ebde                __retarget_lock_acquire_recursive
 .text.__retarget_lock_release_recursive
                0x000000000800ebe0        0x2 C:/ST/STM32CubeIDE_1.13.1/STM32CubeIDE/plugins/com.st.stm32cube.ide.mcu.externaltools.gnu-tools-for-stm32.11.3.rel1.win32_1.1.100.202309141235/tools/bin/../lib/gcc/arm-none-eabi/11.3.1/../../../../arm-none-eabi/lib/thumb/v7e-m+fp/hard\libc_nano.a(libc_a-lock.o)
                0x000000000800ebe0                __retarget_lock_release_recursive
 .text.memcpy   0x000000000800ebe2       0x1c C:/ST/STM32CubeIDE_1.13.1/STM32CubeIDE/plugins/com.st.stm32cube.ide.mcu.externaltools.gnu-tools-for-stm32.11.3.rel1.win32_1.1.100.202309141235/tools/bin/../lib/gcc/arm-none-eabi/11.3.1/../../../../arm-none-eabi/lib/thumb/v7e-m+fp/hard\libc_nano.a(libc_a-memcpy-stub.o)
                0x000000000800ebe2                memcpy
 *fill*         0x000000000800ebfe        0x2 
 .text.nan      0x000000000800ec00       0x10 C:/ST/STM32CubeIDE_1.13.1/STM32CubeIDE/plugins/com.st.stm32cube.ide.mcu.externaltools.gnu-tools-for-stm32.11.3.rel1.win32_1.1.100.202309141235/tools/bin/../lib/gcc/arm-none-eabi/11.3.1/../../../../arm-none-eabi/lib/thumb/v7e-m+fp/hard\libc_nano.a(libm_a-s_nan.o)
                0x000000000800ec00                nan
 .text.__assert_func
                0x000000000800ec10       0x3c C:/ST/STM32CubeIDE_1.13.1/STM32CubeIDE/plugins/com.st.stm32cube.ide.mcu.externaltools.gnu-tools-for-stm32.11.3.rel1.win32_1.1.100.202309141235/tools/bin/../lib/gcc/arm-none-eabi/11.3.1/../../../../arm-none-eabi/lib/thumb/v7e-m+fp/hard\libc_nano.a(libc_a-assert.o)
                0x000000000800ec10                __assert_func
 .text._free_r  0x000000000800ec4c       0x98 C:/ST/STM32CubeIDE_1.13.1/STM32CubeIDE/plugins/com.st.stm32cube.ide.mcu.externaltools.gnu-tools-for-stm32.11.3.rel1.win32_1.1.100.202309141235/tools/bin/../lib/gcc/arm-none-eabi/11.3.1/../../../../arm-none-eabi/lib/thumb/v7e-m+fp/hard\libc_nano.a(libc_a-freer.o)
                0x000000000800ec4c                _free_r
 .text.rshift   0x000000000800ece4       0xa4 C:/ST/STM32CubeIDE_1.13.1/STM32CubeIDE/plugins/com.st.stm32cube.ide.mcu.externaltools.gnu-tools-for-stm32.11.3.rel1.win32_1.1.100.202309141235/tools/bin/../lib/gcc/arm-none-eabi/11.3.1/../../../../arm-none-eabi/lib/thumb/v7e-m+fp/hard\libc_nano.a(libc_a-gdtoa-gethex.o)
 .text.__hexdig_fun
                0x000000000800ed88       0x2a C:/ST/STM32CubeIDE_1.13.1/STM32CubeIDE/plugins/com.st.stm32cube.ide.mcu.externaltools.gnu-tools-for-stm32.11.3.rel1.win32_1.1.100.202309141235/tools/bin/../lib/gcc/arm-none-eabi/11.3.1/../../../../arm-none-eabi/lib/thumb/v7e-m+fp/hard\libc_nano.a(libc_a-gdtoa-gethex.o)
                0x000000000800ed88                __hexdig_fun
 *fill*         0x000000000800edb2        0x2 
 .text.__gethex
                0x000000000800edb4      0x45c C:/ST/STM32CubeIDE_1.13.1/STM32CubeIDE/plugins/com.st.stm32cube.ide.mcu.externaltools.gnu-tools-for-stm32.11.3.rel1.win32_1.1.100.202309141235/tools/bin/../lib/gcc/arm-none-eabi/11.3.1/../../../../arm-none-eabi/lib/thumb/v7e-m+fp/hard\libc_nano.a(libc_a-gdtoa-gethex.o)
                0x000000000800edb4                __gethex
 .text.L_shift  0x000000000800f210       0x24 C:/ST/STM32CubeIDE_1.13.1/STM32CubeIDE/plugins/com.st.stm32cube.ide.mcu.externaltools.gnu-tools-for-stm32.11.3.rel1.win32_1.1.100.202309141235/tools/bin/../lib/gcc/arm-none-eabi/11.3.1/../../../../arm-none-eabi/lib/thumb/v7e-m+fp/hard\libc_nano.a(libc_a-gdtoa-hexnan.o)
 .text.__match  0x000000000800f234       0x28 C:/ST/STM32CubeIDE_1.13.1/STM32CubeIDE/plugins/com.st.stm32cube.ide.mcu.externaltools.gnu-tools-for-stm32.11.3.rel1.win32_1.1.100.202309141235/tools/bin/../lib/gcc/arm-none-eabi/11.3.1/../../../../arm-none-eabi/lib/thumb/v7e-m+fp/hard\libc_nano.a(libc_a-gdtoa-hexnan.o)
                0x000000000800f234                __match
 .text.__hexnan
                0x000000000800f25c      0x136 C:/ST/STM32CubeIDE_1.13.1/STM32CubeIDE/plugins/com.st.stm32cube.ide.mcu.externaltools.gnu-tools-for-stm32.11.3.rel1.win32_1.1.100.202309141235/tools/bin/../lib/gcc/arm-none-eabi/11.3.1/../../../../arm-none-eabi/lib/thumb/v7e-m+fp/hard\libc_nano.a(libc_a-gdtoa-hexnan.o)
                0x000000000800f25c                __hexnan
 *fill*         0x000000000800f392        0x2 
 .text.malloc   0x000000000800f394       0x10 C:/ST/STM32CubeIDE_1.13.1/STM32CubeIDE/plugins/com.st.stm32cube.ide.mcu.externaltools.gnu-tools-for-stm32.11.3.rel1.win32_1.1.100.202309141235/tools/bin/../lib/gcc/arm-none-eabi/11.3.1/../../../../arm-none-eabi/lib/thumb/v7e-m+fp/hard\libc_nano.a(libc_a-malloc.o)
                0x000000000800f394                malloc
 .text.sbrk_aligned
                0x000000000800f3a4       0x40 C:/ST/STM32CubeIDE_1.13.1/STM32CubeIDE/plugins/com.st.stm32cube.ide.mcu.externaltools.gnu-tools-for-stm32.11.3.rel1.win32_1.1.100.202309141235/tools/bin/../lib/gcc/arm-none-eabi/11.3.1/../../../../arm-none-eabi/lib/thumb/v7e-m+fp/hard\libc_nano.a(libc_a-mallocr.o)
 .text._malloc_r
                0x000000000800f3e4      0x100 C:/ST/STM32CubeIDE_1.13.1/STM32CubeIDE/plugins/com.st.stm32cube.ide.mcu.externaltools.gnu-tools-for-stm32.11.3.rel1.win32_1.1.100.202309141235/tools/bin/../lib/gcc/arm-none-eabi/11.3.1/../../../../arm-none-eabi/lib/thumb/v7e-m+fp/hard\libc_nano.a(libc_a-mallocr.o)
                0x000000000800f3e4                _malloc_r
 .text.__ascii_mbtowc
                0x000000000800f4e4       0x24 C:/ST/STM32CubeIDE_1.13.1/STM32CubeIDE/plugins/com.st.stm32cube.ide.mcu.externaltools.gnu-tools-for-stm32.11.3.rel1.win32_1.1.100.202309141235/tools/bin/../lib/gcc/arm-none-eabi/11.3.1/../../../../arm-none-eabi/lib/thumb/v7e-m+fp/hard\libc_nano.a(libc_a-mbtowc_r.o)
                0x000000000800f4e4                __ascii_mbtowc
 .text.__malloc_lock
                0x000000000800f508        0xc C:/ST/STM32CubeIDE_1.13.1/STM32CubeIDE/plugins/com.st.stm32cube.ide.mcu.externaltools.gnu-tools-for-stm32.11.3.rel1.win32_1.1.100.202309141235/tools/bin/../lib/gcc/arm-none-eabi/11.3.1/../../../../arm-none-eabi/lib/thumb/v7e-m+fp/hard\libc_nano.a(libc_a-mlock.o)
                0x000000000800f508                __malloc_lock
 .text.__malloc_unlock
                0x000000000800f514        0xc C:/ST/STM32CubeIDE_1.13.1/STM32CubeIDE/plugins/com.st.stm32cube.ide.mcu.externaltools.gnu-tools-for-stm32.11.3.rel1.win32_1.1.100.202309141235/tools/bin/../lib/gcc/arm-none-eabi/11.3.1/../../../../arm-none-eabi/lib/thumb/v7e-m+fp/hard\libc_nano.a(libc_a-mlock.o)
                0x000000000800f514                __malloc_unlock
 .text._Balloc  0x000000000800f520       0x80 C:/ST/STM32CubeIDE_1.13.1/STM32CubeIDE/plugins/com.st.stm32cube.ide.mcu.externaltools.gnu-tools-for-stm32.11.3.rel1.win32_1.1.100.202309141235/tools/bin/../lib/gcc/arm-none-eabi/11.3.1/../../../../arm-none-eabi/lib/thumb/v7e-m+fp/hard\libc_nano.a(libc_a-mprec.o)
                0x000000000800f520                _Balloc
 .text._Bfree   0x000000000800f5a0       0x44 C:/ST/STM32CubeIDE_1.13.1/STM32CubeIDE/plugins/com.st.stm32cube.ide.mcu.externaltools.gnu-tools-for-stm32.11.3.rel1.win32_1.1.100.202309141235/tools/bin/../lib/gcc/arm-none-eabi/11.3.1/../../../../arm-none-eabi/lib/thumb/v7e-m+fp/hard\libc_nano.a(libc_a-mprec.o)
                0x000000000800f5a0                _Bfree
 .text.__multadd
                0x000000000800f5e4       0x8c C:/ST/STM32CubeIDE_1.13.1/STM32CubeIDE/plugins/com.st.stm32cube.ide.mcu.externaltools.gnu-tools-for-stm32.11.3.rel1.win32_1.1.100.202309141235/tools/bin/../lib/gcc/arm-none-eabi/11.3.1/../../../../arm-none-eabi/lib/thumb/v7e-m+fp/hard\libc_nano.a(libc_a-mprec.o)
                0x000000000800f5e4                __multadd
 .text.__s2b    0x000000000800f670       0x94 C:/ST/STM32CubeIDE_1.13.1/STM32CubeIDE/plugins/com.st.stm32cube.ide.mcu.externaltools.gnu-tools-for-stm32.11.3.rel1.win32_1.1.100.202309141235/tools/bin/../lib/gcc/arm-none-eabi/11.3.1/../../../../arm-none-eabi/lib/thumb/v7e-m+fp/hard\libc_nano.a(libc_a-mprec.o)
                0x000000000800f670                __s2b
 .text.__hi0bits
                0x000000000800f704       0x40 C:/ST/STM32CubeIDE_1.13.1/STM32CubeIDE/plugins/com.st.stm32cube.ide.mcu.externaltools.gnu-tools-for-stm32.11.3.rel1.win32_1.1.100.202309141235/tools/bin/../lib/gcc/arm-none-eabi/11.3.1/../../../../arm-none-eabi/lib/thumb/v7e-m+fp/hard\libc_nano.a(libc_a-mprec.o)
                0x000000000800f704                __hi0bits
 .text.__lo0bits
                0x000000000800f744       0x5a C:/ST/STM32CubeIDE_1.13.1/STM32CubeIDE/plugins/com.st.stm32cube.ide.mcu.externaltools.gnu-tools-for-stm32.11.3.rel1.win32_1.1.100.202309141235/tools/bin/../lib/gcc/arm-none-eabi/11.3.1/../../../../arm-none-eabi/lib/thumb/v7e-m+fp/hard\libc_nano.a(libc_a-mprec.o)
                0x000000000800f744                __lo0bits
 *fill*         0x000000000800f79e        0x2 
 .text.__i2b    0x000000000800f7a0       0x2c C:/ST/STM32CubeIDE_1.13.1/STM32CubeIDE/plugins/com.st.stm32cube.ide.mcu.externaltools.gnu-tools-for-stm32.11.3.rel1.win32_1.1.100.202309141235/tools/bin/../lib/gcc/arm-none-eabi/11.3.1/../../../../arm-none-eabi/lib/thumb/v7e-m+fp/hard\libc_nano.a(libc_a-mprec.o)
                0x000000000800f7a0                __i2b
 .text.__multiply
                0x000000000800f7cc      0x154 C:/ST/STM32CubeIDE_1.13.1/STM32CubeIDE/plugins/com.st.stm32cube.ide.mcu.externaltools.gnu-tools-for-stm32.11.3.rel1.win32_1.1.100.202309141235/tools/bin/../lib/gcc/arm-none-eabi/11.3.1/../../../../arm-none-eabi/lib/thumb/v7e-m+fp/hard\libc_nano.a(libc_a-mprec.o)
                0x000000000800f7cc                __multiply
 .text.__pow5mult
                0x000000000800f920       0xb4 C:/ST/STM32CubeIDE_1.13.1/STM32CubeIDE/plugins/com.st.stm32cube.ide.mcu.externaltools.gnu-tools-for-stm32.11.3.rel1.win32_1.1.100.202309141235/tools/bin/../lib/gcc/arm-none-eabi/11.3.1/../../../../arm-none-eabi/lib/thumb/v7e-m+fp/hard\libc_nano.a(libc_a-mprec.o)
                0x000000000800f920                __pow5mult
 .text.__lshift
                0x000000000800f9d4       0xd8 C:/ST/STM32CubeIDE_1.13.1/STM32CubeIDE/plugins/com.st.stm32cube.ide.mcu.externaltools.gnu-tools-for-stm32.11.3.rel1.win32_1.1.100.202309141235/tools/bin/../lib/gcc/arm-none-eabi/11.3.1/../../../../arm-none-eabi/lib/thumb/v7e-m+fp/hard\libc_nano.a(libc_a-mprec.o)
                0x000000000800f9d4                __lshift
 .text.__mcmp   0x000000000800faac       0x38 C:/ST/STM32CubeIDE_1.13.1/STM32CubeIDE/plugins/com.st.stm32cube.ide.mcu.externaltools.gnu-tools-for-stm32.11.3.rel1.win32_1.1.100.202309141235/tools/bin/../lib/gcc/arm-none-eabi/11.3.1/../../../../arm-none-eabi/lib/thumb/v7e-m+fp/hard\libc_nano.a(libc_a-mprec.o)
                0x000000000800faac                __mcmp
 .text.__mdiff  0x000000000800fae4      0x114 C:/ST/STM32CubeIDE_1.13.1/STM32CubeIDE/plugins/com.st.stm32cube.ide.mcu.externaltools.gnu-tools-for-stm32.11.3.rel1.win32_1.1.100.202309141235/tools/bin/../lib/gcc/arm-none-eabi/11.3.1/../../../../arm-none-eabi/lib/thumb/v7e-m+fp/hard\libc_nano.a(libc_a-mprec.o)
                0x000000000800fae4                __mdiff
 .text.__ulp    0x000000000800fbf8       0x4c C:/ST/STM32CubeIDE_1.13.1/STM32CubeIDE/plugins/com.st.stm32cube.ide.mcu.externaltools.gnu-tools-for-stm32.11.3.rel1.win32_1.1.100.202309141235/tools/bin/../lib/gcc/arm-none-eabi/11.3.1/../../../../arm-none-eabi/lib/thumb/v7e-m+fp/hard\libc_nano.a(libc_a-mprec.o)
                0x000000000800fbf8                __ulp
 .text.__b2d    0x000000000800fc44       0x94 C:/ST/STM32CubeIDE_1.13.1/STM32CubeIDE/plugins/com.st.stm32cube.ide.mcu.externaltools.gnu-tools-for-stm32.11.3.rel1.win32_1.1.100.202309141235/tools/bin/../lib/gcc/arm-none-eabi/11.3.1/../../../../arm-none-eabi/lib/thumb/v7e-m+fp/hard\libc_nano.a(libc_a-mprec.o)
                0x000000000800fc44                __b2d
 .text.__d2b    0x000000000800fcd8       0xb4 C:/ST/STM32CubeIDE_1.13.1/STM32CubeIDE/plugins/com.st.stm32cube.ide.mcu.externaltools.gnu-tools-for-stm32.11.3.rel1.win32_1.1.100.202309141235/tools/bin/../lib/gcc/arm-none-eabi/11.3.1/../../../../arm-none-eabi/lib/thumb/v7e-m+fp/hard\libc_nano.a(libc_a-mprec.o)
                0x000000000800fcd8                __d2b
 .text.__ratio  0x000000000800fd8c       0x66 C:/ST/STM32CubeIDE_1.13.1/STM32CubeIDE/plugins/com.st.stm32cube.ide.mcu.externaltools.gnu-tools-for-stm32.11.3.rel1.win32_1.1.100.202309141235/tools/bin/../lib/gcc/arm-none-eabi/11.3.1/../../../../arm-none-eabi/lib/thumb/v7e-m+fp/hard\libc_nano.a(libc_a-mprec.o)