../Core/Src/main.c:519:6:StartDefaultTask	8	static
../Core/Src/main.c:537:6:StartCommandTask	8	static
../Core/Src/main.c:602:6:StartExtruderTask	8	static
../Core/Src/main.c:612:6:StartsdcardTask	8	static
../Core/Src/main.c:584:6:StartMenuTask	8	static
../Core/Src/main.c:566:6:StartParserTask	8	static
../Core/Src/main.c:237:6:SystemClock_Config	96	static,ignoring_inline_asm
../Core/Src/main.c:133:5:main	64	static,ignoring_inline_asm
../Core/Src/main.c:647:6:HAL_TIM_PeriodElapsedCallback	0	static
../Core/Src/main.c:664:6:Error_Handler	0	static,ignoring_inline_asm
