../Core/Src/Movement.c:29:6:delayms	0	static
../Core/Src/Movement.c:34:6:delayus	16	static
../Core/Src/Movement.c:41:6:motor_init	24	static
../Core/Src/Movement.c:60:6:set_timer	0	static
../Core/Src/Movement.c:64:6:set_speed	0	static
../Core/Src/Movement.c:68:6:move	64	static
../Core/Src/Movement.c:124:6:home	32	static
../Core/Src/Movement.c:168:6:start_extrusion	0	static
../Core/Src/Movement.c:172:6:stop_extrusion	0	static
../Core/Src/Movement.c:176:6:extrude	8	static
../Core/Src/Movement.c:185:6:reset_extruder	16	static
