../Core/Src/main.c:137:5:main	8	static
../Core/Src/main.c:241:6:SystemClock_Config	96	static
../Core/Src/main.c:291:13:MX_SPI1_Init	8	static
../Core/Src/main.c:331:13:MX_TIM1_Init	40	static
../Core/Src/main.c:378:13:MX_USART2_UART_Init	8	static
../Core/Src/main.c:413:13:MX_GPIO_Init	48	static
../Core/Src/main.c:523:6:StartDefaultTask	16	static
../Core/Src/main.c:541:6:StartCommandTask	16	static
../Core/Src/main.c:570:6:StartParserTask	16	static
../Core/Src/main.c:588:6:StartMenuTask	16	static
../Core/Src/main.c:606:6:StartExtruderTask	16	static
../Core/Src/main.c:616:6:StartsdcardTask	16	static
../Core/Src/main.c:651:6:HAL_TIM_PeriodElapsedCallback	16	static
../Core/Src/main.c:668:6:Error_Handler	4	static,ignoring_inline_asm
