../Core/Src/main.c:114:5:main	8	static
../Core/Src/main.c:216:6:SystemClock_Config	96	static
../Core/Src/main.c:266:13:MX_SPI1_Init	8	static
../Core/Src/main.c:306:13:MX_TIM1_Init	40	static
../Core/Src/main.c:353:13:MX_TIM4_Init	48	static
../Core/Src/main.c:402:13:MX_USART2_UART_Init	8	static
../Core/Src/main.c:437:13:MX_GPIO_Init	48	static
../Core/Src/main.c:547:6:StartDefaultTask	16	static
../Core/Src/main.c:565:6:StartCommandTask	48	static
../Core/Src/main.c:683:6:StartParserTask	80	static
../Core/Src/main.c:730:6:HAL_TIM_PeriodElapsedCallback	16	static
../Core/Src/main.c:747:6:Error_Handler	4	static,ignoring_inline_asm
