../Core/Src/Movement.c:29:6:delayms	16	static
../Core/Src/Movement.c:34:6:delayus	16	static
../Core/Src/Movement.c:41:6:motor_init	8	static
../Core/Src/Movement.c:60:6:set_timer	16	static
../Core/Src/Movement.c:64:6:set_speed	16	static
../Core/Src/Movement.c:68:6:move	48	static
../Core/Src/Movement.c:125:6:home	8	static
../Core/Src/Movement.c:169:6:start_extrusion	4	static
../Core/Src/Movement.c:173:6:stop_extrusion	4	static
../Core/Src/Movement.c:177:6:extrude	8	static
../Core/Src/Movement.c:186:6:reset_extruder	8	static
