../Core/Src/Movement.c:37:6:delayms	16	static
../Core/Src/Movement.c:42:6:delayus	16	static
../Core/Src/Movement.c:49:6:motor_init	16	static
../Core/Src/Movement.c:71:6:set_speed	16	static
../Core/Src/Movement.c:75:6:move	48	static
../Core/Src/Movement.c:131:6:wait	16	static
../Core/Src/Movement.c:135:6:home	8	static
../Core/Src/Movement.c:179:6:start_extrusion	24	static
../Core/Src/Movement.c:186:6:stop_extrusion	24	static
../Core/Src/Movement.c:193:6:extrude	8	static
../Core/Src/Movement.c:203:6:reset_extruder	8	static
