Archive member included to satisfy reference by file (symbol)

C:/ST/STM32CubeIDE_1.12.1/STM32CubeIDE/plugins/com.st.stm32cube.ide.mcu.externaltools.gnu-tools-for-stm32.11.3.rel1.win32_1.1.0.202305231506/tools/bin/../lib/gcc/arm-none-eabi/11.3.1/../../../../arm-none-eabi/lib/thumb/v7e-m+fp/hard\libc_nano.a(libc_a-exit.o)
                              C:/ST/STM32CubeIDE_1.12.1/STM32CubeIDE/plugins/com.st.stm32cube.ide.mcu.externaltools.gnu-tools-for-stm32.11.3.rel1.win32_1.1.0.202305231506/tools/bin/../lib/gcc/arm-none-eabi/11.3.1/../../../../arm-none-eabi/lib/thumb/v7e-m+fp/hard/crt0.o (exit)
C:/ST/STM32CubeIDE_1.12.1/STM32CubeIDE/plugins/com.st.stm32cube.ide.mcu.externaltools.gnu-tools-for-stm32.11.3.rel1.win32_1.1.0.202305231506/tools/bin/../lib/gcc/arm-none-eabi/11.3.1/../../../../arm-none-eabi/lib/thumb/v7e-m+fp/hard\libc_nano.a(libc_a-findfp.o)
                              C:/ST/STM32CubeIDE_1.12.1/STM32CubeIDE/plugins/com.st.stm32cube.ide.mcu.externaltools.gnu-tools-for-stm32.11.3.rel1.win32_1.1.0.202305231506/tools/bin/../lib/gcc/arm-none-eabi/11.3.1/../../../../arm-none-eabi/lib/thumb/v7e-m+fp/hard\libc_nano.a(libc_a-exit.o) (__stdio_exit_handler)
C:/ST/STM32CubeIDE_1.12.1/STM32CubeIDE/plugins/com.st.stm32cube.ide.mcu.externaltools.gnu-tools-for-stm32.11.3.rel1.win32_1.1.0.202305231506/tools/bin/../lib/gcc/arm-none-eabi/11.3.1/../../../../arm-none-eabi/lib/thumb/v7e-m+fp/hard\libc_nano.a(libc_a-fwalk.o)
                              C:/ST/STM32CubeIDE_1.12.1/STM32CubeIDE/plugins/com.st.stm32cube.ide.mcu.externaltools.gnu-tools-for-stm32.11.3.rel1.win32_1.1.0.202305231506/tools/bin/../lib/gcc/arm-none-eabi/11.3.1/../../../../arm-none-eabi/lib/thumb/v7e-m+fp/hard\libc_nano.a(libc_a-findfp.o) (_fwalk_sglue)
C:/ST/STM32CubeIDE_1.12.1/STM32CubeIDE/plugins/com.st.stm32cube.ide.mcu.externaltools.gnu-tools-for-stm32.11.3.rel1.win32_1.1.0.202305231506/tools/bin/../lib/gcc/arm-none-eabi/11.3.1/../../../../arm-none-eabi/lib/thumb/v7e-m+fp/hard\libc_nano.a(libc_a-stdio.o)
                              C:/ST/STM32CubeIDE_1.12.1/STM32CubeIDE/plugins/com.st.stm32cube.ide.mcu.externaltools.gnu-tools-for-stm32.11.3.rel1.win32_1.1.0.202305231506/tools/bin/../lib/gcc/arm-none-eabi/11.3.1/../../../../arm-none-eabi/lib/thumb/v7e-m+fp/hard\libc_nano.a(libc_a-findfp.o) (__sread)
C:/ST/STM32CubeIDE_1.12.1/STM32CubeIDE/plugins/com.st.stm32cube.ide.mcu.externaltools.gnu-tools-for-stm32.11.3.rel1.win32_1.1.0.202305231506/tools/bin/../lib/gcc/arm-none-eabi/11.3.1/../../../../arm-none-eabi/lib/thumb/v7e-m+fp/hard\libc_nano.a(libc_a-vsnprintf.o)
                              ./Core/Src/sdcard.o (vsnprintf)
C:/ST/STM32CubeIDE_1.12.1/STM32CubeIDE/plugins/com.st.stm32cube.ide.mcu.externaltools.gnu-tools-for-stm32.11.3.rel1.win32_1.1.0.202305231506/tools/bin/../lib/gcc/arm-none-eabi/11.3.1/../../../../arm-none-eabi/lib/thumb/v7e-m+fp/hard\libc_nano.a(libc_a-memset.o)
                              C:/ST/STM32CubeIDE_1.12.1/STM32CubeIDE/plugins/com.st.stm32cube.ide.mcu.externaltools.gnu-tools-for-stm32.11.3.rel1.win32_1.1.0.202305231506/tools/bin/../lib/gcc/arm-none-eabi/11.3.1/../../../../arm-none-eabi/lib/thumb/v7e-m+fp/hard/crt0.o (memset)
C:/ST/STM32CubeIDE_1.12.1/STM32CubeIDE/plugins/com.st.stm32cube.ide.mcu.externaltools.gnu-tools-for-stm32.11.3.rel1.win32_1.1.0.202305231506/tools/bin/../lib/gcc/arm-none-eabi/11.3.1/../../../../arm-none-eabi/lib/thumb/v7e-m+fp/hard\libc_nano.a(libc_a-strncpy.o)
                              ./Core/Src/sdcard.o (strncpy)
C:/ST/STM32CubeIDE_1.12.1/STM32CubeIDE/plugins/com.st.stm32cube.ide.mcu.externaltools.gnu-tools-for-stm32.11.3.rel1.win32_1.1.0.202305231506/tools/bin/../lib/gcc/arm-none-eabi/11.3.1/../../../../arm-none-eabi/lib/thumb/v7e-m+fp/hard\libc_nano.a(libc_a-closer.o)
                              C:/ST/STM32CubeIDE_1.12.1/STM32CubeIDE/plugins/com.st.stm32cube.ide.mcu.externaltools.gnu-tools-for-stm32.11.3.rel1.win32_1.1.0.202305231506/tools/bin/../lib/gcc/arm-none-eabi/11.3.1/../../../../arm-none-eabi/lib/thumb/v7e-m+fp/hard\libc_nano.a(libc_a-stdio.o) (_close_r)
C:/ST/STM32CubeIDE_1.12.1/STM32CubeIDE/plugins/com.st.stm32cube.ide.mcu.externaltools.gnu-tools-for-stm32.11.3.rel1.win32_1.1.0.202305231506/tools/bin/../lib/gcc/arm-none-eabi/11.3.1/../../../../arm-none-eabi/lib/thumb/v7e-m+fp/hard\libc_nano.a(libc_a-reent.o)
                              C:/ST/STM32CubeIDE_1.12.1/STM32CubeIDE/plugins/com.st.stm32cube.ide.mcu.externaltools.gnu-tools-for-stm32.11.3.rel1.win32_1.1.0.202305231506/tools/bin/../lib/gcc/arm-none-eabi/11.3.1/../../../../arm-none-eabi/lib/thumb/v7e-m+fp/hard\libc_nano.a(libc_a-closer.o) (errno)
C:/ST/STM32CubeIDE_1.12.1/STM32CubeIDE/plugins/com.st.stm32cube.ide.mcu.externaltools.gnu-tools-for-stm32.11.3.rel1.win32_1.1.0.202305231506/tools/bin/../lib/gcc/arm-none-eabi/11.3.1/../../../../arm-none-eabi/lib/thumb/v7e-m+fp/hard\libc_nano.a(libc_a-impure.o)
[...]
Memory Configuration

Name             Origin             Length             Attributes
RAM              0x0000000020000000 0x0000000000018000 xrw
RAM2             0x0000000010000000 0x0000000000008000 xrw
FLASH            0x0000000008000000 0x0000000000100000 xr
*default*        0x0000000000000000 0xffffffffffffffff

Linker script and memory map

LOAD C:/ST/STM32CubeIDE_1.12.1/STM32CubeIDE/plugins/com.st.stm32cube.ide.mcu.externaltools.gnu-tools-for-stm32.11.3.rel1.win32_1.1.0.202305231506/tools/bin/../lib/gcc/arm-none-eabi/11.3.1/thumb/v7e-m+fp/hard/crti.o
LOAD C:/ST/STM32CubeIDE_1.12.1/STM32CubeIDE/plugins/com.st.stm32cube.ide.mcu.externaltools.gnu-tools-for-stm32.11.3.rel1.win32_1.1.0.202305231506/tools/bin/../lib/gcc/arm-none-eabi/11.3.1/thumb/v7e-m+fp/hard/crtbegin.o
LOAD C:/ST/STM32CubeIDE_1.12.1/STM32CubeIDE/plugins/com.st.stm32cube.ide.mcu.externaltools.gnu-tools-for-stm32.11.3.rel1.win32_1.1.0.202305231506/tools/bin/../lib/gcc/arm-none-eabi/11.3.1/../../../../arm-none-eabi/lib/thumb/v7e-m+fp/hard/crt0.o
LOAD ./Core/Src/Movement.o
LOAD ./Core/Src/freertos.o
LOAD ./Core/Src/main.o
LOAD ./Core/Src/sdcard.o
LOAD ./Core/Src/stm32l4xx_hal_msp.o
LOAD ./Core/Src/stm32l4xx_hal_timebase_tim.o
LOAD ./Core/Src/stm32l4xx_it.o
LOAD ./Core/Src/syscalls.o
LOAD ./Core/Src/sysmem.o
LOAD ./Core/Src/system_stm32l4xx.o
LOAD ./Core/Startup/startup_stm32l476rgtx.o
LOAD ./Drivers/STM32L4xx_HAL_Driver/Src/stm32l4xx_hal.o
LOAD ./Drivers/STM32L4xx_HAL_Driver/Src/stm32l4xx_hal_cortex.o
LOAD ./Drivers/STM32L4xx_HAL_Driver/Src/stm32l4xx_hal_dma.o
LOAD ./Drivers/STM32L4xx_HAL_Driver/Src/stm32l4xx_hal_dma_ex.o
LOAD ./Drivers/STM32L4xx_HAL_Driver/Src/stm32l4xx_hal_exti.o
LOAD ./Drivers/STM32L4xx_HAL_Driver/Src/stm32l4xx_hal_flash.o
LOAD ./Drivers/STM32L4xx_HAL_Driver/Src/stm32l4xx_hal_flash_ex.o
LOAD ./Drivers/STM32L4xx_HAL_Driver/Src/stm32l4xx_hal_flash_ramfunc.o
LOAD ./Drivers/STM32L4xx_HAL_Driver/Src/stm32l4xx_hal_gpio.o
LOAD ./Drivers/STM32L4xx_HAL_Driver/Src/stm32l4xx_hal_pwr.o
LOAD ./Drivers/STM32L4xx_HAL_Driver/Src/stm32l4xx_hal_pwr_ex.o
LOAD ./Drivers/STM32L4xx_HAL_Driver/Src/stm32l4xx_hal_rcc.o
LOAD ./Drivers/STM32L4xx_HAL_Driver/Src/stm32l4xx_hal_rcc_ex.o
LOAD ./Drivers/STM32L4xx_HAL_Driver/Src/stm32l4xx_hal_spi.o
LOAD ./Drivers/STM32L4xx_HAL_Driver/Src/stm32l4xx_hal_spi_ex.o
LOAD ./Drivers/STM32L4xx_HAL_Driver/Src/stm32l4xx_hal_tim.o
LOAD ./Drivers/STM32L4xx_HAL_Driver/Src/stm32l4xx_hal_tim_ex.o
LOAD ./Drivers/STM32L4xx_HAL_Driver/Src/stm32l4xx_hal_uart.o
LOAD ./Drivers/STM32L4xx_HAL_Driver/Src/stm32l4xx_hal_uart_ex.o
LOAD ./FATFS/App/fatfs.o
LOAD ./FATFS/Target/user_diskio.o
LOAD ./Middlewares/Third_Party/FatFs/src/diskio.o
LOAD ./Middlewares/Third_Party/FatFs/src/ff.o
LOAD ./Middlewares/Third_Party/FatFs/src/ff_gen_drv.o
LOAD ./Middlewares/Third_Party/FatFs/src/option/syscall.o
LOAD ./Middlewares/Third_Party/FreeRTOS/Source/CMSIS_RTOS_V2/cmsis_os2.o
LOAD ./Middlewares/Third_Party/FreeRTOS/Source/croutine.o
LOAD ./Middlewares/Third_Party/FreeRTOS/Source/event_groups.o
LOAD ./Middlewares/Third_Party/FreeRTOS/Source/list.o
LOAD ./Middlewares/Third_Party/FreeRTOS/Source/queue.o
LOAD ./Middlewares/Third_Party/FreeRTOS/Source/stream_buffer.o
LOAD ./Middlewares/Third_Party/FreeRTOS/Source/tasks.o
LOAD ./Middlewares/Third_Party/FreeRTOS/Source/timers.o
LOAD ./Middlewares/Third_Party/FreeRTOS/Source/portable/GCC/ARM_CM4F/port.o
LOAD ./Middlewares/Third_Party/FreeRTOS/Source/portable/MemMang/heap_4.o
START GROUP
LOAD C:/ST/STM32CubeIDE_1.12.1/STM32CubeIDE/plugins/com.st.stm32cube.ide.mcu.externaltools.gnu-tools-for-stm32.11.3.rel1.win32_1.1.0.202305231506/tools/bin/../lib/gcc/arm-none-eabi/11.3.1/../../../../arm-none-eabi/lib/thumb/v7e-m+fp/hard\libc_nano.a
LOAD C:/ST/STM32CubeIDE_1.12.1/STM32CubeIDE/plugins/com.st.stm32cube.ide.mcu.externaltools.gnu-tools-for-stm32.11.3.rel1.win32_1.1.0.202305231506/tools/bin/../lib/gcc/arm-none-eabi/11.3.1/../../../../arm-none-eabi/lib/thumb/v7e-m+fp/hard\libm.a
END GROUP
START GROUP
LOAD C:/ST/STM32CubeIDE_1.12.1/STM32CubeIDE/plugins/com.st.stm32cube.ide.mcu.externaltools.gnu-tools-for-stm32.11.3.rel1.win32_1.1.0.202305231506/tools/bin/../lib/gcc/arm-none-eabi/11.3.1/thumb/v7e-m+fp/hard\libgcc.a
LOAD C:/ST/STM32CubeIDE_1.12.1/STM32CubeIDE/plugins/com.st.stm32cube.ide.mcu.externaltools.gnu-tools-for-stm32.11.3.rel1.win32_1.1.0.202305231506/tools/bin/../lib/gcc/arm-none-eabi/11.3.1/../../../../arm-none-eabi/lib/thumb/v7e-m+fp/hard\libc_nano.a
END GROUP
START GROUP
LOAD C:/ST/STM32CubeIDE_1.12.1/STM32CubeIDE/plugins/com.st.stm32cube.ide.mcu.externaltools.gnu-tools-for-stm32.11.3.rel1.win32_1.1.0.202305231506/tools/bin/../lib/gcc/arm-none-eabi/11.3.1/thumb/v7e-m+fp/hard\libgcc.a
LOAD C:/ST/STM32CubeIDE_1.12.1/STM32CubeIDE/plugins/com.st.stm32cube.ide.mcu.externaltools.gnu-tools-for-stm32.11.3.rel1.win32_1.1.0.202305231506/tools/bin/../lib/gcc/arm-none-eabi/11.3.1/../../../../arm-none-eabi/lib/thumb/v7e-m+fp/hard\libc_nano.a
LOAD C:/ST/STM32CubeIDE_1.12.1/STM32CubeIDE/plugins/com.st.stm32cube.ide.mcu.externaltools.gnu-tools-for-stm32.11.3.rel1.win32_1.1.0.202305231506/tools/bin/../lib/gcc/arm-none-eabi/11.3.1/../../../../arm-none-eabi/lib/thumb/v7e-m+fp/hard\libnosys.a
END GROUP
START GROUP
LOAD C:/ST/STM32CubeIDE_1.12.1/STM32CubeIDE/plugins/com.st.stm32cube.ide.mcu.externaltools.gnu-tools-for-stm32.11.3.rel1.win32_1.1.0.202305231506/tools/bin/../lib/gcc/arm-none-eabi/11.3.1/thumb/v7e-m+fp/hard\libgcc.a
LOAD C:/ST/STM32CubeIDE_1.12.1/STM32CubeIDE/plugins/com.st.stm32cube.ide.mcu.externaltools.gnu-tools-for-stm32.11.3.rel1.win32_1.1.0.202305231506/tools/bin/../lib/gcc/arm-none-eabi/11.3.1/../../../../arm-none-eabi/lib/thumb/v7e-m+fp/hard\libc_nano.a
LOAD C:/ST/STM32CubeIDE_1.12.1/STM32CubeIDE/plugins/com.st.stm32cube.ide.mcu.externaltools.gnu-tools-for-stm32.11.3.rel1.win32_1.1.0.202305231506/tools/bin/../lib/gcc/arm-none-eabi/11.3.1/../../../../arm-none-eabi/lib/thumb/v7e-m+fp/hard\libnosys.a
END GROUP
LOAD C:/ST/STM32CubeIDE_1.12.1/STM32CubeIDE/plugins/com.st.stm32cube.ide.mcu.externaltools.gnu-tools-for-stm32.11.3.rel1.win32_1.1.0.202305231506/tools/bin/../lib/gcc/arm-none-eabi/11.3.1/thumb/v7e-m+fp/hard/crtend.o
LOAD C:/ST/STM32CubeIDE_1.12.1/STM32CubeIDE/plugins/com.st.stm32cube.ide.mcu.externaltools.gnu-tools-for-stm32.11.3.rel1.win32_1.1.0.202305231506/tools/bin/../lib/gcc/arm-none-eabi/11.3.1/thumb/v7e-m+fp/hard/crtn.o
                0x0000000020018000                _estack = (ORIGIN (RAM) + LENGTH (RAM))
                0x0000000000000200                _Min_Heap_Size = 0x200
                0x0000000000000400                _Min_Stack_Size = 0x400

.isr_vector     0x0000000008000000      0x188
                0x0000000008000000                . = ALIGN (0x4)
 *(.isr_vector)
 .isr_vector    0x0000000008000000      0x188 ./Core/Startup/startup_stm32l476rgtx.o
                0x0000000008000000                g_pfnVectors
                0x0000000008000188                . = ALIGN (0x4)

.text           0x0000000008000190     0x6cf0
                0x0000000008000190                . = ALIGN (0x4)
 *(.text)
 .text          0x0000000008000190       0x40 C:/ST/STM32CubeIDE_1.12.1/STM32CubeIDE/plugins/com.st.stm32cube.ide.mcu.externaltools.gnu-tools-for-stm32.11.3.rel1.win32_1.1.0.202305231506/tools/bin/../lib/gcc/arm-none-eabi/11.3.1/thumb/v7e-m+fp/hard/crtbegin.o
 .text          0x00000000080001d0       0x10 C:/ST/STM32CubeIDE_1.12.1/STM32CubeIDE/plugins/com.st.stm32cube.ide.mcu.externaltools.gnu-tools-for-stm32.11.3.rel1.win32_1.1.0.202305231506/tools/bin/../lib/gcc/arm-none-eabi/11.3.1/../../../../arm-none-eabi/lib/thumb/v7e-m+fp/hard\libc_nano.a(libc_a-strlen.o)
                0x00000000080001d0                strlen
 .text          0x00000000080001e0       0xa0 C:/ST/STM32CubeIDE_1.12.1/STM32CubeIDE/plugins/com.st.stm32cube.ide.mcu.externaltools.gnu-tools-for-stm32.11.3.rel1.win32_1.1.0.202305231506/tools/bin/../lib/gcc/arm-none-eabi/11.3.1/../../../../arm-none-eabi/lib/thumb/v7e-m+fp/hard\libc_nano.a(libc_a-memchr.o)
                0x00000000080001e0                memchr
 .text          0x0000000008000280       0x30 C:/ST/STM32CubeIDE_1.12.1/STM32CubeIDE/plugins/com.st.stm32cube.ide.mcu.externaltools.gnu-tools-for-stm32.11.3.rel1.win32_1.1.0.202305231506/tools/bin/../lib/gcc/arm-none-eabi/11.3.1/thumb/v7e-m+fp/hard\libgcc.a(_aeabi_uldivmod.o)
                0x0000000008000280                __aeabi_uldivmod
 .text          0x00000000080002b0      0x2c8 C:/ST/STM32CubeIDE_1.12.1/STM32CubeIDE/plugins/com.st.stm32cube.ide.mcu.externaltools.gnu-tools-for-stm32.11.3.rel1.win32_1.1.0.202305231506/tools/bin/../lib/gcc/arm-none-eabi/11.3.1/thumb/v7e-m+fp/hard\libgcc.a(_udivmoddi4.o)
                0x00000000080002b0                __udivmoddi4
 .text          0x0000000008000578        0x4 C:/ST/STM32CubeIDE_1.12.1/STM32CubeIDE/plugins/com.st.stm32cube.ide.mcu.externaltools.gnu-tools-for-stm32.11.3.rel1.win32_1.1.0.202305231506/tools/bin/../lib/gcc/arm-none-eabi/11.3.1/thumb/v7e-m+fp/hard\libgcc.a(_dvmd_tls.o)
                0x0000000008000578                __aeabi_idiv0
                0x0000000008000578                __aeabi_ldiv0
 *(.text*)
 .text.delayus  0x000000000800057c       0x28 ./Core/Src/Movement.o
                0x000000000800057c                delayus
 .text.motor_init
                0x00000000080005a4       0xf4 ./Core/Src/Movement.o
                0x00000000080005a4                motor_init
 .text.set_timer
                0x0000000008000698        0xc ./Core/Src/Movement.o
                0x0000000008000698                set_timer
 .text.set_speed
                0x00000000080006a4        0xc ./Core/Src/Movement.o
                0x00000000080006a4                set_speed
 .text.move     0x00000000080006b0      0x190 ./Core/Src/Movement.o
                0x00000000080006b0                move
 .text.home     0x0000000008000840      0x188 ./Core/Src/Movement.o
                0x0000000008000840                home
 .text.start_extrusion
                0x00000000080009c8        0xc ./Core/Src/Movement.o
                0x00000000080009c8                start_extrusion
 .text.stop_extrusion
                0x00000000080009d4        0xc ./Core/Src/Movement.o
                0x00000000080009d4                stop_extrusion
 .text.extrude  0x00000000080009e0       0x60 ./Core/Src/Movement.o
                0x00000000080009e0                extrude
 .text.StartDefaultTask
                0x0000000008000a40        0xa ./Core/Src/main.o
                0x0000000008000a40                StartDefaultTask
 *fill*         0x0000000008000a4a        0x2 
 .text.StartCommandTask
                0x0000000008000a4c       0x60 ./Core/Src/main.o
                0x0000000008000a4c                StartCommandTask
 .text.StartExtruderTask
                0x0000000008000aac        0x8 ./Core/Src/main.o
                0x0000000008000aac                StartExtruderTask
 .text.StartsdcardTask
                0x0000000008000ab4        0xc ./Core/Src/main.o
                0x0000000008000ab4                StartsdcardTask
 .text.StartMenuTask
                0x0000000008000ac0        0xa ./Core/Src/main.o
                0x0000000008000ac0                StartMenuTask
 .text.StartParserTask
                0x0000000008000aca        0xa ./Core/Src/main.o
                0x0000000008000aca                StartParserTask
 .text.SystemClock_Config
                0x0000000008000ad4       0x76 ./Core/Src/main.o
                0x0000000008000ad4                SystemClock_Config
 *fill*         0x0000000008000b4a        0x2 
 .text.startup.main
                0x0000000008000b4c      0x320 ./Core/Src/main.o
                0x0000000008000b4c                main
 .text.HAL_TIM_PeriodElapsedCallback
                0x0000000008000e6c        0xe ./Core/Src/main.o
                0x0000000008000e6c                HAL_TIM_PeriodElapsedCallback
 .text.Error_Handler
                0x0000000008000e7a        0x4 ./Core/Src/main.o
                0x0000000008000e7a                Error_Handler
 *fill*         0x0000000008000e7e        0x2 
 .text.myprintf
                0x0000000008000e80       0x40 ./Core/Src/sdcard.o
                0x0000000008000e80                myprintf
 .text.OpenFilesystem
                0x0000000008000ec0       0x6c ./Core/Src/sdcard.o
                0x0000000008000ec0                OpenFilesystem
 .text.Enqueue  0x0000000008000f2c       0x34 ./Core/Src/sdcard.o
                0x0000000008000f2c                Enqueue
 .text.GCodeEnqueueFromCard
                0x0000000008000f60       0xb0 ./Core/Src/sdcard.o
                0x0000000008000f60                GCodeEnqueueFromCard
 .text.HAL_MspInit
                0x0000000008001010       0x3c ./Core/Src/stm32l4xx_hal_msp.o
                0x0000000008001010                HAL_MspInit
 .text.HAL_SPI_MspInit
                0x000000000800104c       0x64 ./Core/Src/stm32l4xx_hal_msp.o
                0x000000000800104c                HAL_SPI_MspInit
 .text.HAL_TIM_Base_MspInit
                0x00000000080010b0       0x28 ./Core/Src/stm32l4xx_hal_msp.o
                0x00000000080010b0                HAL_TIM_Base_MspInit
 .text.HAL_UART_MspInit
                0x00000000080010d8       0x84 ./Core/Src/stm32l4xx_hal_msp.o
                0x00000000080010d8                HAL_UART_MspInit
 .text.HAL_InitTick
                0x000000000800115c       0x98 ./Core/Src/stm32l4xx_hal_timebase_tim.o
                0x000000000800115c                HAL_InitTick
 .text.NMI_Handler
                0x00000000080011f4        0x2 ./Core/Src/stm32l4xx_it.o
                0x00000000080011f4                NMI_Handler
 .text.HardFault_Handler
                0x00000000080011f6        0x2 ./Core/Src/stm32l4xx_it.o
                0x00000000080011f6                HardFault_Handler
 .text.MemManage_Handler
                0x00000000080011f8        0x2 ./Core/Src/stm32l4xx_it.o
                0x00000000080011f8                MemManage_Handler
 .text.BusFault_Handler
                0x00000000080011fa        0x2 ./Core/Src/stm32l4xx_it.o
                0x00000000080011fa                BusFault_Handler
 .text.UsageFault_Handler
                0x00000000080011fc        0x2 ./Core/Src/stm32l4xx_it.o
                0x00000000080011fc                UsageFault_Handler
 .text.DebugMon_Handler
                0x00000000080011fe        0x2 ./Core/Src/stm32l4xx_it.o
                0x00000000080011fe                DebugMon_Handler
 .text.TIM2_IRQHandler
                0x0000000008001200        0xc ./Core/Src/stm32l4xx_it.o
                0x0000000008001200                TIM2_IRQHandler
 .text._sbrk    0x000000000800120c       0x40 ./Core/Src/sysmem.o
                0x000000000800120c                _sbrk
 .text.SystemInit
                0x000000000800124c       0x14 ./Core/Src/system_stm32l4xx.o
                0x000000000800124c                SystemInit
 .text.Reset_Handler
                0x0000000008001260       0x50 ./Core/Startup/startup_stm32l476rgtx.o
                0x0000000008001260                Reset_Handler
 .text.Default_Handler
                0x00000000080012b0        0x2 ./Core/Startup/startup_stm32l476rgtx.o
                0x00000000080012b0                RTC_Alarm_IRQHandler
                0x00000000080012b0                EXTI2_IRQHandler
                0x00000000080012b0                TIM8_TRG_COM_IRQHandler
                0x00000000080012b0                TIM8_CC_IRQHandler
                0x00000000080012b0                TIM1_CC_IRQHandler
                0x00000000080012b0                TSC_IRQHandler
                0x00000000080012b0                TAMP_STAMP_IRQHandler
                0x00000000080012b0                EXTI3_IRQHandler
                0x00000000080012b0                LPTIM2_IRQHandler
                0x00000000080012b0                DFSDM1_FLT1_IRQHandler
                0x00000000080012b0                I2C3_ER_IRQHandler
                0x00000000080012b0                DFSDM1_FLT2_IRQHandler
                0x00000000080012b0                EXTI0_IRQHandler
                0x00000000080012b0                I2C2_EV_IRQHandler
                0x00000000080012b0                CAN1_RX0_IRQHandler
                0x00000000080012b0                FPU_IRQHandler
                0x00000000080012b0                TIM1_UP_TIM16_IRQHandler
                0x00000000080012b0                ADC1_2_IRQHandler
                0x00000000080012b0                SPI1_IRQHandler
                0x00000000080012b0                TIM6_DAC_IRQHandler
                0x00000000080012b0                TIM8_UP_IRQHandler
                0x00000000080012b0                DMA2_Channel2_IRQHandler
                0x00000000080012b0                DMA1_Channel4_IRQHandler
                0x00000000080012b0                SAI2_IRQHandler
                0x00000000080012b0                DFSDM1_FLT3_IRQHandler
                0x00000000080012b0                USART3_IRQHandler
                0x00000000080012b0                DMA1_Channel7_IRQHandler
                0x00000000080012b0                CAN1_RX1_IRQHandler
                0x00000000080012b0                LCD_IRQHandler
                0x00000000080012b0                UART5_IRQHandler
                0x00000000080012b0                ADC3_IRQHandler
                0x00000000080012b0                TIM4_IRQHandler
                0x00000000080012b0                DMA2_Channel1_IRQHandler
                0x00000000080012b0                QUADSPI_IRQHandler
                0x00000000080012b0                I2C1_EV_IRQHandler
                0x00000000080012b0                DMA1_Channel6_IRQHandler
                0x00000000080012b0                UART4_IRQHandler
                0x00000000080012b0                DMA2_Channel4_IRQHandler
                0x00000000080012b0                TIM3_IRQHandler
                0x00000000080012b0                RCC_IRQHandler
                0x00000000080012b0                DMA1_Channel1_IRQHandler
                0x00000000080012b0                Default_Handler
                0x00000000080012b0                DMA2_Channel7_IRQHandler
                0x00000000080012b0                EXTI15_10_IRQHandler
                0x00000000080012b0                TIM7_IRQHandler
                0x00000000080012b0                SDMMC1_IRQHandler
                0x00000000080012b0                TIM5_IRQHandler
                0x00000000080012b0                I2C3_EV_IRQHandler
                0x00000000080012b0                EXTI9_5_IRQHandler
                0x00000000080012b0                RTC_WKUP_IRQHandler
                0x00000000080012b0                PVD_PVM_IRQHandler
                0x00000000080012b0                SPI2_IRQHandler
                0x00000000080012b0                CAN1_TX_IRQHandler
                0x00000000080012b0                DMA2_Channel5_IRQHandler
                0x00000000080012b0                DMA1_Channel5_IRQHandler
                0x00000000080012b0                EXTI4_IRQHandler
                0x00000000080012b0                RNG_IRQHandler
                0x00000000080012b0                TIM1_TRG_COM_TIM17_IRQHandler
                0x00000000080012b0                DMA1_Channel3_IRQHandler
                0x00000000080012b0                COMP_IRQHandler
                0x00000000080012b0                WWDG_IRQHandler
                0x00000000080012b0                LPUART1_IRQHandler
                0x00000000080012b0                DMA2_Channel6_IRQHandler
                0x00000000080012b0                EXTI1_IRQHandler
                0x00000000080012b0                USART2_IRQHandler
                0x00000000080012b0                DFSDM1_FLT0_IRQHandler
                0x00000000080012b0                I2C2_ER_IRQHandler
                0x00000000080012b0                DMA1_Channel2_IRQHandler
                0x00000000080012b0                TIM8_BRK_IRQHandler
                0x00000000080012b0                CAN1_SCE_IRQHandler
                0x00000000080012b0                FLASH_IRQHandler
                0x00000000080012b0                USART1_IRQHandler
                0x00000000080012b0                OTG_FS_IRQHandler
                0x00000000080012b0                SPI3_IRQHandler
                0x00000000080012b0                I2C1_ER_IRQHandler
                0x00000000080012b0                FMC_IRQHandler
                0x00000000080012b0                SWPMI1_IRQHandler
                0x00000000080012b0                LPTIM1_IRQHandler
                0x00000000080012b0                SAI1_IRQHandler
                0x00000000080012b0                DMA2_Channel3_IRQHandler
                0x00000000080012b0                TIM1_BRK_TIM15_IRQHandler
 *fill*         0x00000000080012b2        0x2 
 .text.HAL_Init
                0x00000000080012b4       0x2c ./Drivers/STM32L4xx_HAL_Driver/Src/stm32l4xx_hal.o
                0x00000000080012b4                HAL_Init
 .text.HAL_IncTick
                0x00000000080012e0       0x18 ./Drivers/STM32L4xx_HAL_Driver/Src/stm32l4xx_hal.o
                0x00000000080012e0                HAL_IncTick
 .text.HAL_GetTick
                0x00000000080012f8        0xc ./Drivers/STM32L4xx_HAL_Driver/Src/stm32l4xx_hal.o
                0x00000000080012f8                HAL_GetTick
 .text.HAL_Delay
                0x0000000008001304       0x28 ./Drivers/STM32L4xx_HAL_Driver/Src/stm32l4xx_hal.o
                0x0000000008001304                HAL_Delay
 .text.HAL_NVIC_SetPriorityGrouping
                0x000000000800132c       0x24 ./Drivers/STM32L4xx_HAL_Driver/Src/stm32l4xx_hal_cortex.o
                0x000000000800132c                HAL_NVIC_SetPriorityGrouping
 .text.HAL_NVIC_SetPriority
                0x0000000008001350       0x64 ./Drivers/STM32L4xx_HAL_Driver/Src/stm32l4xx_hal_cortex.o
                0x0000000008001350                HAL_NVIC_SetPriority
 .text.HAL_NVIC_EnableIRQ
                0x00000000080013b4       0x1c ./Drivers/STM32L4xx_HAL_Driver/Src/stm32l4xx_hal_cortex.o
                0x00000000080013b4                HAL_NVIC_EnableIRQ
 .text.HAL_GPIO_Init
                0x00000000080013d0      0x1bc ./Drivers/STM32L4xx_HAL_Driver/Src/stm32l4xx_hal_gpio.o
                0x00000000080013d0                HAL_GPIO_Init
 .text.HAL_GPIO_ReadPin
                0x000000000800158c        0xc ./Drivers/STM32L4xx_HAL_Driver/Src/stm32l4xx_hal_gpio.o
                0x000000000800158c                HAL_GPIO_ReadPin
 .text.HAL_GPIO_WritePin
                0x0000000008001598        0xa ./Drivers/STM32L4xx_HAL_Driver/Src/stm32l4xx_hal_gpio.o
                0x0000000008001598                HAL_GPIO_WritePin
 *fill*         0x00000000080015a2        0x2 
 .text.HAL_PWREx_GetVoltageRange
                0x00000000080015a4       0x10 ./Drivers/STM32L4xx_HAL_Driver/Src/stm32l4xx_hal_pwr_ex.o
                0x00000000080015a4                HAL_PWREx_GetVoltageRange
 .text.HAL_PWREx_ControlVoltageScaling
                0x00000000080015b4       0x6c ./Drivers/STM32L4xx_HAL_Driver/Src/stm32l4xx_hal_pwr_ex.o
                0x00000000080015b4                HAL_PWREx_ControlVoltageScaling
 .text.RCC_SetFlashLatencyFromMSIRange
                0x0000000008001620       0x84 ./Drivers/STM32L4xx_HAL_Driver/Src/stm32l4xx_hal_rcc.o
 .text.HAL_RCC_GetSysClockFreq
                0x00000000080016a4       0x9c ./Drivers/STM32L4xx_HAL_Driver/Src/stm32l4xx_hal_rcc.o
                0x00000000080016a4                HAL_RCC_GetSysClockFreq
 .text.HAL_RCC_OscConfig
                0x0000000008001740      0x500 ./Drivers/STM32L4xx_HAL_Driver/Src/stm32l4xx_hal_rcc.o
                0x0000000008001740                HAL_RCC_OscConfig
 .text.HAL_RCC_ClockConfig
                0x0000000008001c40      0x154 ./Drivers/STM32L4xx_HAL_Driver/Src/stm32l4xx_hal_rcc.o
                0x0000000008001c40                HAL_RCC_ClockConfig
 .text.HAL_RCC_GetPCLK1Freq
                0x0000000008001d94       0x24 ./Drivers/STM32L4xx_HAL_Driver/Src/stm32l4xx_hal_rcc.o
                0x0000000008001d94                HAL_RCC_GetPCLK1Freq
 .text.HAL_RCC_GetPCLK2Freq
                0x0000000008001db8       0x24 ./Drivers/STM32L4xx_HAL_Driver/Src/stm32l4xx_hal_rcc.o
                0x0000000008001db8                HAL_RCC_GetPCLK2Freq
 .text.HAL_RCC_GetClockConfig
                0x0000000008001ddc       0x3c ./Drivers/STM32L4xx_HAL_Driver/Src/stm32l4xx_hal_rcc.o
                0x0000000008001ddc                HAL_RCC_GetClockConfig
 .text.RCCEx_PLLSAI1_Config
                0x0000000008001e18      0x110 ./Drivers/STM32L4xx_HAL_Driver/Src/stm32l4xx_hal_rcc_ex.o
 .text.RCCEx_PLLSAI2_Config
                0x0000000008001f28       0xf4 ./Drivers/STM32L4xx_HAL_Driver/Src/stm32l4xx_hal_rcc_ex.o
 .text.HAL_RCCEx_PeriphCLKConfig
                0x000000000800201c      0x3d4 ./Drivers/STM32L4xx_HAL_Driver/Src/stm32l4xx_hal_rcc_ex.o
                0x000000000800201c                HAL_RCCEx_PeriphCLKConfig
 .text.HAL_SPI_Init
                0x00000000080023f0       0xd4 ./Drivers/STM32L4xx_HAL_Driver/Src/stm32l4xx_hal_spi.o
                0x00000000080023f0                HAL_SPI_Init
 .text.HAL_TIM_Base_Start
                0x00000000080024c4       0x6c ./Drivers/STM32L4xx_HAL_Driver/Src/stm32l4xx_hal_tim.o
                0x00000000080024c4                HAL_TIM_Base_Start
 .text.HAL_TIM_Base_Stop
                0x0000000008002530       0x28 ./Drivers/STM32L4xx_HAL_Driver/Src/stm32l4xx_hal_tim.o
                0x0000000008002530                HAL_TIM_Base_Stop
 .text.HAL_TIM_Base_Start_IT
                0x0000000008002558       0x74 ./Drivers/STM32L4xx_HAL_Driver/Src/stm32l4xx_hal_tim.o
                0x0000000008002558                HAL_TIM_Base_Start_IT
 .text.HAL_TIM_OC_DelayElapsedCallback
                0x00000000080025cc        0x2 ./Drivers/STM32L4xx_HAL_Driver/Src/stm32l4xx_hal_tim.o
                0x00000000080025cc                HAL_TIM_OC_DelayElapsedCallback
 .text.HAL_TIM_IC_CaptureCallback
                0x00000000080025ce        0x2 ./Drivers/STM32L4xx_HAL_Driver/Src/stm32l4xx_hal_tim.o
                0x00000000080025ce                HAL_TIM_IC_CaptureCallback
 .text.HAL_TIM_PWM_PulseFinishedCallback
                0x00000000080025d0        0x2 ./Drivers/STM32L4xx_HAL_Driver/Src/stm32l4xx_hal_tim.o
                0x00000000080025d0                HAL_TIM_PWM_PulseFinishedCallback
 .text.HAL_TIM_TriggerCallback
                0x00000000080025d2        0x2 ./Drivers/STM32L4xx_HAL_Driver/Src/stm32l4xx_hal_tim.o
                0x00000000080025d2                HAL_TIM_TriggerCallback
 .text.HAL_TIM_IRQHandler
                0x00000000080025d4      0x13e ./Drivers/STM32L4xx_HAL_Driver/Src/stm32l4xx_hal_tim.o
                0x00000000080025d4                HAL_TIM_IRQHandler
 *fill*         0x0000000008002712        0x2 
 .text.TIM_Base_SetConfig
                0x0000000008002714       0xcc ./Drivers/STM32L4xx_HAL_Driver/Src/stm32l4xx_hal_tim.o
                0x0000000008002714                TIM_Base_SetConfig
 .text.HAL_TIM_Base_Init
                0x00000000080027e0       0x60 ./Drivers/STM32L4xx_HAL_Driver/Src/stm32l4xx_hal_tim.o
                0x00000000080027e0                HAL_TIM_Base_Init
 .text.TIM_ETR_SetConfig
                0x0000000008002840       0x14 ./Drivers/STM32L4xx_HAL_Driver/Src/stm32l4xx_hal_tim.o
                0x0000000008002840                TIM_ETR_SetConfig
 .text.HAL_TIM_ConfigClockSource
                0x0000000008002854      0x134 ./Drivers/STM32L4xx_HAL_Driver/Src/stm32l4xx_hal_tim.o
                0x0000000008002854                HAL_TIM_ConfigClockSource
 .text.HAL_TIMEx_MasterConfigSynchronization
                0x0000000008002988       0x8c ./Drivers/STM32L4xx_HAL_Driver/Src/stm32l4xx_hal_tim_ex.o
                0x0000000008002988                HAL_TIMEx_MasterConfigSynchronization
 .text.HAL_TIMEx_CommutCallback
                0x0000000008002a14        0x2 ./Drivers/STM32L4xx_HAL_Driver/Src/stm32l4xx_hal_tim_ex.o
                0x0000000008002a14                HAL_TIMEx_CommutCallback
 .text.HAL_TIMEx_BreakCallback
                0x0000000008002a16        0x2 ./Drivers/STM32L4xx_HAL_Driver/Src/stm32l4xx_hal_tim_ex.o
                0x0000000008002a16                HAL_TIMEx_BreakCallback
 .text.HAL_TIMEx_Break2Callback
                0x0000000008002a18        0x2 ./Drivers/STM32L4xx_HAL_Driver/Src/stm32l4xx_hal_tim_ex.o
                0x0000000008002a18                HAL_TIMEx_Break2Callback
 .text.UART_EndRxTransfer
                0x0000000008002a1a       0x50 ./Drivers/STM32L4xx_HAL_Driver/Src/stm32l4xx_hal_uart.o
 *fill*         0x0000000008002a6a        0x2 
 .text.UART_SetConfig
                0x0000000008002a6c      0x284 ./Drivers/STM32L4xx_HAL_Driver/Src/stm32l4xx_hal_uart.o
                0x0000000008002a6c                UART_SetConfig
 .text.UART_AdvFeatureConfig
                0x0000000008002cf0       0xa8 ./Drivers/STM32L4xx_HAL_Driver/Src/stm32l4xx_hal_uart.o
                0x0000000008002cf0                UART_AdvFeatureConfig
 .text.UART_WaitOnFlagUntilTimeout
                0x0000000008002d98       0x88 ./Drivers/STM32L4xx_HAL_Driver/Src/stm32l4xx_hal_uart.o
                0x0000000008002d98                UART_WaitOnFlagUntilTimeout
 .text.HAL_UART_Transmit
                0x0000000008002e20       0xa4 ./Drivers/STM32L4xx_HAL_Driver/Src/stm32l4xx_hal_uart.o
                0x0000000008002e20                HAL_UART_Transmit
 .text.UART_CheckIdleState
                0x0000000008002ec4       0xb4 ./Drivers/STM32L4xx_HAL_Driver/Src/stm32l4xx_hal_uart.o
                0x0000000008002ec4                UART_CheckIdleState
 .text.HAL_UART_Init
                0x0000000008002f78       0x5c ./Drivers/STM32L4xx_HAL_Driver/Src/stm32l4xx_hal_uart.o
                0x0000000008002f78                HAL_UART_Init
 .text.MX_FATFS_Init
                0x0000000008002fd4       0x1c ./FATFS/App/fatfs.o
                0x0000000008002fd4                MX_FATFS_Init
 .text.get_fattime
                0x0000000008002ff0        0x4 ./FATFS/App/fatfs.o
                0x0000000008002ff0                get_fattime
 .text.USER_initialize
                0x0000000008002ff4       0x10 ./FATFS/Target/user_diskio.o
                0x0000000008002ff4                USER_initialize
 .text.USER_read
                0x0000000008003004        0x4 ./FATFS/Target/user_diskio.o
                0x0000000008003004                USER_read
 .text.USER_ioctl
                0x0000000008003008        0x4 ./FATFS/Target/user_diskio.o
                0x0000000008003008                USER_ioctl
 .text.USER_write
                0x000000000800300c        0x4 ./FATFS/Target/user_diskio.o
                0x000000000800300c                USER_write
 .text.USER_status
                0x0000000008003010       0x10 ./FATFS/Target/user_diskio.o
                0x0000000008003010                USER_status
 .text.disk_status
                0x0000000008003020       0x14 ./Middlewares/Third_Party/FatFs/src/diskio.o
                0x0000000008003020                disk_status
 .text.disk_initialize
                0x0000000008003034       0x20 ./Middlewares/Third_Party/FatFs/src/diskio.o
                0x0000000008003034                disk_initialize
 .text.disk_read
                0x0000000008003054       0x1c ./Middlewares/Third_Party/FatFs/src/diskio.o
                0x0000000008003054                disk_read
 .text.disk_write
                0x0000000008003070       0x1c ./Middlewares/Third_Party/FatFs/src/diskio.o
                0x0000000008003070                disk_write
 .text.disk_ioctl
                0x000000000800308c       0x1c ./Middlewares/Third_Party/FatFs/src/diskio.o
                0x000000000800308c                disk_ioctl
 .text.ld_dword
                0x00000000080030a8        0x4 ./Middlewares/Third_Party/FatFs/src/ff.o
 .text.st_dword
                0x00000000080030ac       0x10 ./Middlewares/Third_Party/FatFs/src/ff.o
 .text.mem_set  0x00000000080030bc        0xc ./Middlewares/Third_Party/FatFs/src/ff.o
 .text.chk_lock
                0x00000000080030c8       0x74 ./Middlewares/Third_Party/FatFs/src/ff.o
 .text.inc_lock
                0x000000000800313c       0x84 ./Middlewares/Third_Party/FatFs/src/ff.o
 .text.dec_lock
                0x00000000080031c0       0x3c ./Middlewares/Third_Party/FatFs/src/ff.o
 .text.clear_lock
                0x00000000080031fc       0x1c ./Middlewares/Third_Party/FatFs/src/ff.o
 .text.clust2sect
                0x0000000008003218       0x16 ./Middlewares/Third_Party/FatFs/src/ff.o
 .text.clmt_clust
                0x000000000800322e       0x22 ./Middlewares/Third_Party/FatFs/src/ff.o
 .text.st_clust
                0x0000000008003250       0x18 ./Middlewares/Third_Party/FatFs/src/ff.o
 .text.get_ldnumber
                0x0000000008003268       0x30 ./Middlewares/Third_Party/FatFs/src/ff.o
 .text.unlock_fs
                0x0000000008003298       0x18 ./Middlewares/Third_Party/FatFs/src/ff.o
 .text.mem_cpy.part.0
                0x00000000080032b0       0x12 ./Middlewares/Third_Party/FatFs/src/ff.o
 .text.sync_window.part.0
                0x00000000080032c2       0x4c ./Middlewares/Third_Party/FatFs/src/ff.o
 .text.sync_window
                0x000000000800330e        0xc ./Middlewares/Third_Party/FatFs/src/ff.o
 .text.move_window
                0x000000000800331a       0x32 ./Middlewares/Third_Party/FatFs/src/ff.o
 .text.check_fs
                0x000000000800334c       0x78 ./Middlewares/Third_Party/FatFs/src/ff.o
 .text.put_fat  0x00000000080033c4       0xfa ./Middlewares/Third_Party/FatFs/src/ff.o
 .text.sync_fs  0x00000000080034be       0x96 ./Middlewares/Third_Party/FatFs/src/ff.o
 .text.find_volume
                0x0000000008003554      0x258 ./Middlewares/Third_Party/FatFs/src/ff.o
 .text.ld_clust.isra.0
                0x00000000080037ac       0x10 ./Middlewares/Third_Party/FatFs/src/ff.o
 .text.get_fat.isra.0
                0x00000000080037bc       0xac ./Middlewares/Third_Party/FatFs/src/ff.o
 .text.dir_sdi.constprop.0
                0x0000000008003868       0x62 ./Middlewares/Third_Party/FatFs/src/ff.o
 .text.remove_chain
                0x00000000080038ca       0x70 ./Middlewares/Third_Party/FatFs/src/ff.o
 .text.create_chain
                0x000000000800393a       0xb0 ./Middlewares/Third_Party/FatFs/src/ff.o
 .text.dir_next
                0x00000000080039ea       0xec ./Middlewares/Third_Party/FatFs/src/ff.o
 *fill*         0x0000000008003ad6        0x2 
 .text.follow_path
                0x0000000008003ad8      0x180 ./Middlewares/Third_Party/FatFs/src/ff.o
 .text.dir_register
                0x0000000008003c58       0x62 ./Middlewares/Third_Party/FatFs/src/ff.o
 .text.validate
                0x0000000008003cba       0x4e ./Middlewares/Third_Party/FatFs/src/ff.o
 .text.f_mount  0x0000000008003d08       0x80 ./Middlewares/Third_Party/FatFs/src/ff.o
                0x0000000008003d08                f_mount
 .text.f_open   0x0000000008003d88      0x200 ./Middlewares/Third_Party/FatFs/src/ff.o
                0x0000000008003d88                f_open
 .text.f_read   0x0000000008003f88      0x180 ./Middlewares/Third_Party/FatFs/src/ff.o
                0x0000000008003f88                f_read
 .text.f_sync   0x0000000008004108       0xa6 ./Middlewares/Third_Party/FatFs/src/ff.o
                0x0000000008004108                f_sync
 .text.f_close  0x00000000080041ae       0x32 ./Middlewares/Third_Party/FatFs/src/ff.o
                0x00000000080041ae                f_close
 .text.f_getfree
                0x00000000080041e0       0xcc ./Middlewares/Third_Party/FatFs/src/ff.o
                0x00000000080041e0                f_getfree
 .text.f_gets   0x00000000080042ac       0x4a ./Middlewares/Third_Party/FatFs/src/ff.o
                0x00000000080042ac                f_gets
 *fill*         0x00000000080042f6        0x2 
 .text.FATFS_LinkDriverEx
                0x00000000080042f8       0x40 ./Middlewares/Third_Party/FatFs/src/ff_gen_drv.o
                0x00000000080042f8                FATFS_LinkDriverEx
 .text.FATFS_LinkDriver
                0x0000000008004338        0x6 ./Middlewares/Third_Party/FatFs/src/ff_gen_drv.o
                0x0000000008004338                FATFS_LinkDriver
 .text.ff_cre_syncobj
                0x000000000800433e       0x18 ./Middlewares/Third_Party/FatFs/src/option/syscall.o
                0x000000000800433e                ff_cre_syncobj
 .text.ff_del_syncobj
                0x0000000008004356        0xa ./Middlewares/Third_Party/FatFs/src/option/syscall.o
                0x0000000008004356                ff_del_syncobj
 .text.ff_req_grant
                0x0000000008004360       0x12 ./Middlewares/Third_Party/FatFs/src/option/syscall.o
                0x0000000008004360                ff_req_grant
 .text.ff_rel_grant
                0x0000000008004372        0x4 ./Middlewares/Third_Party/FatFs/src/option/syscall.o
                0x0000000008004372                ff_rel_grant
 .text.SysTick_Handler
                0x0000000008004376       0x1a ./Middlewares/Third_Party/FreeRTOS/Source/CMSIS_RTOS_V2/cmsis_os2.o
                0x0000000008004376                SysTick_Handler
 .text.osKernelInitialize
                0x0000000008004390       0x24 ./Middlewares/Third_Party/FreeRTOS/Source/CMSIS_RTOS_V2/cmsis_os2.o
                0x0000000008004390                osKernelInitialize
 .text.osKernelStart
                0x00000000080043b4       0x34 ./Middlewares/Third_Party/FreeRTOS/Source/CMSIS_RTOS_V2/cmsis_os2.o
                0x00000000080043b4                osKernelStart
 .text.osThreadNew
                0x00000000080043e8       0x8e ./Middlewares/Third_Party/FreeRTOS/Source/CMSIS_RTOS_V2/cmsis_os2.o
                0x00000000080043e8                osThreadNew
 .text.osDelay  0x0000000008004476       0x18 ./Middlewares/Third_Party/FreeRTOS/Source/CMSIS_RTOS_V2/cmsis_os2.o
                0x0000000008004476                osDelay
 .text.osSemaphoreNew
                0x000000000800448e       0x94 ./Middlewares/Third_Party/FreeRTOS/Source/CMSIS_RTOS_V2/cmsis_os2.o
                0x000000000800448e                osSemaphoreNew
 .text.osSemaphoreAcquire
                0x0000000008004522       0x56 ./Middlewares/Third_Party/FreeRTOS/Source/CMSIS_RTOS_V2/cmsis_os2.o
                0x0000000008004522                osSemaphoreAcquire
 .text.osSemaphoreRelease
                0x0000000008004578       0x50 ./Middlewares/Third_Party/FreeRTOS/Source/CMSIS_RTOS_V2/cmsis_os2.o
                0x0000000008004578                osSemaphoreRelease
 .text.osSemaphoreDelete
                0x00000000080045c8       0x26 ./Middlewares/Third_Party/FreeRTOS/Source/CMSIS_RTOS_V2/cmsis_os2.o
                0x00000000080045c8                osSemaphoreDelete
 .text.osMessageQueueNew
                0x00000000080045ee       0x76 ./Middlewares/Third_Party/FreeRTOS/Source/CMSIS_RTOS_V2/cmsis_os2.o
                0x00000000080045ee                osMessageQueueNew
 .text.vApplicationGetIdleTaskMemory
                0x0000000008004664       0x18 ./Middlewares/Third_Party/FreeRTOS/Source/CMSIS_RTOS_V2/cmsis_os2.o
                0x0000000008004664                vApplicationGetIdleTaskMemory
 .text.vApplicationGetTimerTaskMemory
                0x000000000800467c       0x18 ./Middlewares/Third_Party/FreeRTOS/Source/CMSIS_RTOS_V2/cmsis_os2.o
                0x000000000800467c                vApplicationGetTimerTaskMemory
 .text.vListInitialise
                0x0000000008004694       0x16 ./Middlewares/Third_Party/FreeRTOS/Source/list.o
                0x0000000008004694                vListInitialise
 .text.vListInitialiseItem
                0x00000000080046aa        0x6 ./Middlewares/Third_Party/FreeRTOS/Source/list.o
                0x00000000080046aa                vListInitialiseItem
 .text.vListInsertEnd
                0x00000000080046b0       0x18 ./Middlewares/Third_Party/FreeRTOS/Source/list.o
                0x00000000080046b0                vListInsertEnd
 .text.vListInsert
                0x00000000080046c8       0x2e ./Middlewares/Third_Party/FreeRTOS/Source/list.o
                0x00000000080046c8                vListInsert
 .text.uxListRemove
                0x00000000080046f6       0x20 ./Middlewares/Third_Party/FreeRTOS/Source/list.o
                0x00000000080046f6                uxListRemove
 .text.prvIsQueueEmpty
                0x0000000008004716       0x16 ./Middlewares/Third_Party/FreeRTOS/Source/queue.o
 .text.prvCopyDataToQueue
                0x000000000800472c       0x6a ./Middlewares/Third_Party/FreeRTOS/Source/queue.o
 .text.prvCopyDataFromQueue
                0x0000000008004796       0x2c ./Middlewares/Third_Party/FreeRTOS/Source/queue.o
 .text.prvUnlockQueue
                0x00000000080047c2       0x70 ./Middlewares/Third_Party/FreeRTOS/Source/queue.o
 .text.xQueueGenericReset
                0x0000000008004832       0x7e ./Middlewares/Third_Party/FreeRTOS/Source/queue.o
                0x0000000008004832                xQueueGenericReset
 .text.xQueueGenericCreateStatic
                0x00000000080048b0       0x9c ./Middlewares/Third_Party/FreeRTOS/Source/queue.o
                0x00000000080048b0                xQueueGenericCreateStatic
 .text.xQueueGenericCreate
                0x000000000800494c       0x4e ./Middlewares/Third_Party/FreeRTOS/Source/queue.o
                0x000000000800494c                xQueueGenericCreate
 .text.xQueueCreateCountingSemaphoreStatic
                0x000000000800499a       0x44 ./Middlewares/Third_Party/FreeRTOS/Source/queue.o
                0x000000000800499a                xQueueCreateCountingSemaphoreStatic
 .text.xQueueCreateCountingSemaphore
                0x00000000080049de       0x3c ./Middlewares/Third_Party/FreeRTOS/Source/queue.o
                0x00000000080049de                xQueueCreateCountingSemaphore
 .text.xQueueGenericSend
                0x0000000008004a1a      0x166 ./Middlewares/Third_Party/FreeRTOS/Source/queue.o
                0x0000000008004a1a                xQueueGenericSend
 .text.xQueueGenericSendFromISR
                0x0000000008004b80       0xc4 ./Middlewares/Third_Party/FreeRTOS/Source/queue.o
                0x0000000008004b80                xQueueGenericSendFromISR
 .text.xQueueGiveFromISR
                0x0000000008004c44       0xa8 ./Middlewares/Third_Party/FreeRTOS/Source/queue.o
                0x0000000008004c44                xQueueGiveFromISR
 .text.xQueueReceive
                0x0000000008004cec      0x13e ./Middlewares/Third_Party/FreeRTOS/Source/queue.o
                0x0000000008004cec                xQueueReceive
 .text.xQueueSemaphoreTake
                0x0000000008004e2a      0x186 ./Middlewares/Third_Party/FreeRTOS/Source/queue.o
                0x0000000008004e2a                xQueueSemaphoreTake
 .text.xQueueReceiveFromISR
                0x0000000008004fb0       0x9e ./Middlewares/Third_Party/FreeRTOS/Source/queue.o
                0x0000000008004fb0                xQueueReceiveFromISR
 *fill*         0x000000000800504e        0x2 
 .text.vQueueAddToRegistry
                0x0000000008005050       0x24 ./Middlewares/Third_Party/FreeRTOS/Source/queue.o
                0x0000000008005050                vQueueAddToRegistry
 .text.vQueueUnregisterQueue
                0x0000000008005074       0x28 ./Middlewares/Third_Party/FreeRTOS/Source/queue.o
                0x0000000008005074                vQueueUnregisterQueue
 .text.vQueueDelete
                0x000000000800509c       0x2e ./Middlewares/Third_Party/FreeRTOS/Source/queue.o
                0x000000000800509c                vQueueDelete
 .text.vQueueWaitForMessageRestricted
                0x00000000080050ca       0x46 ./Middlewares/Third_Party/FreeRTOS/Source/queue.o
                0x00000000080050ca                vQueueWaitForMessageRestricted
 .text.prvAddNewTaskToReadyList
                0x0000000008005110      0x100 ./Middlewares/Third_Party/FreeRTOS/Source/tasks.o
 .text.prvAddCurrentTaskToDelayedList
                0x0000000008005210       0x70 ./Middlewares/Third_Party/FreeRTOS/Source/tasks.o
 .text.prvResetNextTaskUnblockTime
                0x0000000008005280       0x24 ./Middlewares/Third_Party/FreeRTOS/Source/tasks.o
 .text.prvDeleteTCB
                0x00000000080052a4       0x36 ./Middlewares/Third_Party/FreeRTOS/Source/tasks.o
 *fill*         0x00000000080052da        0x2 
 .text.prvIdleTask
                0x00000000080052dc       0x60 ./Middlewares/Third_Party/FreeRTOS/Source/tasks.o
 .text.prvInitialiseNewTask.constprop.0
                0x000000000800533c       0x9a ./Middlewares/Third_Party/FreeRTOS/Source/tasks.o
 .text.xTaskCreateStatic
                0x00000000080053d6       0x70 ./Middlewares/Third_Party/FreeRTOS/Source/tasks.o
                0x00000000080053d6                xTaskCreateStatic
 .text.xTaskCreate
                0x0000000008005446       0x5a ./Middlewares/Third_Party/FreeRTOS/Source/tasks.o
                0x0000000008005446                xTaskCreate
 .text.vTaskStartScheduler
                0x00000000080054a0       0x8c ./Middlewares/Third_Party/FreeRTOS/Source/tasks.o
                0x00000000080054a0                vTaskStartScheduler
 .text.vTaskSuspendAll
                0x000000000800552c       0x10 ./Middlewares/Third_Party/FreeRTOS/Source/tasks.o
                0x000000000800552c                vTaskSuspendAll
 .text.xTaskGetTickCount
                0x000000000800553c        0xc ./Middlewares/Third_Party/FreeRTOS/Source/tasks.o
                0x000000000800553c                xTaskGetTickCount
 .text.xTaskIncrementTick
                0x0000000008005548      0x12c ./Middlewares/Third_Party/FreeRTOS/Source/tasks.o
                0x0000000008005548                xTaskIncrementTick
 .text.xTaskResumeAll
                0x0000000008005674       0xe8 ./Middlewares/Third_Party/FreeRTOS/Source/tasks.o
                0x0000000008005674                xTaskResumeAll
 .text.vTaskDelay
                0x000000000800575c       0x48 ./Middlewares/Third_Party/FreeRTOS/Source/tasks.o
                0x000000000800575c                vTaskDelay
 .text.vTaskSwitchContext
                0x00000000080057a4       0x74 ./Middlewares/Third_Party/FreeRTOS/Source/tasks.o
                0x00000000080057a4                vTaskSwitchContext
 .text.vTaskPlaceOnEventList
                0x0000000008005818       0x34 ./Middlewares/Third_Party/FreeRTOS/Source/tasks.o
                0x0000000008005818                vTaskPlaceOnEventList
 .text.vTaskPlaceOnEventListRestricted
                0x000000000800584c       0x3c ./Middlewares/Third_Party/FreeRTOS/Source/tasks.o
                0x000000000800584c                vTaskPlaceOnEventListRestricted
 .text.xTaskRemoveFromEventList
                0x0000000008005888       0x88 ./Middlewares/Third_Party/FreeRTOS/Source/tasks.o
                0x0000000008005888                xTaskRemoveFromEventList
 .text.vTaskInternalSetTimeOutState
                0x0000000008005910       0x18 ./Middlewares/Third_Party/FreeRTOS/Source/tasks.o
                0x0000000008005910                vTaskInternalSetTimeOutState
 .text.xTaskCheckForTimeOut
                0x0000000008005928       0x78 ./Middlewares/Third_Party/FreeRTOS/Source/tasks.o
                0x0000000008005928                xTaskCheckForTimeOut
 .text.vTaskMissedYield
                0x00000000080059a0        0xc ./Middlewares/Third_Party/FreeRTOS/Source/tasks.o
                0x00000000080059a0                vTaskMissedYield
 .text.xTaskGetSchedulerState
                0x00000000080059ac       0x20 ./Middlewares/Third_Party/FreeRTOS/Source/tasks.o
                0x00000000080059ac                xTaskGetSchedulerState
 .text.xTaskPriorityInherit
                0x00000000080059cc       0x84 ./Middlewares/Third_Party/FreeRTOS/Source/tasks.o
                0x00000000080059cc                xTaskPriorityInherit
 .text.xTaskPriorityDisinherit
                0x0000000008005a50       0x88 ./Middlewares/Third_Party/FreeRTOS/Source/tasks.o
                0x0000000008005a50                xTaskPriorityDisinherit
 .text.vTaskPriorityDisinheritAfterTimeout
                0x0000000008005ad8       0xa4 ./Middlewares/Third_Party/FreeRTOS/Source/tasks.o
                0x0000000008005ad8                vTaskPriorityDisinheritAfterTimeout
 .text.pvTaskIncrementMutexHeldCount
                0x0000000008005b7c       0x18 ./Middlewares/Third_Party/FreeRTOS/Source/tasks.o
                0x0000000008005b7c                pvTaskIncrementMutexHeldCount
 .text.prvCheckForValidListAndQueue
                0x0000000008005b94       0x68 ./Middlewares/Third_Party/FreeRTOS/Source/timers.o
 .text.prvInsertTimerInActiveList
                0x0000000008005bfc       0x3c ./Middlewares/Third_Party/FreeRTOS/Source/timers.o
 .text.xTimerCreateTimerTask
                0x0000000008005c38       0x64 ./Middlewares/Third_Party/FreeRTOS/Source/timers.o
                0x0000000008005c38                xTimerCreateTimerTask
 .text.xTimerGenericCommand
                0x0000000008005c9c       0x58 ./Middlewares/Third_Party/FreeRTOS/Source/timers.o
                0x0000000008005c9c                xTimerGenericCommand
 .text.prvSampleTimeNow
                0x0000000008005cf4       0xac ./Middlewares/Third_Party/FreeRTOS/Source/timers.o
 .text.prvTimerTask
                0x0000000008005da0      0x1cc ./Middlewares/Third_Party/FreeRTOS/Source/timers.o
 .text.prvPortStartFirstTask
                0x0000000008005f6c       0x28 ./Middlewares/Third_Party/FreeRTOS/Source/portable/GCC/ARM_CM4F/port.o
 .text.vPortEnableVFP
                0x0000000008005f94       0x14 ./Middlewares/Third_Party/FreeRTOS/Source/portable/GCC/ARM_CM4F/port.o
 .text.prvTaskExitError
                0x0000000008005fa8       0x40 ./Middlewares/Third_Party/FreeRTOS/Source/portable/GCC/ARM_CM4F/port.o
 .text.pxPortInitialiseStack
                0x0000000008005fe8       0x2c ./Middlewares/Third_Party/FreeRTOS/Source/portable/GCC/ARM_CM4F/port.o
                0x0000000008005fe8                pxPortInitialiseStack
 *fill*         0x0000000008006014        0xc 
 .text.SVC_Handler
                0x0000000008006020       0x24 ./Middlewares/Third_Party/FreeRTOS/Source/portable/GCC/ARM_CM4F/port.o
                0x0000000008006020                SVC_Handler
 .text.vPortEnterCritical
                0x0000000008006044       0x40 ./Middlewares/Third_Party/FreeRTOS/Source/portable/GCC/ARM_CM4F/port.o
                0x0000000008006044                vPortEnterCritical
 .text.vPortExitCritical
                0x0000000008006084       0x28 ./Middlewares/Third_Party/FreeRTOS/Source/portable/GCC/ARM_CM4F/port.o
                0x0000000008006084                vPortExitCritical
 *fill*         0x00000000080060ac        0x4 
 .text.PendSV_Handler
                0x00000000080060b0       0x64 ./Middlewares/Third_Party/FreeRTOS/Source/portable/GCC/ARM_CM4F/port.o
                0x00000000080060b0                PendSV_Handler
 .text.xPortSysTickHandler
                0x0000000008006114       0x2c ./Middlewares/Third_Party/FreeRTOS/Source/portable/GCC/ARM_CM4F/port.o
                0x0000000008006114                xPortSysTickHandler
 .text.vPortSetupTimerInterrupt
                0x0000000008006140       0x24 ./Middlewares/Third_Party/FreeRTOS/Source/portable/GCC/ARM_CM4F/port.o
                0x0000000008006140                vPortSetupTimerInterrupt
 .text.xPortStartScheduler
                0x0000000008006164      0x10c ./Middlewares/Third_Party/FreeRTOS/Source/portable/GCC/ARM_CM4F/port.o
                0x0000000008006164                xPortStartScheduler
 .text.vPortValidateInterruptPriority
                0x0000000008006270       0x5c ./Middlewares/Third_Party/FreeRTOS/Source/portable/GCC/ARM_CM4F/port.o
                0x0000000008006270                vPortValidateInterruptPriority
 .text.prvInsertBlockIntoFreeList
                0x00000000080062cc       0x4c ./Middlewares/Third_Party/FreeRTOS/Source/portable/MemMang/heap_4.o
 .text.pvPortMalloc
                0x0000000008006318      0x130 ./Middlewares/Third_Party/FreeRTOS/Source/portable/MemMang/heap_4.o
                0x0000000008006318                pvPortMalloc
 .text.vPortFree
                0x0000000008006448       0x7c ./Middlewares/Third_Party/FreeRTOS/Source/portable/MemMang/heap_4.o
                0x0000000008006448                vPortFree
 .text._vsnprintf_r
                0x00000000080064c4       0x56 C:/ST/STM32CubeIDE_1.12.1/STM32CubeIDE/plugins/com.st.stm32cube.ide.mcu.externaltools.gnu-tools-for-stm32.11.3.rel1.win32_1.1.0.202305231506/tools/bin/../lib/gcc/arm-none-eabi/11.3.1/../../../../arm-none-eabi/lib/thumb/v7e-m+fp/hard\libc_nano.a(libc_a-vsnprintf.o)
                0x00000000080064c4                _vsniprintf_r
                0x00000000080064c4                _vsnprintf_r
 *fill*         0x000000000800651a        0x2 
 .text.vsnprintf
                0x000000000800651c       0x1c C:/ST/STM32CubeIDE_1.12.1/STM32CubeIDE/plugins/com.st.stm32cube.ide.mcu.externaltools.gnu-tools-for-stm32.11.3.rel1.win32_1.1.0.202305231506/tools/bin/../lib/gcc/arm-none-eabi/11.3.1/../../../../arm-none-eabi/lib/thumb/v7e-m+fp/hard\libc_nano.a(libc_a-vsnprintf.o)
                0x000000000800651c                vsniprintf
                0x000000000800651c                vsnprintf
 .text.memset   0x0000000008006538       0x10 C:/ST/STM32CubeIDE_1.12.1/STM32CubeIDE/plugins/com.st.stm32cube.ide.mcu.externaltools.gnu-tools-for-stm32.11.3.rel1.win32_1.1.0.202305231506/tools/bin/../lib/gcc/arm-none-eabi/11.3.1/../../../../arm-none-eabi/lib/thumb/v7e-m+fp/hard\libc_nano.a(libc_a-memset.o)
                0x0000000008006538                memset
 .text.strncpy  0x0000000008006548       0x26 C:/ST/STM32CubeIDE_1.12.1/STM32CubeIDE/plugins/com.st.stm32cube.ide.mcu.externaltools.gnu-tools-for-stm32.11.3.rel1.win32_1.1.0.202305231506/tools/bin/../lib/gcc/arm-none-eabi/11.3.1/../../../../arm-none-eabi/lib/thumb/v7e-m+fp/hard\libc_nano.a(libc_a-strncpy.o)
                0x0000000008006548                strncpy
 *fill*         0x000000000800656e        0x2 
 .text.__errno  0x0000000008006570        0xc C:/ST/STM32CubeIDE_1.12.1/STM32CubeIDE/plugins/com.st.stm32cube.ide.mcu.externaltools.gnu-tools-for-stm32.11.3.rel1.win32_1.1.0.202305231506/tools/bin/../lib/gcc/arm-none-eabi/11.3.1/../../../../arm-none-eabi/lib/thumb/v7e-m+fp/hard\libc_nano.a(libc_a-errno.o)
                0x0000000008006570                __errno
 .text.__libc_init_array
                0x000000000800657c       0x48 C:/ST/STM32CubeIDE_1.12.1/STM32CubeIDE/plugins/com.st.stm32cube.ide.mcu.externaltools.gnu-tools-for-stm32.11.3.rel1.win32_1.1.0.202305231506/tools/bin/../lib/gcc/arm-none-eabi/11.3.1/../../../../arm-none-eabi/lib/thumb/v7e-m+fp/hard\libc_nano.a(libc_a-init.o)
                0x000000000800657c                __libc_init_array
 .text.__retarget_lock_acquire_recursive
                0x00000000080065c4        0x2 C:/ST/STM32CubeIDE_1.12.1/STM32CubeIDE/plugins/com.st.stm32cube.ide.mcu.externaltools.gnu-tools-for-stm32.11.3.rel1.win32_1.1.0.202305231506/tools/bin/../lib/gcc/arm-none-eabi/11.3.1/../../../../arm-none-eabi/lib/thumb/v7e-m+fp/hard\libc_nano.a(libc_a-lock.o)
                0x00000000080065c4                __retarget_lock_acquire_recursive
 .text.__retarget_lock_release_recursive
                0x00000000080065c6        0x2 C:/ST/STM32CubeIDE_1.12.1/STM32CubeIDE/plugins/com.st.stm32cube.ide.mcu.externaltools.gnu-tools-for-stm32.11.3.rel1.win32_1.1.0.202305231506/tools/bin/../lib/gcc/arm-none-eabi/11.3.1/../../../../arm-none-eabi/lib/thumb/v7e-m+fp/hard\libc_nano.a(libc_a-lock.o)
                0x00000000080065c6                __retarget_lock_release_recursive
 .text.memcpy   0x00000000080065c8       0x1c C:/ST/STM32CubeIDE_1.12.1/STM32CubeIDE/plugins/com.st.stm32cube.ide.mcu.externaltools.gnu-tools-for-stm32.11.3.rel1.win32_1.1.0.202305231506/tools/bin/../lib/gcc/arm-none-eabi/11.3.1/../../../../arm-none-eabi/lib/thumb/v7e-m+fp/hard\libc_nano.a(libc_a-memcpy-stub.o)
                0x00000000080065c8                memcpy
 .text._free_r  0x00000000080065e4       0x98 C:/ST/STM32CubeIDE_1.12.1/STM32CubeIDE/plugins/com.st.stm32cube.ide.mcu.externaltools.gnu-tools-for-stm32.11.3.rel1.win32_1.1.0.202305231506/tools/bin/../lib/gcc/arm-none-eabi/11.3.1/../../../../arm-none-eabi/lib/thumb/v7e-m+fp/hard\libc_nano.a(libc_a-freer.o)
                0x00000000080065e4                _free_r
 .text.sbrk_aligned
                0x000000000800667c       0x40 C:/ST/STM32CubeIDE_1.12.1/STM32CubeIDE/plugins/com.st.stm32cube.ide.mcu.externaltools.gnu-tools-for-stm32.11.3.rel1.win32_1.1.0.202305231506/tools/bin/../lib/gcc/arm-none-eabi/11.3.1/../../../../arm-none-eabi/lib/thumb/v7e-m+fp/hard\libc_nano.a(libc_a-mallocr.o)
 .text._malloc_r
                0x00000000080066bc      0x100 C:/ST/STM32CubeIDE_1.12.1/STM32CubeIDE/plugins/com.st.stm32cube.ide.mcu.externaltools.gnu-tools-for-stm32.11.3.rel1.win32_1.1.0.202305231506/tools/bin/../lib/gcc/arm-none-eabi/11.3.1/../../../../arm-none-eabi/lib/thumb/v7e-m+fp/hard\libc_nano.a(libc_a-mallocr.o)
                0x00000000080066bc                _malloc_r
 .text.__malloc_lock
                0x00000000080067bc        0xc C:/ST/STM32CubeIDE_1.12.1/STM32CubeIDE/plugins/com.st.stm32cube.ide.mcu.externaltools.gnu-tools-for-stm32.11.3.rel1.win32_1.1.0.202305231506/tools/bin/../lib/gcc/arm-none-eabi/11.3.1/../../../../arm-none-eabi/lib/thumb/v7e-m+fp/hard\libc_nano.a(libc_a-mlock.o)
                0x00000000080067bc                __malloc_lock
 .text.__malloc_unlock
                0x00000000080067c8        0xc C:/ST/STM32CubeIDE_1.12.1/STM32CubeIDE/plugins/com.st.stm32cube.ide.mcu.externaltools.gnu-tools-for-stm32.11.3.rel1.win32_1.1.0.202305231506/tools/bin/../lib/gcc/arm-none-eabi/11.3.1/../../../../arm-none-eabi/lib/thumb/v7e-m+fp/hard\libc_nano.a(libc_a-mlock.o)
                0x00000000080067c8                __malloc_unlock
 .text.__ssputs_r
                0x00000000080067d4       0xb4 C:/ST/STM32CubeIDE_1.12.1/STM32CubeIDE/plugins/com.st.stm32cube.ide.mcu.externaltools.gnu-tools-for-stm32.11.3.rel1.win32_1.1.0.202305231506/tools/bin/../lib/gcc/arm-none-eabi/11.3.1/../../../../arm-none-eabi/lib/thumb/v7e-m+fp/hard\libc_nano.a(libc_a-nano-svfprintf.o)
                0x00000000080067d4                __ssputs_r
 .text._svfprintf_r
                0x0000000008006888      0x1fc C:/ST/STM32CubeIDE_1.12.1/STM32CubeIDE/plugins/com.st.stm32cube.ide.mcu.externaltools.gnu-tools-for-stm32.11.3.rel1.win32_1.1.0.202305231506/tools/bin/../lib/gcc/arm-none-eabi/11.3.1/../../../../arm-none-eabi/lib/thumb/v7e-m+fp/hard\libc_nano.a(libc_a-nano-svfprintf.o)
                0x0000000008006888                _svfiprintf_r
                0x0000000008006888                _svfprintf_r
 .text._printf_common
                0x0000000008006a84       0xda C:/ST/STM32CubeIDE_1.12.1/STM32CubeIDE/plugins/com.st.stm32cube.ide.mcu.externaltools.gnu-tools-for-stm32.11.3.rel1.win32_1.1.0.202305231506/tools/bin/../lib/gcc/arm-none-eabi/11.3.1/../../../../arm-none-eabi/lib/thumb/v7e-m+fp/hard\libc_nano.a(libc_a-nano-vfprintf_i.o)
                0x0000000008006a84                _printf_common
 *fill*         0x0000000008006b5e        0x2 
 .text._printf_i
                0x0000000008006b60      0x244 C:/ST/STM32CubeIDE_1.12.1/STM32CubeIDE/plugins/com.st.stm32cube.ide.mcu.externaltools.gnu-tools-for-stm32.11.3.rel1.win32_1.1.0.202305231506/tools/bin/../lib/gcc/arm-none-eabi/11.3.1/../../../../arm-none-eabi/lib/thumb/v7e-m+fp/hard\libc_nano.a(libc_a-nano-vfprintf_i.o)
                0x0000000008006b60                _printf_i
 .text.memmove  0x0000000008006da4       0x34 C:/ST/STM32CubeIDE_1.12.1/STM32CubeIDE/plugins/com.st.stm32cube.ide.mcu.externaltools.gnu-tools-for-stm32.11.3.rel1.win32_1.1.0.202305231506/tools/bin/../lib/gcc/arm-none-eabi/11.3.1/../../../../arm-none-eabi/lib/thumb/v7e-m+fp/hard\libc_nano.a(libc_a-memmove.o)
                0x0000000008006da4                memmove
 .text._sbrk_r  0x0000000008006dd8       0x20 C:/ST/STM32CubeIDE_1.12.1/STM32CubeIDE/plugins/com.st.stm32cube.ide.mcu.externaltools.gnu-tools-for-stm32.11.3.rel1.win32_1.1.0.202305231506/tools/bin/../lib/gcc/arm-none-eabi/11.3.1/../../../../arm-none-eabi/lib/thumb/v7e-m+fp/hard\libc_nano.a(libc_a-sbrkr.o)
                0x0000000008006dd8                _sbrk_r
 .text._realloc_r
                0x0000000008006df8       0x5e C:/ST/STM32CubeIDE_1.12.1/STM32CubeIDE/plugins/com.st.stm32cube.ide.mcu.externaltools.gnu-tools-for-stm32.11.3.rel1.win32_1.1.0.202305231506/tools/bin/../lib/gcc/arm-none-eabi/11.3.1/../../../../arm-none-eabi/lib/thumb/v7e-m+fp/hard\libc_nano.a(libc_a-reallocr.o)
                0x0000000008006df8                _realloc_r
 .text._malloc_usable_size_r
                0x0000000008006e56       0x10 C:/ST/STM32CubeIDE_1.12.1/STM32CubeIDE/plugins/com.st.stm32cube.ide.mcu.externaltools.gnu-tools-for-stm32.11.3.rel1.win32_1.1.0.202305231506/tools/bin/../lib/gcc/arm-none-eabi/11.3.1/../../../../arm-none-eabi/lib/thumb/v7e-m+fp/hard\libc_nano.a(libc_a-msizer.o)
                0x0000000008006e56                _malloc_usable_size_r
 *(.glue_7)
 .glue_7        0x0000000008006e66        0x0 linker stubs
 *(.glue_7t)
 .glue_7t       0x0000000008006e66        0x0 linker stubs
 *(.eh_frame)
 *fill*         0x0000000008006e66        0x2 
 .eh_frame      0x0000000008006e68        0x0 C:/ST/STM32CubeIDE_1.12.1/STM32CubeIDE/plugins/com.st.stm32cube.ide.mcu.externaltools.gnu-tools-for-stm32.11.3.rel1.win32_1.1.0.202305231506/tools/bin/../lib/gcc/arm-none-eabi/11.3.1/thumb/v7e-m+fp/hard/crtbegin.o
 *(.init)
 .init          0x0000000008006e68        0x4 C:/ST/STM32CubeIDE_1.12.1/STM32CubeIDE/plugins/com.st.stm32cube.ide.mcu.externaltools.gnu-tools-for-stm32.11.3.rel1.win32_1.1.0.202305231506/tools/bin/../lib/gcc/arm-none-eabi/11.3.1/thumb/v7e-m+fp/hard/crti.o
                0x0000000008006e68                _init
 .init          0x0000000008006e6c        0x8 C:/ST/STM32CubeIDE_1.12.1/STM32CubeIDE/plugins/com.st.stm32cube.ide.mcu.externaltools.gnu-tools-for-stm32.11.3.rel1.win32_1.1.0.202305231506/tools/bin/../lib/gcc/arm-none-eabi/11.3.1/thumb/v7e-m+fp/hard/crtn.o
 *(.fini)
 .fini          0x0000000008006e74        0x4 C:/ST/STM32CubeIDE_1.12.1/STM32CubeIDE/plugins/com.st.stm32cube.ide.mcu.externaltools.gnu-tools-for-stm32.11.3.rel1.win32_1.1.0.202305231506/tools/bin/../lib/gcc/arm-none-eabi/11.3.1/thumb/v7e-m+fp/hard/crti.o
                0x0000000008006e74                _fini
 .fini          0x0000000008006e78        0x8 C:/ST/STM32CubeIDE_1.12.1/STM32CubeIDE/plugins/com.st.stm32cube.ide.mcu.externaltools.gnu-tools-for-stm32.11.3.rel1.win32_1.1.0.202305231506/tools/bin/../lib/gcc/arm-none-eabi/11.3.1/thumb/v7e-m+fp/hard/crtn.o
                0x0000000008006e80                . = ALIGN (0x4)
                0x0000000008006e80                _etext = .

.vfp11_veneer   0x0000000008006e80        0x0
 .vfp11_veneer  0x0000000008006e80        0x0 linker stubs

.v4_bx          0x0000000008006e80        0x0
 .v4_bx         0x0000000008006e80        0x0 linker stubs

.iplt           0x0000000008006e80        0x0
 .iplt          0x0000000008006e80        0x0 C:/ST/STM32CubeIDE_1.12.1/STM32CubeIDE/plugins/com.st.stm32cube.ide.mcu.externaltools.gnu-tools-for-stm32.11.3.rel1.win32_1.1.0.202305231506/tools/bin/../lib/gcc/arm-none-eabi/11.3.1/thumb/v7e-m+fp/hard/crtbegin.o

.rodata         0x0000000008006e80      0x35c
                0x0000000008006e80                . = ALIGN (0x4)
 *(.rodata)
 *(.rodata*)
 .rodata.str1.1
                0x0000000008006e80       0x51 ./Core/Src/main.o
 *fill*         0x0000000008006ed1        0x3 
 .rodata.commandQueue_attributes
                0x0000000008006ed4       0x18 ./Core/Src/main.o
                0x0000000008006ed4                commandQueue_attributes
 .rodata.commandTask_attributes
                0x0000000008006eec       0x24 ./Core/Src/main.o
                0x0000000008006eec                commandTask_attributes
 .rodata.defaultTask_attributes
                0x0000000008006f10       0x24 ./Core/Src/main.o
                0x0000000008006f10                defaultTask_attributes
 .rodata.extruderTask_attributes
                0x0000000008006f34       0x24 ./Core/Src/main.o
                0x0000000008006f34                extruderTask_attributes
 .rodata.menuTask_attributes
                0x0000000008006f58       0x24 ./Core/Src/main.o
                0x0000000008006f58                menuTask_attributes
 .rodata.parserTask_attributes
                0x0000000008006f7c       0x24 ./Core/Src/main.o
                0x0000000008006f7c                parserTask_attributes
 .rodata.sdcardTask_attributes
                0x0000000008006fa0       0x24 ./Core/Src/main.o
                0x0000000008006fa0                sdcardTask_attributes
 .rodata.OpenFilesystem.str1.1
                0x0000000008006fc4       0x5c ./Core/Src/sdcard.o
                                         0x5d (size before relaxing)
 .rodata.GCodeEnqueueFromCard.str1.1
                0x0000000008007020       0x8d ./Core/Src/sdcard.o
 .rodata.AHBPrescTable
                0x00000000080070ad       0x10 ./Core/Src/system_stm32l4xx.o
                0x00000000080070ad                AHBPrescTable
 .rodata.APBPrescTable
                0x00000000080070bd        0x8 ./Core/Src/system_stm32l4xx.o
                0x00000000080070bd                APBPrescTable
 *fill*         0x00000000080070c5        0x3 
 .rodata.MSIRangeTable
                0x00000000080070c8       0x30 ./Core/Src/system_stm32l4xx.o
                0x00000000080070c8                MSIRangeTable
 .rodata.CSWTCH.53
                0x00000000080070f8        0x3 ./Drivers/STM32L4xx_HAL_Driver/Src/stm32l4xx_hal_uart.o
 .rodata.CSWTCH.54
                0x00000000080070fb        0xd ./Drivers/STM32L4xx_HAL_Driver/Src/stm32l4xx_hal_uart.o
 .rodata.follow_path.str1.1
                0x0000000008007108        0xf ./Middlewares/Third_Party/FatFs/src/ff.o
 .rodata.ExCvt  0x0000000008007117       0x80 ./Middlewares/Third_Party/FatFs/src/ff.o
 .rodata.vTaskStartScheduler.str1.1
                0x0000000008007197        0x5 ./Middlewares/Third_Party/FreeRTOS/Source/tasks.o
 .rodata.prvCheckForValidListAndQueue.str1.1
                0x000000000800719c        0x5 ./Middlewares/Third_Party/FreeRTOS/Source/timers.o
 .rodata.xTimerCreateTimerTask.str1.1
                0x00000000080071a1        0x8 ./Middlewares/Third_Party/FreeRTOS/Source/timers.o
 .rodata._svfprintf_r.str1.1
                0x00000000080071a9       0x11 C:/ST/STM32CubeIDE_1.12.1/STM32CubeIDE/plugins/com.st.stm32cube.ide.mcu.externaltools.gnu-tools-for-stm32.11.3.rel1.win32_1.1.0.202305231506/tools/bin/../lib/gcc/arm-none-eabi/11.3.1/../../../../arm-none-eabi/lib/thumb/v7e-m+fp/hard\libc_nano.a(libc_a-nano-svfprintf.o)
 .rodata._printf_i.str1.1
                0x00000000080071ba       0x22 C:/ST/STM32CubeIDE_1.12.1/STM32CubeIDE/plugins/com.st.stm32cube.ide.mcu.externaltools.gnu-tools-for-stm32.11.3.rel1.win32_1.1.0.202305231506/tools/bin/../lib/gcc/arm-none-eabi/11.3.1/../../../../arm-none-eabi/lib/thumb/v7e-m+fp/hard\libc_nano.a(libc_a-nano-vfprintf_i.o)
                0x00000000080071dc                . = ALIGN (0x4)

.ARM.extab      0x00000000080071dc        0x0
                0x00000000080071dc                . = ALIGN (0x4)
 *(.ARM.extab* .gnu.linkonce.armextab.*)
                0x00000000080071dc                . = ALIGN (0x4)

.ARM            0x00000000080071dc        0x8
                0x00000000080071dc                . = ALIGN (0x4)
                0x00000000080071dc                __exidx_start = .
 *(.ARM.exidx*)
 .ARM.exidx     0x00000000080071dc        0x8 C:/ST/STM32CubeIDE_1.12.1/STM32CubeIDE/plugins/com.st.stm32cube.ide.mcu.externaltools.gnu-tools-for-stm32.11.3.rel1.win32_1.1.0.202305231506/tools/bin/../lib/gcc/arm-none-eabi/11.3.1/thumb/v7e-m+fp/hard\libgcc.a(_udivmoddi4.o)
                0x00000000080071e4                __exidx_end = .
                0x00000000080071e4                . = ALIGN (0x4)

.rel.dyn        0x00000000080071e4        0x0
 .rel.iplt      0x00000000080071e4        0x0 C:/ST/STM32CubeIDE_1.12.1/STM32CubeIDE/plugins/com.st.stm32cube.ide.mcu.externaltools.gnu-tools-for-stm32.11.3.rel1.win32_1.1.0.202305231506/tools/bin/../lib/gcc/arm-none-eabi/11.3.1/thumb/v7e-m+fp/hard/crtbegin.o

.preinit_array  0x00000000080071e4        0x0
                0x00000000080071e4                . = ALIGN (0x4)
                0x00000000080071e4                PROVIDE (__preinit_array_start = .)
 *(.preinit_array*)
                0x00000000080071e4                PROVIDE (__preinit_array_end = .)
                0x00000000080071e4                . = ALIGN (0x4)

.init_array     0x00000000080071e4        0x4
                0x00000000080071e4                . = ALIGN (0x4)
                0x00000000080071e4                PROVIDE (__init_array_start = .)
 *(SORT_BY_NAME(.init_array.*))
 *(.init_array*)
 .init_array    0x00000000080071e4        0x4 C:/ST/STM32CubeIDE_1.12.1/STM32CubeIDE/plugins/com.st.stm32cube.ide.mcu.externaltools.gnu-tools-for-stm32.11.3.rel1.win32_1.1.0.202305231506/tools/bin/../lib/gcc/arm-none-eabi/11.3.1/thumb/v7e-m+fp/hard/crtbegin.o
                0x00000000080071e8                PROVIDE (__init_array_end = .)
                0x00000000080071e8                . = ALIGN (0x4)

.fini_array     0x00000000080071e8        0x4
                0x00000000080071e8                . = ALIGN (0x4)
                [!provide]                        PROVIDE (__fini_array_start = .)
 *(SORT_BY_NAME(.fini_array.*))
 *(.fini_array*)
 .fini_array    0x00000000080071e8        0x4 C:/ST/STM32CubeIDE_1.12.1/STM32CubeIDE/plugins/com.st.stm32cube.ide.mcu.externaltools.gnu-tools-for-stm32.11.3.rel1.win32_1.1.0.202305231506/tools/bin/../lib/gcc/arm-none-eabi/11.3.1/thumb/v7e-m+fp/hard/crtbegin.o
                [!provide]                        PROVIDE (__fini_array_end = .)
                0x00000000080071ec                . = ALIGN (0x4)
                0x00000000080071ec                _sidata = LOADADDR (.data)

.data           0x0000000020000000       0x84 load address 0x00000000080071ec
                0x0000000020000000                . = ALIGN (0x4)
                0x0000000020000000                _sdata = .
 *(.data)
 *(.data*)
 .data.extrude_speed
                0x0000000020000000        0x4 ./Core/Src/Movement.o
                0x0000000020000000                extrude_speed
 .data.speed    0x0000000020000004        0x4 ./Core/Src/Movement.o
                0x0000000020000004                speed
 .data.lineNumber
                0x0000000020000008        0x1 ./Core/Src/sdcard.o
                0x0000000020000008                lineNumber
 .data.queueFlag
                0x0000000020000009        0x1 ./Core/Src/sdcard.o
                0x0000000020000009                queueFlag
 *fill*         0x000000002000000a        0x2 
 .data.SystemCoreClock
                0x000000002000000c        0x4 ./Core/Src/system_stm32l4xx.o
                0x000000002000000c                SystemCoreClock
 .data.uwTickFreq
                0x0000000020000010        0x1 ./Drivers/STM32L4xx_HAL_Driver/Src/stm32l4xx_hal.o
                0x0000000020000010                uwTickFreq
 *fill*         0x0000000020000011        0x3 
 .data.uwTickPrio
                0x0000000020000014        0x4 ./Drivers/STM32L4xx_HAL_Driver/Src/stm32l4xx_hal.o
                0x0000000020000014                uwTickPrio
 .data.Stat     0x0000000020000018        0x1 ./FATFS/Target/user_diskio.o
 *fill*         0x0000000020000019        0x3 
 .data.USER_Driver
                0x000000002000001c       0x14 ./FATFS/Target/user_diskio.o
                0x000000002000001c                USER_Driver
 .data.uxCriticalNesting
                0x0000000020000030        0x4 ./Middlewares/Third_Party/FreeRTOS/Source/portable/GCC/ARM_CM4F/port.o
 .data._impure_data
                0x0000000020000034       0x4c C:/ST/STM32CubeIDE_1.12.1/STM32CubeIDE/plugins/com.st.stm32cube.ide.mcu.externaltools.gnu-tools-for-stm32.11.3.rel1.win32_1.1.0.202305231506/tools/bin/../lib/gcc/arm-none-eabi/11.3.1/../../../../arm-none-eabi/lib/thumb/v7e-m+fp/hard\libc_nano.a(libc_a-impure.o)
                0x0000000020000034                _impure_data
 .data._impure_ptr
                0x0000000020000080        0x4 C:/ST/STM32CubeIDE_1.12.1/STM32CubeIDE/plugins/com.st.stm32cube.ide.mcu.externaltools.gnu-tools-for-stm32.11.3.rel1.win32_1.1.0.202305231506/tools/bin/../lib/gcc/arm-none-eabi/11.3.1/../../../../arm-none-eabi/lib/thumb/v7e-m+fp/hard\libc_nano.a(libc_a-impure.o)
                0x0000000020000080                _impure_ptr
 *(.RamFunc)
 *(.RamFunc*)
                0x0000000020000084                . = ALIGN (0x4)
                0x0000000020000084                _edata = .

.igot.plt       0x0000000020000084        0x0 load address 0x0000000008007270
 .igot.plt      0x0000000020000084        0x0 C:/ST/STM32CubeIDE_1.12.1/STM32CubeIDE/plugins/com.st.stm32cube.ide.mcu.externaltools.gnu-tools-for-stm32.11.3.rel1.win32_1.1.0.202305231506/tools/bin/../lib/gcc/arm-none-eabi/11.3.1/thumb/v7e-m+fp/hard/crtbegin.o
                0x0000000020000084                . = ALIGN (0x4)

.bss            0x0000000020000084     0x9f50 load address 0x0000000008007270
                0x0000000020000084                _sbss = .
                0x0000000020000084                __bss_start__ = _sbss
 *(.bss)
 .bss           0x0000000020000084       0x1c C:/ST/STM32CubeIDE_1.12.1/STM32CubeIDE/plugins/com.st.stm32cube.ide.mcu.externaltools.gnu-tools-for-stm32.11.3.rel1.win32_1.1.0.202305231506/tools/bin/../lib/gcc/arm-none-eabi/11.3.1/thumb/v7e-m+fp/hard/crtbegin.o
 *(.bss*)
 .bss.current_x
                0x00000000200000a0        0x4 ./Core/Src/Movement.o
                0x00000000200000a0                current_x
 .bss.current_y
                0x00000000200000a4        0x4 ./Core/Src/Movement.o
                0x00000000200000a4                current_y
 .bss.extrusion_on
                0x00000000200000a8        0x1 ./Core/Src/Movement.o
                0x00000000200000a8                extrusion_on
 *fill*         0x00000000200000a9        0x3 
 .bss.htime     0x00000000200000ac        0x4 ./Core/Src/Movement.o
                0x00000000200000ac                htime
 .bss.commandQueueHandle
                0x00000000200000b0        0x4 ./Core/Src/main.o
                0x00000000200000b0                commandQueueHandle
 .bss.commandTaskHandle
                0x00000000200000b4        0x4 ./Core/Src/main.o
                0x00000000200000b4                commandTaskHandle
 .bss.defaultTaskHandle
                0x00000000200000b8        0x4 ./Core/Src/main.o
                0x00000000200000b8                defaultTaskHandle
 .bss.extruderTaskHandle
                0x00000000200000bc        0x4 ./Core/Src/main.o
                0x00000000200000bc                extruderTaskHandle
 .bss.hspi1     0x00000000200000c0       0x64 ./Core/Src/main.o
                0x00000000200000c0                hspi1
 .bss.htim1     0x0000000020000124       0x4c ./Core/Src/main.o
                0x0000000020000124                htim1
 .bss.huart2    0x0000000020000170       0x88 ./Core/Src/main.o
                0x0000000020000170                huart2
 .bss.menuTaskHandle
                0x00000000200001f8        0x4 ./Core/Src/main.o
                0x00000000200001f8                menuTaskHandle
 .bss.parserTaskHandle
                0x00000000200001fc        0x4 ./Core/Src/main.o
                0x00000000200001fc                parserTaskHandle
 .bss.sdcardTaskHandle
                0x0000000020000200        0x4 ./Core/Src/main.o
                0x0000000020000200                sdcardTaskHandle
 .bss.FatFs     0x0000000020000204      0x234 ./Core/Src/sdcard.o
                0x0000000020000204                FatFs
 .bss.buffer.0  0x0000000020000438      0x100 ./Core/Src/sdcard.o
 .bss.fil       0x0000000020000538      0x230 ./Core/Src/sdcard.o
                0x0000000020000538                fil
 .bss.fres      0x0000000020000768        0x1 ./Core/Src/sdcard.o
                0x0000000020000768                fres
 *fill*         0x0000000020000769        0x3 
 .bss.huart2    0x000000002000076c       0x88 ./Core/Src/sdcard.o
 .bss.queue     0x00000000200007f4     0x7530 ./Core/Src/sdcard.o
                0x00000000200007f4                queue
 .bss.queueRear
                0x0000000020007d24        0x1 ./Core/Src/sdcard.o
                0x0000000020007d24                queueRear
 *fill*         0x0000000020007d25        0x3 
 .bss.htim2     0x0000000020007d28       0x4c ./Core/Src/stm32l4xx_hal_timebase_tim.o
                0x0000000020007d28                htim2
 .bss.__sbrk_heap_end
                0x0000000020007d74        0x4 ./Core/Src/sysmem.o
 .bss.uwTick    0x0000000020007d78        0x4 ./Drivers/STM32L4xx_HAL_Driver/Src/stm32l4xx_hal.o
                0x0000000020007d78                uwTick
 .bss.USERPath  0x0000000020007d7c        0x4 ./FATFS/App/fatfs.o
                0x0000000020007d7c                USERPath
 .bss.retUSER   0x0000000020007d80        0x1 ./FATFS/App/fatfs.o
                0x0000000020007d80                retUSER
 *fill*         0x0000000020007d81        0x3 
 .bss.FatFs     0x0000000020007d84        0x4 ./Middlewares/Third_Party/FatFs/src/ff.o
 .bss.Files     0x0000000020007d88       0x20 ./Middlewares/Third_Party/FatFs/src/ff.o
 .bss.Fsid      0x0000000020007da8        0x2 ./Middlewares/Third_Party/FatFs/src/ff.o
 *fill*         0x0000000020007daa        0x2 
 .bss.disk      0x0000000020007dac        0xc ./Middlewares/Third_Party/FatFs/src/ff_gen_drv.o
                0x0000000020007dac                disk
 .bss.Idle_Stack.2
                0x0000000020007db8      0x200 ./Middlewares/Third_Party/FreeRTOS/Source/CMSIS_RTOS_V2/cmsis_os2.o
 .bss.Idle_TCB.3
                0x0000000020007fb8       0x5c ./Middlewares/Third_Party/FreeRTOS/Source/CMSIS_RTOS_V2/cmsis_os2.o
 .bss.KernelState
                0x0000000020008014        0x4 ./Middlewares/Third_Party/FreeRTOS/Source/CMSIS_RTOS_V2/cmsis_os2.o
 .bss.Timer_Stack.0
                0x0000000020008018      0x400 ./Middlewares/Third_Party/FreeRTOS/Source/CMSIS_RTOS_V2/cmsis_os2.o
 .bss.Timer_TCB.1
                0x0000000020008418       0x5c ./Middlewares/Third_Party/FreeRTOS/Source/CMSIS_RTOS_V2/cmsis_os2.o
 .bss.xQueueRegistry
                0x0000000020008474       0x40 ./Middlewares/Third_Party/FreeRTOS/Source/queue.o
                0x0000000020008474                xQueueRegistry
 .bss.pxCurrentTCB
                0x00000000200084b4        0x4 ./Middlewares/Third_Party/FreeRTOS/Source/tasks.o
                0x00000000200084b4                pxCurrentTCB
 .bss.pxDelayedTaskList
                0x00000000200084b8        0x4 ./Middlewares/Third_Party/FreeRTOS/Source/tasks.o
 .bss.pxOverflowDelayedTaskList
                0x00000000200084bc        0x4 ./Middlewares/Third_Party/FreeRTOS/Source/tasks.o
 .bss.pxReadyTasksLists
                0x00000000200084c0      0x460 ./Middlewares/Third_Party/FreeRTOS/Source/tasks.o
 .bss.uxCurrentNumberOfTasks
                0x0000000020008920        0x4 ./Middlewares/Third_Party/FreeRTOS/Source/tasks.o
 .bss.uxDeletedTasksWaitingCleanUp
                0x0000000020008924        0x4 ./Middlewares/Third_Party/FreeRTOS/Source/tasks.o
 .bss.uxSchedulerSuspended
                0x0000000020008928        0x4 ./Middlewares/Third_Party/FreeRTOS/Source/tasks.o
 .bss.uxTaskNumber
                0x000000002000892c        0x4 ./Middlewares/Third_Party/FreeRTOS/Source/tasks.o
 .bss.uxTopReadyPriority
                0x0000000020008930        0x4 ./Middlewares/Third_Party/FreeRTOS/Source/tasks.o
 .bss.xDelayedTaskList1
                0x0000000020008934       0x14 ./Middlewares/Third_Party/FreeRTOS/Source/tasks.o
 .bss.xDelayedTaskList2
                0x0000000020008948       0x14 ./Middlewares/Third_Party/FreeRTOS/Source/tasks.o
 .bss.xNextTaskUnblockTime
                0x000000002000895c        0x4 ./Middlewares/Third_Party/FreeRTOS/Source/tasks.o
 .bss.xNumOfOverflows
                0x0000000020008960        0x4 ./Middlewares/Third_Party/FreeRTOS/Source/tasks.o
 .bss.xPendedTicks
                0x0000000020008964        0x4 ./Middlewares/Third_Party/FreeRTOS/Source/tasks.o
 .bss.xPendingReadyList
                0x0000000020008968       0x14 ./Middlewares/Third_Party/FreeRTOS/Source/tasks.o
 .bss.xSchedulerRunning
                0x000000002000897c        0x4 ./Middlewares/Third_Party/FreeRTOS/Source/tasks.o
 .bss.xSuspendedTaskList
                0x0000000020008980       0x14 ./Middlewares/Third_Party/FreeRTOS/Source/tasks.o
 .bss.xTasksWaitingTermination
                0x0000000020008994       0x14 ./Middlewares/Third_Party/FreeRTOS/Source/tasks.o
 .bss.xTickCount
                0x00000000200089a8        0x4 ./Middlewares/Third_Party/FreeRTOS/Source/tasks.o
 .bss.xYieldPending
                0x00000000200089ac        0x4 ./Middlewares/Third_Party/FreeRTOS/Source/tasks.o
 .bss.pxCurrentTimerList
                0x00000000200089b0        0x4 ./Middlewares/Third_Party/FreeRTOS/Source/timers.o
 .bss.pxOverflowTimerList
                0x00000000200089b4        0x4 ./Middlewares/Third_Party/FreeRTOS/Source/timers.o
 .bss.ucStaticTimerQueueStorage.1
                0x00000000200089b8       0xa0 ./Middlewares/Third_Party/FreeRTOS/Source/timers.o
 .bss.xActiveTimerList1
                0x0000000020008a58       0x14 ./Middlewares/Third_Party/FreeRTOS/Source/timers.o
 .bss.xActiveTimerList2
                0x0000000020008a6c       0x14 ./Middlewares/Third_Party/FreeRTOS/Source/timers.o
 .bss.xLastTime.2
                0x0000000020008a80        0x4 ./Middlewares/Third_Party/FreeRTOS/Source/timers.o
 .bss.xStaticTimerQueue.0
                0x0000000020008a84       0x50 ./Middlewares/Third_Party/FreeRTOS/Source/timers.o
 .bss.xTimerQueue
                0x0000000020008ad4        0x4 ./Middlewares/Third_Party/FreeRTOS/Source/timers.o
 .bss.xTimerTaskHandle
                0x0000000020008ad8        0x4 ./Middlewares/Third_Party/FreeRTOS/Source/timers.o
 .bss.ucMaxSysCallPriority
                0x0000000020008adc        0x1 ./Middlewares/Third_Party/FreeRTOS/Source/portable/GCC/ARM_CM4F/port.o
 *fill*         0x0000000020008add        0x3 
 .bss.ulMaxPRIGROUPValue
                0x0000000020008ae0        0x4 ./Middlewares/Third_Party/FreeRTOS/Source/portable/GCC/ARM_CM4F/port.o
 .bss.pxEnd     0x0000000020008ae4        0x4 ./Middlewares/Third_Party/FreeRTOS/Source/portable/MemMang/heap_4.o
 .bss.ucHeap    0x0000000020008ae8     0x1388 ./Middlewares/Third_Party/FreeRTOS/Source/portable/MemMang/heap_4.o
 .bss.xBlockAllocatedBit
                0x0000000020009e70        0x4 ./Middlewares/Third_Party/FreeRTOS/Source/portable/MemMang/heap_4.o
 .bss.xFreeBytesRemaining
                0x0000000020009e74        0x4 ./Middlewares/Third_Party/FreeRTOS/Source/portable/MemMang/heap_4.o
 .bss.xMinimumEverFreeBytesRemaining
                0x0000000020009e78        0x4 ./Middlewares/Third_Party/FreeRTOS/Source/portable/MemMang/heap_4.o
 .bss.xNumberOfSuccessfulAllocations
                0x0000000020009e7c        0x4 ./Middlewares/Third_Party/FreeRTOS/Source/portable/MemMang/heap_4.o
 .bss.xNumberOfSuccessfulFrees
                0x0000000020009e80        0x4 ./Middlewares/Third_Party/FreeRTOS/Source/portable/MemMang/heap_4.o
 .bss.xStart    0x0000000020009e84        0x8 ./Middlewares/Third_Party/FreeRTOS/Source/portable/MemMang/heap_4.o
 .bss.__sf      0x0000000020009e8c      0x138 C:/ST/STM32CubeIDE_1.12.1/STM32CubeIDE/plugins/com.st.stm32cube.ide.mcu.externaltools.gnu-tools-for-stm32.11.3.rel1.win32_1.1.0.202305231506/tools/bin/../lib/gcc/arm-none-eabi/11.3.1/../../../../arm-none-eabi/lib/thumb/v7e-m+fp/hard\libc_nano.a(libc_a-findfp.o)
                0x0000000020009e8c                __sf
 .bss.errno     0x0000000020009fc4        0x4 C:/ST/STM32CubeIDE_1.12.1/STM32CubeIDE/plugins/com.st.stm32cube.ide.mcu.externaltools.gnu-tools-for-stm32.11.3.rel1.win32_1.1.0.202305231506/tools/bin/../lib/gcc/arm-none-eabi/11.3.1/../../../../arm-none-eabi/lib/thumb/v7e-m+fp/hard\libc_nano.a(libc_a-reent.o)
                0x0000000020009fc4                errno
 .bss.__lock___malloc_recursive_mutex
                0x0000000020009fc8        0x1 C:/ST/STM32CubeIDE_1.12.1/STM32CubeIDE/plugins/com.st.stm32cube.ide.mcu.externaltools.gnu-tools-for-stm32.11.3.rel1.win32_1.1.0.202305231506/tools/bin/../lib/gcc/arm-none-eabi/11.3.1/../../../../arm-none-eabi/lib/thumb/v7e-m+fp/hard\libc_nano.a(libc_a-lock.o)
                0x0000000020009fc8                __lock___malloc_recursive_mutex
 *fill*         0x0000000020009fc9        0x3 
 .bss.__malloc_free_list
                0x0000000020009fcc        0x4 C:/ST/STM32CubeIDE_1.12.1/STM32CubeIDE/plugins/com.st.stm32cube.ide.mcu.externaltools.gnu-tools-for-stm32.11.3.rel1.win32_1.1.0.202305231506/tools/bin/../lib/gcc/arm-none-eabi/11.3.1/../../../../arm-none-eabi/lib/thumb/v7e-m+fp/hard\libc_nano.a(libc_a-mallocr.o)
                0x0000000020009fcc                __malloc_free_list
 .bss.__malloc_sbrk_start
                0x0000000020009fd0        0x4 C:/ST/STM32CubeIDE_1.12.1/STM32CubeIDE/plugins/com.st.stm32cube.ide.mcu.externaltools.gnu-tools-for-stm32.11.3.rel1.win32_1.1.0.202305231506/tools/bin/../lib/gcc/arm-none-eabi/11.3.1/../../../../arm-none-eabi/lib/thumb/v7e-m+fp/hard\libc_nano.a(libc_a-mallocr.o)
                0x0000000020009fd0                __malloc_sbrk_start
 *(COMMON)
                0x0000000020009fd4                . = ALIGN (0x4)
                0x0000000020009fd4                _ebss = .
                0x0000000020009fd4                __bss_end__ = _ebss

._user_heap_stack
                0x0000000020009fd4      0x604 load address 0x0000000008007270
                0x0000000020009fd8                . = ALIGN (0x8)
 *fill*         0x0000000020009fd4        0x4 
                [!provide]                        PROVIDE (end = .)
                0x0000000020009fd8                PROVIDE (_end = .)
                0x000000002000a1d8                . = (. + _Min_Heap_Size)
 *fill*         0x0000000020009fd8      0x200 
                0x000000002000a5d8                . = (. + _Min_Stack_Size)
 *fill*         0x000000002000a1d8      0x400 
                0x000000002000a5d8                . = ALIGN (0x8)

/DISCARD/
 libc.a(*)
 libm.a(*)
 libgcc.a(*)

.ARM.attributes
                0x0000000000000000       0x30
 *(.ARM.attributes)
 .ARM.attributes
                0x0000000000000000       0x1e C:/ST/STM32CubeIDE_1.12.1/STM32CubeIDE/plugins/com.st.stm32cube.ide.mcu.externaltools.gnu-tools-for-stm32.11.3.rel1.win32_1.1.0.202305231506/tools/bin/../lib/gcc/arm-none-eabi/11.3.1/thumb/v7e-m+fp/hard/crti.o
 .ARM.attributes
                0x000000000000001e       0x34 C:/ST/STM32CubeIDE_1.12.1/STM32CubeIDE/plugins/com.st.stm32cube.ide.mcu.externaltools.gnu-tools-for-stm32.11.3.rel1.win32_1.1.0.202305231506/tools/bin/../lib/gcc/arm-none-eabi/11.3.1/thumb/v7e-m+fp/hard/crtbegin.o
 .ARM.attributes
                0x0000000000000052       0x34 ./Core/Src/Movement.o
 .ARM.attributes
                0x0000000000000086       0x34 ./Core/Src/main.o
 .ARM.attributes
                0x00000000000000ba       0x34 ./Core/Src/sdcard.o
 .ARM.attributes
                0x00000000000000ee       0x34 ./Core/Src/stm32l4xx_hal_msp.o
 .ARM.attributes
                0x0000000000000122       0x34 ./Core/Src/stm32l4xx_hal_timebase_tim.o
 .ARM.attributes
                0x0000000000000156       0x34 ./Core/Src/stm32l4xx_it.o
 .ARM.attributes
                0x000000000000018a       0x34 ./Core/Src/sysmem.o
 .ARM.attributes
                0x00000000000001be       0x34 ./Core/Src/system_stm32l4xx.o
 .ARM.attributes
                0x00000000000001f2       0x21 ./Core/Startup/startup_stm32l476rgtx.o
 .ARM.attributes
                0x0000000000000213       0x34 ./Drivers/STM32L4xx_HAL_Driver/Src/stm32l4xx_hal.o
 .ARM.attributes
                0x0000000000000247       0x34 ./Drivers/STM32L4xx_HAL_Driver/Src/stm32l4xx_hal_cortex.o
 .ARM.attributes
                0x000000000000027b       0x34 ./Drivers/STM32L4xx_HAL_Driver/Src/stm32l4xx_hal_gpio.o
 .ARM.attributes
                0x00000000000002af       0x34 ./Drivers/STM32L4xx_HAL_Driver/Src/stm32l4xx_hal_pwr_ex.o
 .ARM.attributes
                0x00000000000002e3       0x34 ./Drivers/STM32L4xx_HAL_Driver/Src/stm32l4xx_hal_rcc.o
 .ARM.attributes
                0x0000000000000317       0x34 ./Drivers/STM32L4xx_HAL_Driver/Src/stm32l4xx_hal_rcc_ex.o
 .ARM.attributes
                0x000000000000034b       0x34 ./Drivers/STM32L4xx_HAL_Driver/Src/stm32l4xx_hal_spi.o
 .ARM.attributes
                0x000000000000037f       0x34 ./Drivers/STM32L4xx_HAL_Driver/Src/stm32l4xx_hal_tim.o
 .ARM.attributes
                0x00000000000003b3       0x34 ./Drivers/STM32L4xx_HAL_Driver/Src/stm32l4xx_hal_tim_ex.o
 .ARM.attributes
                0x00000000000003e7       0x34 ./Drivers/STM32L4xx_HAL_Driver/Src/stm32l4xx_hal_uart.o
 .ARM.attributes
                0x000000000000041b       0x34 ./FATFS/App/fatfs.o
 .ARM.attributes
                0x000000000000044f       0x34 ./FATFS/Target/user_diskio.o
 .ARM.attributes
                0x0000000000000483       0x34 ./Middlewares/Third_Party/FatFs/src/diskio.o
 .ARM.attributes
                0x00000000000004b7       0x34 ./Middlewares/Third_Party/FatFs/src/ff.o
 .ARM.attributes
                0x00000000000004eb       0x34 ./Middlewares/Third_Party/FatFs/src/ff_gen_drv.o
 .ARM.attributes
                0x000000000000051f       0x34 ./Middlewares/Third_Party/FatFs/src/option/syscall.o
 .ARM.attributes
                0x0000000000000553       0x34 ./Middlewares/Third_Party/FreeRTOS/Source/CMSIS_RTOS_V2/cmsis_os2.o
 .ARM.attributes
                0x0000000000000587       0x34 ./Middlewares/Third_Party/FreeRTOS/Source/list.o
 .ARM.attributes
                0x00000000000005bb       0x34 ./Middlewares/Third_Party/FreeRTOS/Source/queue.o
 .ARM.attributes
                0x00000000000005ef       0x34 ./Middlewares/Third_Party/FreeRTOS/Source/tasks.o
 .ARM.attributes
                0x0000000000000623       0x34 ./Middlewares/Third_Party/FreeRTOS/Source/timers.o
 .ARM.attributes
                0x0000000000000657       0x34 ./Middlewares/Third_Party/FreeRTOS/Source/portable/GCC/ARM_CM4F/port.o
 .ARM.attributes
                0x000000000000068b       0x34 ./Middlewares/Third_Party/FreeRTOS/Source/portable/MemMang/heap_4.o
 .ARM.attributes
                0x00000000000006bf       0x34 C:/ST/STM32CubeIDE_1.12.1/STM32CubeIDE/plugins/com.st.stm32cube.ide.mcu.externaltools.gnu-tools-for-stm32.11.3.rel1.win32_1.1.0.202305231506/tools/bin/../lib/gcc/arm-none-eabi/11.3.1/../../../../arm-none-eabi/lib/thumb/v7e-m+fp/hard\libc_nano.a(libc_a-findfp.o)
 .ARM.attributes
                0x00000000000006f3       0x34 C:/ST/STM32CubeIDE_1.12.1/STM32CubeIDE/plugins/com.st.stm32cube.ide.mcu.externaltools.gnu-tools-for-stm32.11.3.rel1.win32_1.1.0.202305231506/tools/bin/../lib/gcc/arm-none-eabi/11.3.1/../../../../arm-none-eabi/lib/thumb/v7e-m+fp/hard\libc_nano.a(libc_a-vsnprintf.o)
 .ARM.attributes
                0x0000000000000727       0x34 C:/ST/STM32CubeIDE_1.12.1/STM32CubeIDE/plugins/com.st.stm32cube.ide.mcu.externaltools.gnu-tools-for-stm32.11.3.rel1.win32_1.1.0.202305231506/tools/bin/../lib/gcc/arm-none-eabi/11.3.1/../../../../arm-none-eabi/lib/thumb/v7e-m+fp/hard\libc_nano.a(libc_a-memset.o)
 .ARM.attributes
                0x000000000000075b       0x34 C:/ST/STM32CubeIDE_1.12.1/STM32CubeIDE/plugins/com.st.stm32cube.ide.mcu.externaltools.gnu-tools-for-stm32.11.3.rel1.win32_1.1.0.202305231506/tools/bin/../lib/gcc/arm-none-eabi/11.3.1/../../../../arm-none-eabi/lib/thumb/v7e-m+fp/hard\libc_nano.a(libc_a-strncpy.o)
 .ARM.attributes
                0x000000000000078f       0x34 C:/ST/STM32CubeIDE_1.12.1/STM32CubeIDE/plugins/com.st.stm32cube.ide.mcu.externaltools.gnu-tools-for-stm32.11.3.rel1.win32_1.1.0.202305231506/tools/bin/../lib/gcc/arm-none-eabi/11.3.1/../../../../arm-none-eabi/lib/thumb/v7e-m+fp/hard\libc_nano.a(libc_a-reent.o)
 .ARM.attributes
                0x00000000000007c3       0x34 C:/ST/STM32CubeIDE_1.12.1/STM32CubeIDE/plugins/com.st.stm32cube.ide.mcu.externaltools.gnu-tools-for-stm32.11.3.rel1.win32_1.1.0.202305231506/tools/bin/../lib/gcc/arm-none-eabi/11.3.1/../../../../arm-none-eabi/lib/thumb/v7e-m+fp/hard\libc_nano.a(libc_a-impure.o)
 .ARM.attributes
                0x00000000000007f7       0x34 C:/ST/STM32CubeIDE_1.12.1/STM32CubeIDE/plugins/com.st.stm32cube.ide.mcu.externaltools.gnu-tools-for-stm32.11.3.rel1.win32_1.1.0.202305231506/tools/bin/../lib/gcc/arm-none-eabi/11.3.1/../../../../arm-none-eabi/lib/thumb/v7e-m+fp/hard\libc_nano.a(libc_a-errno.o)
 .ARM.attributes
                0x000000000000082b       0x34 C:/ST/STM32CubeIDE_1.12.1/STM32CubeIDE/plugins/com.st.stm32cube.ide.mcu.externaltools.gnu-tools-for-stm32.11.3.rel1.win32_1.1.0.202305231506/tools/bin/../lib/gcc/arm-none-eabi/11.3.1/../../../../arm-none-eabi/lib/thumb/v7e-m+fp/hard\libc_nano.a(libc_a-init.o)
 .ARM.attributes
                0x000000000000085f       0x34 C:/ST/STM32CubeIDE_1.12.1/STM32CubeIDE/plugins/com.st.stm32cube.ide.mcu.externaltools.gnu-tools-for-stm32.11.3.rel1.win32_1.1.0.202305231506/tools/bin/../lib/gcc/arm-none-eabi/11.3.1/../../../../arm-none-eabi/lib/thumb/v7e-m+fp/hard\libc_nano.a(libc_a-lock.o)
 .ARM.attributes
                0x0000000000000893       0x34 C:/ST/STM32CubeIDE_1.12.1/STM32CubeIDE/plugins/com.st.stm32cube.ide.mcu.externaltools.gnu-tools-for-stm32.11.3.rel1.win32_1.1.0.202305231506/tools/bin/../lib/gcc/arm-none-eabi/11.3.1/../../../../arm-none-eabi/lib/thumb/v7e-m+fp/hard\libc_nano.a(libc_a-memcpy-stub.o)
 .ARM.attributes
                0x00000000000008c7       0x17 C:/ST/STM32CubeIDE_1.12.1/STM32CubeIDE/plugins/com.st.stm32cube.ide.mcu.externaltools.gnu-tools-for-stm32.11.3.rel1.win32_1.1.0.202305231506/tools/bin/../lib/gcc/arm-none-eabi/11.3.1/../../../../arm-none-eabi/lib/thumb/v7e-m+fp/hard\libc_nano.a(libc_a-strlen.o)
 .ARM.attributes
                0x00000000000008de       0x34 C:/ST/STM32CubeIDE_1.12.1/STM32CubeIDE/plugins/com.st.stm32cube.ide.mcu.externaltools.gnu-tools-for-stm32.11.3.rel1.win32_1.1.0.202305231506/tools/bin/../lib/gcc/arm-none-eabi/11.3.1/../../../../arm-none-eabi/lib/thumb/v7e-m+fp/hard\libc_nano.a(libc_a-freer.o)
 .ARM.attributes